// Vitest Snapshot v1, https://vitest.dev/guide/snapshot.html

exports[`outputs correct code style 1`] = `
"import type * as prismic from \\"@prismicio/types\\";
import type * as prismicClient from \\"@prismicio/client\\";

type Simplify<T> = { [KeyType in keyof T]: T[KeyType] };

/**
 * Item in *Eget → Dolor*
 */
export interface EgetDocumentDataGroupItem {
	/**
	 * Sit field in *Eget → Dolor*
	 *
	 * - **Field Type**: Boolean
	 * - **Placeholder**: *None*
	 * - **API ID Path**: eget.group[].urna
	 * - **Documentation**: https://prismic.io/docs/field#boolean
	 */
	urna: prismic.BooleanField;
	
	/**
	 * Orci field in *Eget → Dolor*
	 *
	 * - **Field Type**: Color
	 * - **Placeholder**: Habitasse platea dictumst
	 * - **API ID Path**: eget.group[].dolor
	 * - **Documentation**: https://prismic.io/docs/field#color
	 */
	dolor: prismic.ColorField;
	
	/**
	 * Risus field in *Eget → Dolor*
	 *
	 * - **Field Type**: Content Relationship
	 * - **Placeholder**: Maecenas sed enim
	 * - **API ID Path**: eget.group[].diam
	 * - **Documentation**: https://prismic.io/docs/field#link-content-relationship
	 */
	diam: prismic.ContentRelationshipField;
	
	/**
	 * Urna field in *Eget → Dolor*
	 *
	 * - **Field Type**: Date
	 * - **Placeholder**: Nulla porttitor massa
	 * - **API ID Path**: eget.group[].platea
	 * - **Documentation**: https://prismic.io/docs/field#date
	 */
	platea: prismic.DateField;
	
	/**
	 * Ultrices field in *Eget → Dolor*
	 *
	 * - **Field Type**: GeoPoint
	 * - **Placeholder**: *None*
	 * - **API ID Path**: eget.group[].ut
	 * - **Documentation**: https://prismic.io/docs/field#geopoint
	 */
	ut: prismic.GeoPointField;
	
	/**
	 * Metus field in *Eget → Dolor*
	 *
	 * - **Field Type**: Image
	 * - **Placeholder**: *None*
	 * - **API ID Path**: eget.group[].nunc_sed
	 * - **Documentation**: https://prismic.io/docs/field#image
	 */
	nunc_sed: prismic.ImageField<never>;
	
	/**
	 * Nunc field in *Eget → Dolor*
	 *
	 * - **Field Type**: Link
	 * - **Placeholder**: In nisl nisi
	 * - **API ID Path**: eget.group[].facilisi_cras
	 * - **Documentation**: https://prismic.io/docs/field#link-content-relationship
	 */
	facilisi_cras: prismic.LinkField;
	
	/**
	 * Et field in *Eget → Dolor*
	 *
	 * - **Field Type**: Select
	 * - **Placeholder**: Nam at lectus
	 * - **API ID Path**: eget.group[].sed
	 * - **Documentation**: https://prismic.io/docs/field#select
	 */
	sed: prismic.SelectField;
	
	/**
	 * Tempus field in *Eget → Dolor*
	 *
	 * - **Field Type**: Timestamp
	 * - **Placeholder**: Viverra accumsan in
	 * - **API ID Path**: eget.group[].duis
	 * - **Documentation**: https://prismic.io/docs/field#timestamp
	 */
	duis: prismic.TimestampField;
}

/**
 * Primary content in *Eget → Slice zone → Vitae Suscipit → Primary*
 */
export interface EgetDocumentDataSliceZoneFooSlicePrimary {
	/**
	 * Facilisi field in *Eget → Slice zone → Vitae Suscipit → Primary*
	 *
	 * - **Field Type**: Boolean
	 * - **Placeholder**: *None*
	 * - **API ID Path**: eget.sliceZone[].foo.primary.aliquet
	 * - **Documentation**: https://prismic.io/docs/field#boolean
	 */
	aliquet: prismic.BooleanField;
	
	/**
	 * Lacus field in *Eget → Slice zone → Vitae Suscipit → Primary*
	 *
	 * - **Field Type**: Content Relationship
	 * - **Placeholder**: Suscipit tellus mauris
	 * - **API ID Path**: eget.sliceZone[].foo.primary.ultricies
	 * - **Documentation**: https://prismic.io/docs/field#link-content-relationship
	 */
	ultricies: prismic.ContentRelationshipField;
	
	/**
	 * Tempor field in *Eget → Slice zone → Vitae Suscipit → Primary*
	 *
	 * - **Field Type**: Date
	 * - **Placeholder**: Sed tempus urna
	 * - **API ID Path**: eget.sliceZone[].foo.primary.sed
	 * - **Documentation**: https://prismic.io/docs/field#date
	 */
	sed: prismic.DateField;
	
	/**
	 * Arcu field in *Eget → Slice zone → Vitae Suscipit → Primary*
	 *
	 * - **Field Type**: Image
	 * - **Placeholder**: *None*
	 * - **API ID Path**: eget.sliceZone[].foo.primary.nisl
	 * - **Documentation**: https://prismic.io/docs/field#image
	 */
	nisl: prismic.ImageField<never>;
	
	/**
	 * Id field in *Eget → Slice zone → Vitae Suscipit → Primary*
	 *
	 * - **Field Type**: Integration Fields (Catalog: \`accumsan_sit\`)
	 * - **Placeholder**: *None*
	 * - **API ID Path**: eget.sliceZone[].foo.primary.viverra_orci
	 * - **Documentation**: https://prismic.io/docs/field#integration
	 */
	viverra_orci: prismic.IntegrationField;
	
	/**
	 * Gravida field in *Eget → Slice zone → Vitae Suscipit → Primary*
	 *
	 * - **Field Type**: Text
	 * - **Placeholder**: Amet aliquam id
	 * - **API ID Path**: eget.sliceZone[].foo.primary.pellentesque_id
	 * - **Documentation**: https://prismic.io/docs/field#key-text
	 */
	pellentesque_id: prismic.KeyTextField;
}

/**
 * Item content in *Eget → Slice zone → Vitae Suscipit → Items*
 */
export interface EgetDocumentDataSliceZoneFooSliceItem {
	/**
	 * Sit field in *Eget → Slice zone → Vitae Suscipit → Items*
	 *
	 * - **Field Type**: Content Relationship
	 * - **Placeholder**: Euismod quis viverra
	 * - **API ID Path**: eget.sliceZone[].foo.items.sit_amet
	 * - **Documentation**: https://prismic.io/docs/field#link-content-relationship
	 */
	sit_amet: prismic.ContentRelationshipField;
	
	/**
	 * Gravida field in *Eget → Slice zone → Vitae Suscipit → Items*
	 *
	 * - **Field Type**: Date
	 * - **Placeholder**: A condimentum vitae
	 * - **API ID Path**: eget.sliceZone[].foo.items.a
	 * - **Documentation**: https://prismic.io/docs/field#date
	 */
	a: prismic.DateField;
	
	/**
	 * Nisl field in *Eget → Slice zone → Vitae Suscipit → Items*
	 *
	 * - **Field Type**: Embed
	 * - **Placeholder**: Vel eros donec
	 * - **API ID Path**: eget.sliceZone[].foo.items.dolor_morbi
	 * - **Documentation**: https://prismic.io/docs/field#embed
	 */
	dolor_morbi: prismic.EmbedField
	
	/**
	 * Venenatis field in *Eget → Slice zone → Vitae Suscipit → Items*
	 *
	 * - **Field Type**: GeoPoint
	 * - **Placeholder**: *None*
	 * - **API ID Path**: eget.sliceZone[].foo.items.tristique
	 * - **Documentation**: https://prismic.io/docs/field#geopoint
	 */
	tristique: prismic.GeoPointField;
	
	/**
	 * Aliquet field in *Eget → Slice zone → Vitae Suscipit → Items*
	 *
	 * - **Field Type**: Image
	 * - **Placeholder**: *None*
	 * - **API ID Path**: eget.sliceZone[].foo.items.risus
	 * - **Documentation**: https://prismic.io/docs/field#image
	 */
	risus: prismic.ImageField<never>;
	
	/**
	 * Ullamcorper field in *Eget → Slice zone → Vitae Suscipit → Items*
	 *
	 * - **Field Type**: Text
	 * - **Placeholder**: Diam maecenas sed
	 * - **API ID Path**: eget.sliceZone[].foo.items.viverra
	 * - **Documentation**: https://prismic.io/docs/field#key-text
	 */
	viverra: prismic.KeyTextField;
	
	/**
	 * Pretium field in *Eget → Slice zone → Vitae Suscipit → Items*
	 *
	 * - **Field Type**: Link to Media
	 * - **Placeholder**: Ipsum nunc aliquet
	 * - **API ID Path**: eget.sliceZone[].foo.items.quam_vulputate
	 * - **Documentation**: https://prismic.io/docs/field#link-content-relationship
	 */
	quam_vulputate: prismic.LinkToMediaField;
	
	/**
	 * Suspendisse field in *Eget → Slice zone → Vitae Suscipit → Items*
	 *
	 * - **Field Type**: Title
	 * - **Placeholder**: Ut pharetra sit
	 * - **API ID Path**: eget.sliceZone[].foo.items.nunc
	 * - **Documentation**: https://prismic.io/docs/field#rich-text-title
	 */
	nunc: prismic.TitleField;
}

/**
 * Slice for *Eget → Slice zone*
 */
export type EgetDocumentDataSliceZoneFooSlice = prismic.Slice<\\"foo\\", Simplify<EgetDocumentDataSliceZoneFooSlicePrimary>, Simplify<EgetDocumentDataSliceZoneFooSliceItem>>

type EgetDocumentDataSliceZoneSlice = EgetDocumentDataSliceZoneFooSlice

/**
 * Content for Eget documents
 */
interface EgetDocumentData {
	/**
	 * Cras field in *Eget*
	 *
	 * - **Field Type**: Color
	 * - **Placeholder**: Turpis egestas sed
	 * - **API ID Path**: eget.ut_eu
	 * - **Tab**: Main
	 * - **Documentation**: https://prismic.io/docs/field#color
	 */
	ut_eu: prismic.ColorField;
	
	/**
	 * Sed field in *Eget*
	 *
	 * - **Field Type**: Content Relationship
	 * - **Placeholder**: Scelerisque felis imperdiet
	 * - **API ID Path**: eget.dictum
	 * - **Tab**: Main
	 * - **Documentation**: https://prismic.io/docs/field#link-content-relationship
	 */
	dictum: prismic.ContentRelationshipField;
	
	/**
	 * Magna field in *Eget*
	 *
	 * - **Field Type**: Image
	 * - **Placeholder**: *None*
	 * - **API ID Path**: eget.maecenas_sed
	 * - **Tab**: Main
	 * - **Documentation**: https://prismic.io/docs/field#image
	 */
	maecenas_sed: prismic.ImageField<never>;
	
	/**
	 * Vulputate field in *Eget*
	 *
	 * - **Field Type**: Integration Fields (Catalog: \`gravida_cum\`)
	 * - **Placeholder**: *None*
	 * - **API ID Path**: eget.nisl
	 * - **Tab**: Main
	 * - **Documentation**: https://prismic.io/docs/field#integration
	 */
	nisl: prismic.IntegrationField;
	
	/**
	 * Nisl field in *Eget*
	 *
	 * - **Field Type**: Text
	 * - **Placeholder**: Natoque penatibus et
	 * - **API ID Path**: eget.mauris_ultrices
	 * - **Tab**: Main
	 * - **Documentation**: https://prismic.io/docs/field#key-text
	 */
	mauris_ultrices: prismic.KeyTextField;
	
	/**
	 * Nulla field in *Eget*
	 *
	 * - **Field Type**: Link
	 * - **Placeholder**: Dignissim cras tincidunt
	 * - **API ID Path**: eget.aliquam_sem
	 * - **Tab**: Main
	 * - **Documentation**: https://prismic.io/docs/field#link-content-relationship
	 */
	aliquam_sem: prismic.LinkField;
	
	/**
	 * Luctus field in *Eget*
	 *
	 * - **Field Type**: Select
	 * - **Placeholder**: Imperdiet dui accumsan
	 * - **API ID Path**: eget.ut
	 * - **Tab**: Main
	 * - **Documentation**: https://prismic.io/docs/field#select
	 */
	ut: prismic.SelectField;
	
	/**
	 * Tellus field in *Eget*
	 *
	 * - **Field Type**: Timestamp
	 * - **Placeholder**: Sagittis vitae et
	 * - **API ID Path**: eget.vitae_proin
	 * - **Tab**: Main
	 * - **Documentation**: https://prismic.io/docs/field#timestamp
	 */
	vitae_proin: prismic.TimestampField;
	
	/**
	 * Eu field in *Eget*
	 *
	 * - **Field Type**: Title
	 * - **Placeholder**: Adipiscing enim eu
	 * - **API ID Path**: eget.dignissim
	 * - **Tab**: Main
	 * - **Documentation**: https://prismic.io/docs/field#rich-text-title
	 */
	dignissim: prismic.TitleField;
	
	/**
	 * Dolor field in *Eget*
	 *
	 * - **Field Type**: Group
	 * - **Placeholder**: *None*
	 * - **API ID Path**: eget.group[]
	 * - **Tab**: Main
	 * - **Documentation**: https://prismic.io/docs/field#group
	 */
	group: prismic.GroupField<Simplify<EgetDocumentDataGroupItem>>;
	
	/**
	 * Slice zone field in *Eget*
	 *
	 * - **Field Type**: Slice Zone
	 * - **Placeholder**: *None*
	 * - **API ID Path**: eget.sliceZone[]
	 * - **Tab**: Main
	 * - **Documentation**: https://prismic.io/docs/field#slices
	 */
	sliceZone: prismic.SliceZone<EgetDocumentDataSliceZoneSlice>;
}

/**
 * Eget document from Prismic
 *
 * - **API ID**: \`eget\`
 * - **Repeatable**: \`true\`
 * - **Documentation**: https://prismic.io/docs/custom-types
 *
 * @typeParam Lang - Language API ID of the document.
 */
export type EgetDocument<Lang extends string = string> = prismic.PrismicDocumentWithoutUID<Simplify<EgetDocumentData>, \\"eget\\", Lang>;

/**
 * Item in *Enim → Fringilla*
 */
export interface EnimDocumentDataGroupItem {
	/**
	 * Diam field in *Enim → Fringilla*
	 *
	 * - **Field Type**: Boolean
	 * - **Placeholder**: *None*
	 * - **API ID Path**: enim.group[].nisi
	 * - **Documentation**: https://prismic.io/docs/field#boolean
	 */
	nisi: prismic.BooleanField;
	
	/**
	 * Egestas field in *Enim → Fringilla*
	 *
	 * - **Field Type**: GeoPoint
	 * - **Placeholder**: *None*
	 * - **API ID Path**: enim.group[].faucibus
	 * - **Documentation**: https://prismic.io/docs/field#geopoint
	 */
	faucibus: prismic.GeoPointField;
	
	/**
	 * Arcu field in *Enim → Fringilla*
	 *
	 * - **Field Type**: Image
	 * - **Placeholder**: *None*
	 * - **API ID Path**: enim.group[].elementum_tempus
	 * - **Documentation**: https://prismic.io/docs/field#image
	 */
	elementum_tempus: prismic.ImageField<never>;
	
	/**
	 * Viverra field in *Enim → Fringilla*
	 *
	 * - **Field Type**: Text
	 * - **Placeholder**: Feugiat scelerisque varius
	 * - **API ID Path**: enim.group[].dapibus_ultrices
	 * - **Documentation**: https://prismic.io/docs/field#key-text
	 */
	dapibus_ultrices: prismic.KeyTextField;
	
	/**
	 * Et field in *Enim → Fringilla*
	 *
	 * - **Field Type**: Link to Media
	 * - **Placeholder**: Est ullamcorper eget
	 * - **API ID Path**: enim.group[].sed_velit
	 * - **Documentation**: https://prismic.io/docs/field#link-content-relationship
	 */
	sed_velit: prismic.LinkToMediaField;
	
	/**
	 * Lacus field in *Enim → Fringilla*
	 *
	 * - **Field Type**: Number
	 * - **Placeholder**: Orci ac auctor
	 * - **API ID Path**: enim.group[].molestie
	 * - **Documentation**: https://prismic.io/docs/field#number
	 */
	molestie: prismic.NumberField;
	
	/**
	 * Id field in *Enim → Fringilla*
	 *
	 * - **Field Type**: Rich Text
	 * - **Placeholder**: Volutpat sed cras
	 * - **API ID Path**: enim.group[].vestibulum
	 * - **Documentation**: https://prismic.io/docs/field#rich-text-title
	 */
	vestibulum: prismic.RichTextField;
	
	/**
	 * Nulla field in *Enim → Fringilla*
	 *
	 * - **Field Type**: Select
	 * - **Placeholder**: Sed velit dignissim
	 * - **API ID Path**: enim.group[].interdum_posuere
	 * - **Documentation**: https://prismic.io/docs/field#select
	 */
	interdum_posuere: prismic.SelectField;
}

/**
 * Primary content in *Enim → Slice zone → Porta Non → Primary*
 */
export interface EnimDocumentDataSliceZoneFooSlicePrimary {
	/**
	 * Ac field in *Enim → Slice zone → Porta Non → Primary*
	 *
	 * - **Field Type**: Boolean
	 * - **Placeholder**: *None*
	 * - **API ID Path**: enim.sliceZone[].foo.primary.et
	 * - **Documentation**: https://prismic.io/docs/field#boolean
	 */
	et: prismic.BooleanField;
	
	/**
	 * Luctus field in *Enim → Slice zone → Porta Non → Primary*
	 *
	 * - **Field Type**: Content Relationship
	 * - **Placeholder**: Est placerat in
	 * - **API ID Path**: enim.sliceZone[].foo.primary.maecenas_ultricies
	 * - **Documentation**: https://prismic.io/docs/field#link-content-relationship
	 */
	maecenas_ultricies: prismic.ContentRelationshipField;
	
	/**
	 * Sed field in *Enim → Slice zone → Porta Non → Primary*
	 *
	 * - **Field Type**: GeoPoint
	 * - **Placeholder**: *None*
	 * - **API ID Path**: enim.sliceZone[].foo.primary.mi
	 * - **Documentation**: https://prismic.io/docs/field#geopoint
	 */
	mi: prismic.GeoPointField;
	
	/**
	 * Viverra field in *Enim → Slice zone → Porta Non → Primary*
	 *
	 * - **Field Type**: Integration Fields (Catalog: \`mauris_augue\`)
	 * - **Placeholder**: *None*
	 * - **API ID Path**: enim.sliceZone[].foo.primary.nisi
	 * - **Documentation**: https://prismic.io/docs/field#integration
	 */
	nisi: prismic.IntegrationField;
	
	/**
	 * Amet field in *Enim → Slice zone → Porta Non → Primary*
	 *
	 * - **Field Type**: Text
	 * - **Placeholder**: Ac feugiat sed
	 * - **API ID Path**: enim.sliceZone[].foo.primary.sagittis
	 * - **Documentation**: https://prismic.io/docs/field#key-text
	 */
	sagittis: prismic.KeyTextField;
	
	/**
	 * Elementum field in *Enim → Slice zone → Porta Non → Primary*
	 *
	 * - **Field Type**: Rich Text
	 * - **Placeholder**: Blandit cursus risus
	 * - **API ID Path**: enim.sliceZone[].foo.primary.id_ornare
	 * - **Documentation**: https://prismic.io/docs/field#rich-text-title
	 */
	id_ornare: prismic.RichTextField;
	
	/**
	 * Tellus field in *Enim → Slice zone → Porta Non → Primary*
	 *
	 * - **Field Type**: Timestamp
	 * - **Placeholder**: Egestas fringilla phasellus
	 * - **API ID Path**: enim.sliceZone[].foo.primary.pellentesque
	 * - **Documentation**: https://prismic.io/docs/field#timestamp
	 */
	pellentesque: prismic.TimestampField;
}

/**
 * Item content in *Enim → Slice zone → Porta Non → Items*
 */
export interface EnimDocumentDataSliceZoneFooSliceItem {
	/**
	 * Adipiscing field in *Enim → Slice zone → Porta Non → Items*
	 *
	 * - **Field Type**: Color
	 * - **Placeholder**: Aliquet sagittis id
	 * - **API ID Path**: enim.sliceZone[].foo.items.tellus
	 * - **Documentation**: https://prismic.io/docs/field#color
	 */
	tellus: prismic.ColorField;
	
	/**
	 * Maecenas field in *Enim → Slice zone → Porta Non → Items*
	 *
	 * - **Field Type**: Date
	 * - **Placeholder**: Convallis convallis tellus
	 * - **API ID Path**: enim.sliceZone[].foo.items.lorem
	 * - **Documentation**: https://prismic.io/docs/field#date
	 */
	lorem: prismic.DateField;
	
	/**
	 * Sed field in *Enim → Slice zone → Porta Non → Items*
	 *
	 * - **Field Type**: GeoPoint
	 * - **Placeholder**: *None*
	 * - **API ID Path**: enim.sliceZone[].foo.items.tempus
	 * - **Documentation**: https://prismic.io/docs/field#geopoint
	 */
	tempus: prismic.GeoPointField;
	
	/**
	 * Turpis field in *Enim → Slice zone → Porta Non → Items*
	 *
	 * - **Field Type**: Image
	 * - **Placeholder**: *None*
	 * - **API ID Path**: enim.sliceZone[].foo.items.ut_etiam
	 * - **Documentation**: https://prismic.io/docs/field#image
	 */
	ut_etiam: prismic.ImageField<never>;
	
	/**
	 * In field in *Enim → Slice zone → Porta Non → Items*
	 *
	 * - **Field Type**: Integration Fields (Catalog: \`mattis_aliquam\`)
	 * - **Placeholder**: *None*
	 * - **API ID Path**: enim.sliceZone[].foo.items.consectetur
	 * - **Documentation**: https://prismic.io/docs/field#integration
	 */
	consectetur: prismic.IntegrationField;
	
	/**
	 * Laoreet field in *Enim → Slice zone → Porta Non → Items*
	 *
	 * - **Field Type**: Text
	 * - **Placeholder**: Duis at tellus
	 * - **API ID Path**: enim.sliceZone[].foo.items.eros_donec
	 * - **Documentation**: https://prismic.io/docs/field#key-text
	 */
	eros_donec: prismic.KeyTextField;
	
	/**
	 * Et field in *Enim → Slice zone → Porta Non → Items*
	 *
	 * - **Field Type**: Select
	 * - **Placeholder**: Donec ultrices tincidunt
	 * - **API ID Path**: enim.sliceZone[].foo.items.vulputate
	 * - **Documentation**: https://prismic.io/docs/field#select
	 */
	vulputate: prismic.SelectField;
}

/**
 * Slice for *Enim → Slice zone*
 */
export type EnimDocumentDataSliceZoneFooSlice = prismic.Slice<\\"foo\\", Simplify<EnimDocumentDataSliceZoneFooSlicePrimary>, Simplify<EnimDocumentDataSliceZoneFooSliceItem>>

type EnimDocumentDataSliceZoneSlice = EnimDocumentDataSliceZoneFooSlice

/**
 * Content for Enim documents
 */
interface EnimDocumentData {
	/**
	 * Quisque field in *Enim*
	 *
	 * - **Field Type**: Boolean
	 * - **Placeholder**: *None*
	 * - **API ID Path**: enim.volutpat_ac
	 * - **Tab**: Main
	 * - **Documentation**: https://prismic.io/docs/field#boolean
	 */
	volutpat_ac: prismic.BooleanField;
	
	/**
	 * Quisque field in *Enim*
	 *
	 * - **Field Type**: Embed
	 * - **Placeholder**: Ultrices dui sapien
	 * - **API ID Path**: enim.ac
	 * - **Tab**: Main
	 * - **Documentation**: https://prismic.io/docs/field#embed
	 */
	ac: prismic.EmbedField
	
	/**
	 * Vulputate field in *Enim*
	 *
	 * - **Field Type**: GeoPoint
	 * - **Placeholder**: *None*
	 * - **API ID Path**: enim.id
	 * - **Tab**: Main
	 * - **Documentation**: https://prismic.io/docs/field#geopoint
	 */
	id: prismic.GeoPointField;
	
	/**
	 * Vitae field in *Enim*
	 *
	 * - **Field Type**: Image
	 * - **Placeholder**: *None*
	 * - **API ID Path**: enim.neque_sodales
	 * - **Tab**: Main
	 * - **Documentation**: https://prismic.io/docs/field#image
	 */
	neque_sodales: prismic.ImageField<never>;
	
	/**
	 * Nulla field in *Enim*
	 *
	 * - **Field Type**: Text
	 * - **Placeholder**: Massa sapien faucibus
	 * - **API ID Path**: enim.fusce
	 * - **Tab**: Main
	 * - **Documentation**: https://prismic.io/docs/field#key-text
	 */
	fusce: prismic.KeyTextField;
	
	/**
	 * Et field in *Enim*
	 *
	 * - **Field Type**: Link
	 * - **Placeholder**: Tincidunt id aliquet
	 * - **API ID Path**: enim.blandit
	 * - **Tab**: Main
	 * - **Documentation**: https://prismic.io/docs/field#link-content-relationship
	 */
	blandit: prismic.LinkField;
	
	/**
	 * In field in *Enim*
	 *
	 * - **Field Type**: Link to Media
	 * - **Placeholder**: Sapien faucibus et
	 * - **API ID Path**: enim.in_tellus
	 * - **Tab**: Main
	 * - **Documentation**: https://prismic.io/docs/field#link-content-relationship
	 */
	in_tellus: prismic.LinkToMediaField;
	
	/**
	 * A field in *Enim*
	 *
	 * - **Field Type**: Number
	 * - **Placeholder**: Neque sodales ut
	 * - **API ID Path**: enim.in_aliquam
	 * - **Tab**: Main
	 * - **Documentation**: https://prismic.io/docs/field#number
	 */
	in_aliquam: prismic.NumberField;
	
	/**
	 * Commodo field in *Enim*
	 *
	 * - **Field Type**: Rich Text
	 * - **Placeholder**: Nibh tellus molestie
	 * - **API ID Path**: enim.sit_amet
	 * - **Tab**: Main
	 * - **Documentation**: https://prismic.io/docs/field#rich-text-title
	 */
	sit_amet: prismic.RichTextField;
	
	/**
	 * Fringilla field in *Enim*
	 *
	 * - **Field Type**: Group
	 * - **Placeholder**: *None*
	 * - **API ID Path**: enim.group[]
	 * - **Tab**: Main
	 * - **Documentation**: https://prismic.io/docs/field#group
	 */
	group: prismic.GroupField<Simplify<EnimDocumentDataGroupItem>>;
	
	/**
	 * Slice zone field in *Enim*
	 *
	 * - **Field Type**: Slice Zone
	 * - **Placeholder**: *None*
	 * - **API ID Path**: enim.sliceZone[]
	 * - **Tab**: Main
	 * - **Documentation**: https://prismic.io/docs/field#slices
	 */
	sliceZone: prismic.SliceZone<EnimDocumentDataSliceZoneSlice>;
}

/**
 * Enim document from Prismic
 *
 * - **API ID**: \`enim\`
 * - **Repeatable**: \`true\`
 * - **Documentation**: https://prismic.io/docs/custom-types
 *
 * @typeParam Lang - Language API ID of the document.
 */
export type EnimDocument<Lang extends string = string> = prismic.PrismicDocumentWithoutUID<Simplify<EnimDocumentData>, \\"enim\\", Lang>;

/**
 * Item in *Et → Placerat*
 */
export interface EtDocumentDataGroupItem {
	/**
	 * Odio field in *Et → Placerat*
	 *
	 * - **Field Type**: Content Relationship
	 * - **Placeholder**: Aliquam ultrices sagittis
	 * - **API ID Path**: et.group[].tortor
	 * - **Documentation**: https://prismic.io/docs/field#link-content-relationship
	 */
	tortor: prismic.ContentRelationshipField;
	
	/**
	 * Erat field in *Et → Placerat*
	 *
	 * - **Field Type**: Date
	 * - **Placeholder**: Est lorem ipsum
	 * - **API ID Path**: et.group[].sit_amet
	 * - **Documentation**: https://prismic.io/docs/field#date
	 */
	sit_amet: prismic.DateField;
	
	/**
	 * Ullamcorper field in *Et → Placerat*
	 *
	 * - **Field Type**: Link to Media
	 * - **Placeholder**: Pretium fusce id
	 * - **API ID Path**: et.group[].a_iaculis
	 * - **Documentation**: https://prismic.io/docs/field#link-content-relationship
	 */
	a_iaculis: prismic.LinkToMediaField;
	
	/**
	 * Est field in *Et → Placerat*
	 *
	 * - **Field Type**: Select
	 * - **Placeholder**: Massa sed elementum
	 * - **API ID Path**: et.group[].in
	 * - **Documentation**: https://prismic.io/docs/field#select
	 */
	in: prismic.SelectField;
	
	/**
	 * Tristique field in *Et → Placerat*
	 *
	 * - **Field Type**: Title
	 * - **Placeholder**: Id ornare arcu
	 * - **API ID Path**: et.group[].enim_neque
	 * - **Documentation**: https://prismic.io/docs/field#rich-text-title
	 */
	enim_neque: prismic.TitleField;
}

/**
 * Primary content in *Et → Slice zone → Nisl Nisi → Primary*
 */
export interface EtDocumentDataSliceZoneFooSlicePrimary {
	/**
	 * Nibh field in *Et → Slice zone → Nisl Nisi → Primary*
	 *
	 * - **Field Type**: Content Relationship
	 * - **Placeholder**: Fermentum et sollicitudin
	 * - **API ID Path**: et.sliceZone[].foo.primary.cras_adipiscing
	 * - **Documentation**: https://prismic.io/docs/field#link-content-relationship
	 */
	cras_adipiscing: prismic.ContentRelationshipField;
	
	/**
	 * Arcu field in *Et → Slice zone → Nisl Nisi → Primary*
	 *
	 * - **Field Type**: Date
	 * - **Placeholder**: Venenatis lectus magna
	 * - **API ID Path**: et.sliceZone[].foo.primary.mauris
	 * - **Documentation**: https://prismic.io/docs/field#date
	 */
	mauris: prismic.DateField;
	
	/**
	 * Id field in *Et → Slice zone → Nisl Nisi → Primary*
	 *
	 * - **Field Type**: GeoPoint
	 * - **Placeholder**: *None*
	 * - **API ID Path**: et.sliceZone[].foo.primary.dictumst
	 * - **Documentation**: https://prismic.io/docs/field#geopoint
	 */
	dictumst: prismic.GeoPointField;
	
	/**
	 * Neque field in *Et → Slice zone → Nisl Nisi → Primary*
	 *
	 * - **Field Type**: Integration Fields (Catalog: \`in_arcu\`)
	 * - **Placeholder**: *None*
	 * - **API ID Path**: et.sliceZone[].foo.primary.suspendisse_faucibus
	 * - **Documentation**: https://prismic.io/docs/field#integration
	 */
	suspendisse_faucibus: prismic.IntegrationField;
	
	/**
	 * Dictum field in *Et → Slice zone → Nisl Nisi → Primary*
	 *
	 * - **Field Type**: Text
	 * - **Placeholder**: Egestas pretium aenean
	 * - **API ID Path**: et.sliceZone[].foo.primary.dolor_sed
	 * - **Documentation**: https://prismic.io/docs/field#key-text
	 */
	dolor_sed: prismic.KeyTextField;
	
	/**
	 * Nulla field in *Et → Slice zone → Nisl Nisi → Primary*
	 *
	 * - **Field Type**: Link to Media
	 * - **Placeholder**: Etiam tempor orci
	 * - **API ID Path**: et.sliceZone[].foo.primary.morbi_enim
	 * - **Documentation**: https://prismic.io/docs/field#link-content-relationship
	 */
	morbi_enim: prismic.LinkToMediaField;
	
	/**
	 * Tristique field in *Et → Slice zone → Nisl Nisi → Primary*
	 *
	 * - **Field Type**: Number
	 * - **Placeholder**: Quam viverra orci
	 * - **API ID Path**: et.sliceZone[].foo.primary.et
	 * - **Documentation**: https://prismic.io/docs/field#number
	 */
	et: prismic.NumberField;
	
	/**
	 * Cras field in *Et → Slice zone → Nisl Nisi → Primary*
	 *
	 * - **Field Type**: Rich Text
	 * - **Placeholder**: Lacinia quis vel
	 * - **API ID Path**: et.sliceZone[].foo.primary.laoreet_suspendisse
	 * - **Documentation**: https://prismic.io/docs/field#rich-text-title
	 */
	laoreet_suspendisse: prismic.RichTextField;
	
	/**
	 * Sit field in *Et → Slice zone → Nisl Nisi → Primary*
	 *
	 * - **Field Type**: Timestamp
	 * - **Placeholder**: Amet nisl suscipit
	 * - **API ID Path**: et.sliceZone[].foo.primary.enim_eu
	 * - **Documentation**: https://prismic.io/docs/field#timestamp
	 */
	enim_eu: prismic.TimestampField;
}

/**
 * Item content in *Et → Slice zone → Nisl Nisi → Items*
 */
export interface EtDocumentDataSliceZoneFooSliceItem {
	/**
	 * Vitae field in *Et → Slice zone → Nisl Nisi → Items*
	 *
	 * - **Field Type**: Color
	 * - **Placeholder**: Sed adipiscing diam
	 * - **API ID Path**: et.sliceZone[].foo.items.maecenas_sed
	 * - **Documentation**: https://prismic.io/docs/field#color
	 */
	maecenas_sed: prismic.ColorField;
	
	/**
	 * Odio field in *Et → Slice zone → Nisl Nisi → Items*
	 *
	 * - **Field Type**: Content Relationship
	 * - **Placeholder**: Ipsum nunc aliquet
	 * - **API ID Path**: et.sliceZone[].foo.items.semper
	 * - **Documentation**: https://prismic.io/docs/field#link-content-relationship
	 */
	semper: prismic.ContentRelationshipField;
	
	/**
	 * Mauris field in *Et → Slice zone → Nisl Nisi → Items*
	 *
	 * - **Field Type**: Embed
	 * - **Placeholder**: Hac habitasse platea
	 * - **API ID Path**: et.sliceZone[].foo.items.maecenas_pharetra
	 * - **Documentation**: https://prismic.io/docs/field#embed
	 */
	maecenas_pharetra: prismic.EmbedField
	
	/**
	 * Pellentesque field in *Et → Slice zone → Nisl Nisi → Items*
	 *
	 * - **Field Type**: GeoPoint
	 * - **Placeholder**: *None*
	 * - **API ID Path**: et.sliceZone[].foo.items.eu
	 * - **Documentation**: https://prismic.io/docs/field#geopoint
	 */
	eu: prismic.GeoPointField;
	
	/**
	 * Duis field in *Et → Slice zone → Nisl Nisi → Items*
	 *
	 * - **Field Type**: Image
	 * - **Placeholder**: *None*
	 * - **API ID Path**: et.sliceZone[].foo.items.faucibus_interdum
	 * - **Documentation**: https://prismic.io/docs/field#image
	 */
	faucibus_interdum: prismic.ImageField<never>;
	
	/**
	 * Elit field in *Et → Slice zone → Nisl Nisi → Items*
	 *
	 * - **Field Type**: Integration Fields (Catalog: \`a_molestie\`)
	 * - **Placeholder**: *None*
	 * - **API ID Path**: et.sliceZone[].foo.items.est
	 * - **Documentation**: https://prismic.io/docs/field#integration
	 */
	est: prismic.IntegrationField;
	
	/**
	 * Eget field in *Et → Slice zone → Nisl Nisi → Items*
	 *
	 * - **Field Type**: Text
	 * - **Placeholder**: Ultricies mi quis
	 * - **API ID Path**: et.sliceZone[].foo.items.massa_placerat
	 * - **Documentation**: https://prismic.io/docs/field#key-text
	 */
	massa_placerat: prismic.KeyTextField;
	
	/**
	 * Risus field in *Et → Slice zone → Nisl Nisi → Items*
	 *
	 * - **Field Type**: Link
	 * - **Placeholder**: In nisl nisi
	 * - **API ID Path**: et.sliceZone[].foo.items.ut
	 * - **Documentation**: https://prismic.io/docs/field#link-content-relationship
	 */
	ut: prismic.LinkField;
	
	/**
	 * Commodo field in *Et → Slice zone → Nisl Nisi → Items*
	 *
	 * - **Field Type**: Link to Media
	 * - **Placeholder**: Sagittis aliquam malesuada
	 * - **API ID Path**: et.sliceZone[].foo.items.a
	 * - **Documentation**: https://prismic.io/docs/field#link-content-relationship
	 */
	a: prismic.LinkToMediaField;
	
	/**
	 * At field in *Et → Slice zone → Nisl Nisi → Items*
	 *
	 * - **Field Type**: Rich Text
	 * - **Placeholder**: At risus viverra
	 * - **API ID Path**: et.sliceZone[].foo.items.viverra_mauris
	 * - **Documentation**: https://prismic.io/docs/field#rich-text-title
	 */
	viverra_mauris: prismic.RichTextField;
	
	/**
	 * Vulputate field in *Et → Slice zone → Nisl Nisi → Items*
	 *
	 * - **Field Type**: Select
	 * - **Placeholder**: Amet cursus sit
	 * - **API ID Path**: et.sliceZone[].foo.items.tempor
	 * - **Documentation**: https://prismic.io/docs/field#select
	 */
	tempor: prismic.SelectField;
	
	/**
	 * Eros field in *Et → Slice zone → Nisl Nisi → Items*
	 *
	 * - **Field Type**: Timestamp
	 * - **Placeholder**: Vulputate dignissim suspendisse
	 * - **API ID Path**: et.sliceZone[].foo.items.lorem_mollis
	 * - **Documentation**: https://prismic.io/docs/field#timestamp
	 */
	lorem_mollis: prismic.TimestampField;
	
	/**
	 * Pharetra field in *Et → Slice zone → Nisl Nisi → Items*
	 *
	 * - **Field Type**: Title
	 * - **Placeholder**: Molestie lorem ipsum
	 * - **API ID Path**: et.sliceZone[].foo.items.varius_vel
	 * - **Documentation**: https://prismic.io/docs/field#rich-text-title
	 */
	varius_vel: prismic.TitleField;
}

/**
 * Slice for *Et → Slice zone*
 */
export type EtDocumentDataSliceZoneFooSlice = prismic.Slice<\\"foo\\", Simplify<EtDocumentDataSliceZoneFooSlicePrimary>, Simplify<EtDocumentDataSliceZoneFooSliceItem>>

type EtDocumentDataSliceZoneSlice = EtDocumentDataSliceZoneFooSlice

/**
 * Content for Et documents
 */
interface EtDocumentData {
	/**
	 * Id field in *Et*
	 *
	 * - **Field Type**: Content Relationship
	 * - **Placeholder**: Aenean vel elit
	 * - **API ID Path**: et.ac
	 * - **Tab**: Main
	 * - **Documentation**: https://prismic.io/docs/field#link-content-relationship
	 */
	ac: prismic.ContentRelationshipField;
	
	/**
	 * Id field in *Et*
	 *
	 * - **Field Type**: Date
	 * - **Placeholder**: Nam libero justo
	 * - **API ID Path**: et.bibendum_arcu
	 * - **Tab**: Main
	 * - **Documentation**: https://prismic.io/docs/field#date
	 */
	bibendum_arcu: prismic.DateField;
	
	/**
	 * Enim field in *Et*
	 *
	 * - **Field Type**: Embed
	 * - **Placeholder**: Ut lectus arcu
	 * - **API ID Path**: et.et_leo
	 * - **Tab**: Main
	 * - **Documentation**: https://prismic.io/docs/field#embed
	 */
	et_leo: prismic.EmbedField
	
	/**
	 * Scelerisque field in *Et*
	 *
	 * - **Field Type**: GeoPoint
	 * - **Placeholder**: *None*
	 * - **API ID Path**: et.malesuada
	 * - **Tab**: Main
	 * - **Documentation**: https://prismic.io/docs/field#geopoint
	 */
	malesuada: prismic.GeoPointField;
	
	/**
	 * Id field in *Et*
	 *
	 * - **Field Type**: Link
	 * - **Placeholder**: Rhoncus est pellentesque
	 * - **API ID Path**: et.scelerisque_viverra
	 * - **Tab**: Main
	 * - **Documentation**: https://prismic.io/docs/field#link-content-relationship
	 */
	scelerisque_viverra: prismic.LinkField;
	
	/**
	 * Aliquam field in *Et*
	 *
	 * - **Field Type**: Rich Text
	 * - **Placeholder**: Purus sit amet
	 * - **API ID Path**: et.eget
	 * - **Tab**: Main
	 * - **Documentation**: https://prismic.io/docs/field#rich-text-title
	 */
	eget: prismic.RichTextField;
	
	/**
	 * Placerat field in *Et*
	 *
	 * - **Field Type**: Group
	 * - **Placeholder**: *None*
	 * - **API ID Path**: et.group[]
	 * - **Tab**: Main
	 * - **Documentation**: https://prismic.io/docs/field#group
	 */
	group: prismic.GroupField<Simplify<EtDocumentDataGroupItem>>;
	
	/**
	 * Slice zone field in *Et*
	 *
	 * - **Field Type**: Slice Zone
	 * - **Placeholder**: *None*
	 * - **API ID Path**: et.sliceZone[]
	 * - **Tab**: Main
	 * - **Documentation**: https://prismic.io/docs/field#slices
	 */
	sliceZone: prismic.SliceZone<EtDocumentDataSliceZoneSlice>;
}

/**
 * Et document from Prismic
 *
 * - **API ID**: \`et\`
 * - **Repeatable**: \`false\`
 * - **Documentation**: https://prismic.io/docs/custom-types
 *
 * @typeParam Lang - Language API ID of the document.
 */
export type EtDocument<Lang extends string = string> = prismic.PrismicDocumentWithoutUID<Simplify<EtDocumentData>, \\"et\\", Lang>;

/**
 * Item in *Id → Cursus*
 */
export interface IdDocumentDataGroupItem {
	/**
	 * Ut field in *Id → Cursus*
	 *
	 * - **Field Type**: Boolean
	 * - **Placeholder**: *None*
	 * - **API ID Path**: id.group[].eu
	 * - **Documentation**: https://prismic.io/docs/field#boolean
	 */
	eu: prismic.BooleanField;
	
	/**
	 * Eu field in *Id → Cursus*
	 *
	 * - **Field Type**: Color
	 * - **Placeholder**: Massa eget egestas
	 * - **API ID Path**: id.group[].magna_etiam
	 * - **Documentation**: https://prismic.io/docs/field#color
	 */
	magna_etiam: prismic.ColorField;
	
	/**
	 * Volutpat field in *Id → Cursus*
	 *
	 * - **Field Type**: Embed
	 * - **Placeholder**: Viverra vitae congue
	 * - **API ID Path**: id.group[].arcu_non
	 * - **Documentation**: https://prismic.io/docs/field#embed
	 */
	arcu_non: prismic.EmbedField
	
	/**
	 * Consequat field in *Id → Cursus*
	 *
	 * - **Field Type**: Integration Fields (Catalog: \`venenatis_a\`)
	 * - **Placeholder**: *None*
	 * - **API ID Path**: id.group[].amet
	 * - **Documentation**: https://prismic.io/docs/field#integration
	 */
	amet: prismic.IntegrationField;
	
	/**
	 * Erat field in *Id → Cursus*
	 *
	 * - **Field Type**: Text
	 * - **Placeholder**: Quis imperdiet massa
	 * - **API ID Path**: id.group[].cras_pulvinar
	 * - **Documentation**: https://prismic.io/docs/field#key-text
	 */
	cras_pulvinar: prismic.KeyTextField;
	
	/**
	 * In field in *Id → Cursus*
	 *
	 * - **Field Type**: Link
	 * - **Placeholder**: Arcu odio ut
	 * - **API ID Path**: id.group[].pellentesque
	 * - **Documentation**: https://prismic.io/docs/field#link-content-relationship
	 */
	pellentesque: prismic.LinkField;
	
	/**
	 * Non field in *Id → Cursus*
	 *
	 * - **Field Type**: Rich Text
	 * - **Placeholder**: A molestie lorem
	 * - **API ID Path**: id.group[].sed_tempus
	 * - **Documentation**: https://prismic.io/docs/field#rich-text-title
	 */
	sed_tempus: prismic.RichTextField;
	
	/**
	 * Tellus field in *Id → Cursus*
	 *
	 * - **Field Type**: Select
	 * - **Placeholder**: Gravida arcu ac
	 * - **API ID Path**: id.group[].adipiscing
	 * - **Documentation**: https://prismic.io/docs/field#select
	 */
	adipiscing: prismic.SelectField;
	
	/**
	 * Velit field in *Id → Cursus*
	 *
	 * - **Field Type**: Timestamp
	 * - **Placeholder**: Elit eget gravida
	 * - **API ID Path**: id.group[].posuere
	 * - **Documentation**: https://prismic.io/docs/field#timestamp
	 */
	posuere: prismic.TimestampField;
}

/**
 * Primary content in *Id → Slice zone → Vel Orci → Primary*
 */
export interface IdDocumentDataSliceZoneFooSlicePrimary {
	/**
	 * Duis field in *Id → Slice zone → Vel Orci → Primary*
	 *
	 * - **Field Type**: Color
	 * - **Placeholder**: Facilisis volutpat est
	 * - **API ID Path**: id.sliceZone[].foo.primary.sed_odio
	 * - **Documentation**: https://prismic.io/docs/field#color
	 */
	sed_odio: prismic.ColorField;
	
	/**
	 * Nunc field in *Id → Slice zone → Vel Orci → Primary*
	 *
	 * - **Field Type**: Content Relationship
	 * - **Placeholder**: Ipsum dolor sit
	 * - **API ID Path**: id.sliceZone[].foo.primary.turpis_egestas
	 * - **Documentation**: https://prismic.io/docs/field#link-content-relationship
	 */
	turpis_egestas: prismic.ContentRelationshipField;
	
	/**
	 * Mi field in *Id → Slice zone → Vel Orci → Primary*
	 *
	 * - **Field Type**: Date
	 * - **Placeholder**: Egestas erat imperdiet
	 * - **API ID Path**: id.sliceZone[].foo.primary.auctor_elit
	 * - **Documentation**: https://prismic.io/docs/field#date
	 */
	auctor_elit: prismic.DateField;
	
	/**
	 * Nibh field in *Id → Slice zone → Vel Orci → Primary*
	 *
	 * - **Field Type**: Embed
	 * - **Placeholder**: Sed risus pretium
	 * - **API ID Path**: id.sliceZone[].foo.primary.sit
	 * - **Documentation**: https://prismic.io/docs/field#embed
	 */
	sit: prismic.EmbedField
	
	/**
	 * Suspendisse field in *Id → Slice zone → Vel Orci → Primary*
	 *
	 * - **Field Type**: GeoPoint
	 * - **Placeholder**: *None*
	 * - **API ID Path**: id.sliceZone[].foo.primary.hendrerit
	 * - **Documentation**: https://prismic.io/docs/field#geopoint
	 */
	hendrerit: prismic.GeoPointField;
	
	/**
	 * Turpis field in *Id → Slice zone → Vel Orci → Primary*
	 *
	 * - **Field Type**: Image
	 * - **Placeholder**: *None*
	 * - **API ID Path**: id.sliceZone[].foo.primary.non
	 * - **Documentation**: https://prismic.io/docs/field#image
	 */
	non: prismic.ImageField<never>;
	
	/**
	 * Turpis field in *Id → Slice zone → Vel Orci → Primary*
	 *
	 * - **Field Type**: Integration Fields (Catalog: \`ultrices_in\`)
	 * - **Placeholder**: *None*
	 * - **API ID Path**: id.sliceZone[].foo.primary.vel_risus
	 * - **Documentation**: https://prismic.io/docs/field#integration
	 */
	vel_risus: prismic.IntegrationField;
	
	/**
	 * Mauris field in *Id → Slice zone → Vel Orci → Primary*
	 *
	 * - **Field Type**: Text
	 * - **Placeholder**: Nunc sed augue
	 * - **API ID Path**: id.sliceZone[].foo.primary.at
	 * - **Documentation**: https://prismic.io/docs/field#key-text
	 */
	at: prismic.KeyTextField;
	
	/**
	 * Convallis field in *Id → Slice zone → Vel Orci → Primary*
	 *
	 * - **Field Type**: Link to Media
	 * - **Placeholder**: Elementum eu facilisis
	 * - **API ID Path**: id.sliceZone[].foo.primary.turpis
	 * - **Documentation**: https://prismic.io/docs/field#link-content-relationship
	 */
	turpis: prismic.LinkToMediaField;
	
	/**
	 * Sed field in *Id → Slice zone → Vel Orci → Primary*
	 *
	 * - **Field Type**: Number
	 * - **Placeholder**: Consectetur adipiscing elit
	 * - **API ID Path**: id.sliceZone[].foo.primary.lectus
	 * - **Documentation**: https://prismic.io/docs/field#number
	 */
	lectus: prismic.NumberField;
}

/**
 * Item content in *Id → Slice zone → Vel Orci → Items*
 */
export interface IdDocumentDataSliceZoneFooSliceItem {
	/**
	 * Fusce field in *Id → Slice zone → Vel Orci → Items*
	 *
	 * - **Field Type**: Boolean
	 * - **Placeholder**: *None*
	 * - **API ID Path**: id.sliceZone[].foo.items.sed
	 * - **Documentation**: https://prismic.io/docs/field#boolean
	 */
	sed: prismic.BooleanField;
	
	/**
	 * Ullamcorper field in *Id → Slice zone → Vel Orci → Items*
	 *
	 * - **Field Type**: Color
	 * - **Placeholder**: Sed risus pretium
	 * - **API ID Path**: id.sliceZone[].foo.items.mattis
	 * - **Documentation**: https://prismic.io/docs/field#color
	 */
	mattis: prismic.ColorField;
	
	/**
	 * Ornare field in *Id → Slice zone → Vel Orci → Items*
	 *
	 * - **Field Type**: Content Relationship
	 * - **Placeholder**: Nibh praesent tristique
	 * - **API ID Path**: id.sliceZone[].foo.items.purus
	 * - **Documentation**: https://prismic.io/docs/field#link-content-relationship
	 */
	purus: prismic.ContentRelationshipField;
	
	/**
	 * Tristique field in *Id → Slice zone → Vel Orci → Items*
	 *
	 * - **Field Type**: Date
	 * - **Placeholder**: Tellus at urna
	 * - **API ID Path**: id.sliceZone[].foo.items.in
	 * - **Documentation**: https://prismic.io/docs/field#date
	 */
	in: prismic.DateField;
	
	/**
	 * Imperdiet field in *Id → Slice zone → Vel Orci → Items*
	 *
	 * - **Field Type**: Image
	 * - **Placeholder**: *None*
	 * - **API ID Path**: id.sliceZone[].foo.items.sociis_natoque
	 * - **Documentation**: https://prismic.io/docs/field#image
	 */
	sociis_natoque: prismic.ImageField<never>;
	
	/**
	 * Facilisi field in *Id → Slice zone → Vel Orci → Items*
	 *
	 * - **Field Type**: Link to Media
	 * - **Placeholder**: Morbi non arcu
	 * - **API ID Path**: id.sliceZone[].foo.items.sagittis
	 * - **Documentation**: https://prismic.io/docs/field#link-content-relationship
	 */
	sagittis: prismic.LinkToMediaField;
	
	/**
	 * Dignissim field in *Id → Slice zone → Vel Orci → Items*
	 *
	 * - **Field Type**: Rich Text
	 * - **Placeholder**: Fringilla urna porttitor
	 * - **API ID Path**: id.sliceZone[].foo.items.aenean
	 * - **Documentation**: https://prismic.io/docs/field#rich-text-title
	 */
	aenean: prismic.RichTextField;
	
	/**
	 * Massa field in *Id → Slice zone → Vel Orci → Items*
	 *
	 * - **Field Type**: Title
	 * - **Placeholder**: Mi ipsum faucibus
	 * - **API ID Path**: id.sliceZone[].foo.items.turpis
	 * - **Documentation**: https://prismic.io/docs/field#rich-text-title
	 */
	turpis: prismic.TitleField;
}

/**
 * Slice for *Id → Slice zone*
 */
export type IdDocumentDataSliceZoneFooSlice = prismic.Slice<\\"foo\\", Simplify<IdDocumentDataSliceZoneFooSlicePrimary>, Simplify<IdDocumentDataSliceZoneFooSliceItem>>

type IdDocumentDataSliceZoneSlice = IdDocumentDataSliceZoneFooSlice

/**
 * Content for Id documents
 */
interface IdDocumentData {
	/**
	 * In field in *Id*
	 *
	 * - **Field Type**: Content Relationship
	 * - **Placeholder**: Mi eget mauris
	 * - **API ID Path**: id.tellus_elementum
	 * - **Tab**: Main
	 * - **Documentation**: https://prismic.io/docs/field#link-content-relationship
	 */
	tellus_elementum: prismic.ContentRelationshipField;
	
	/**
	 * Neque field in *Id*
	 *
	 * - **Field Type**: Date
	 * - **Placeholder**: Sed felis eget
	 * - **API ID Path**: id.massa
	 * - **Tab**: Main
	 * - **Documentation**: https://prismic.io/docs/field#date
	 */
	massa: prismic.DateField;
	
	/**
	 * Consectetur field in *Id*
	 *
	 * - **Field Type**: GeoPoint
	 * - **Placeholder**: *None*
	 * - **API ID Path**: id.nascetur
	 * - **Tab**: Main
	 * - **Documentation**: https://prismic.io/docs/field#geopoint
	 */
	nascetur: prismic.GeoPointField;
	
	/**
	 * Ut field in *Id*
	 *
	 * - **Field Type**: Select
	 * - **Placeholder**: Adipiscing elit ut
	 * - **API ID Path**: id.lorem_donec
	 * - **Tab**: Main
	 * - **Documentation**: https://prismic.io/docs/field#select
	 */
	lorem_donec: prismic.SelectField;
	
	/**
	 * Cursus field in *Id*
	 *
	 * - **Field Type**: Group
	 * - **Placeholder**: *None*
	 * - **API ID Path**: id.group[]
	 * - **Tab**: Main
	 * - **Documentation**: https://prismic.io/docs/field#group
	 */
	group: prismic.GroupField<Simplify<IdDocumentDataGroupItem>>;
	
	/**
	 * Slice zone field in *Id*
	 *
	 * - **Field Type**: Slice Zone
	 * - **Placeholder**: *None*
	 * - **API ID Path**: id.sliceZone[]
	 * - **Tab**: Main
	 * - **Documentation**: https://prismic.io/docs/field#slices
	 */
	sliceZone: prismic.SliceZone<IdDocumentDataSliceZoneSlice>;
}

/**
 * Id document from Prismic
 *
 * - **API ID**: \`id\`
 * - **Repeatable**: \`true\`
 * - **Documentation**: https://prismic.io/docs/custom-types
 *
 * @typeParam Lang - Language API ID of the document.
 */
export type IdDocument<Lang extends string = string> = prismic.PrismicDocumentWithoutUID<Simplify<IdDocumentData>, \\"id\\", Lang>;

/**
 * Item in *Id → Pretium*
 */
export interface IdDocumentDataGroupItem {
	/**
	 * Sagittis field in *Id → Pretium*
	 *
	 * - **Field Type**: Boolean
	 * - **Placeholder**: *None*
	 * - **API ID Path**: id.group[].commodo
	 * - **Documentation**: https://prismic.io/docs/field#boolean
	 */
	commodo: prismic.BooleanField;
	
	/**
	 * Elementum field in *Id → Pretium*
	 *
	 * - **Field Type**: Embed
	 * - **Placeholder**: Felis eget velit
	 * - **API ID Path**: id.group[].donec
	 * - **Documentation**: https://prismic.io/docs/field#embed
	 */
	donec: prismic.EmbedField
	
	/**
	 * Ornare field in *Id → Pretium*
	 *
	 * - **Field Type**: GeoPoint
	 * - **Placeholder**: *None*
	 * - **API ID Path**: id.group[].a_diam
	 * - **Documentation**: https://prismic.io/docs/field#geopoint
	 */
	a_diam: prismic.GeoPointField;
	
	/**
	 * Nisl field in *Id → Pretium*
	 *
	 * - **Field Type**: Image
	 * - **Placeholder**: *None*
	 * - **API ID Path**: id.group[].pellentesque_massa
	 * - **Documentation**: https://prismic.io/docs/field#image
	 */
	pellentesque_massa: prismic.ImageField<never>;
	
	/**
	 * Sed field in *Id → Pretium*
	 *
	 * - **Field Type**: Integration Fields (Catalog: \`lacus_suspendisse\`)
	 * - **Placeholder**: *None*
	 * - **API ID Path**: id.group[].nec
	 * - **Documentation**: https://prismic.io/docs/field#integration
	 */
	nec: prismic.IntegrationField;
	
	/**
	 * Pulvinar field in *Id → Pretium*
	 *
	 * - **Field Type**: Text
	 * - **Placeholder**: Sociis natoque penatibus
	 * - **API ID Path**: id.group[].aenean_pharetra
	 * - **Documentation**: https://prismic.io/docs/field#key-text
	 */
	aenean_pharetra: prismic.KeyTextField;
	
	/**
	 * Cras field in *Id → Pretium*
	 *
	 * - **Field Type**: Link
	 * - **Placeholder**: Eu lobortis elementum
	 * - **API ID Path**: id.group[].elementum_integer
	 * - **Documentation**: https://prismic.io/docs/field#link-content-relationship
	 */
	elementum_integer: prismic.LinkField;
	
	/**
	 * Mauris field in *Id → Pretium*
	 *
	 * - **Field Type**: Timestamp
	 * - **Placeholder**: Enim praesent elementum
	 * - **API ID Path**: id.group[].porta_non
	 * - **Documentation**: https://prismic.io/docs/field#timestamp
	 */
	porta_non: prismic.TimestampField;
}

/**
 * Primary content in *Id → Slice zone → Et Tortor → Primary*
 */
export interface IdDocumentDataSliceZoneFooSlicePrimary {
	/**
	 * Scelerisque field in *Id → Slice zone → Et Tortor → Primary*
	 *
	 * - **Field Type**: Color
	 * - **Placeholder**: Amet cursus sit
	 * - **API ID Path**: id.sliceZone[].foo.primary.nunc_sed
	 * - **Documentation**: https://prismic.io/docs/field#color
	 */
	nunc_sed: prismic.ColorField;
	
	/**
	 * Sed field in *Id → Slice zone → Et Tortor → Primary*
	 *
	 * - **Field Type**: Date
	 * - **Placeholder**: Accumsan in nisl
	 * - **API ID Path**: id.sliceZone[].foo.primary.magna_eget
	 * - **Documentation**: https://prismic.io/docs/field#date
	 */
	magna_eget: prismic.DateField;
	
	/**
	 * Egestas field in *Id → Slice zone → Et Tortor → Primary*
	 *
	 * - **Field Type**: Embed
	 * - **Placeholder**: Orci ac auctor
	 * - **API ID Path**: id.sliceZone[].foo.primary.scelerisque_eleifend
	 * - **Documentation**: https://prismic.io/docs/field#embed
	 */
	scelerisque_eleifend: prismic.EmbedField
	
	/**
	 * Sed field in *Id → Slice zone → Et Tortor → Primary*
	 *
	 * - **Field Type**: Link
	 * - **Placeholder**: Diam sollicitudin tempor
	 * - **API ID Path**: id.sliceZone[].foo.primary.interdum_velit
	 * - **Documentation**: https://prismic.io/docs/field#link-content-relationship
	 */
	interdum_velit: prismic.LinkField;
	
	/**
	 * Senectus field in *Id → Slice zone → Et Tortor → Primary*
	 *
	 * - **Field Type**: Link to Media
	 * - **Placeholder**: Id aliquet lectus
	 * - **API ID Path**: id.sliceZone[].foo.primary.tortor
	 * - **Documentation**: https://prismic.io/docs/field#link-content-relationship
	 */
	tortor: prismic.LinkToMediaField;
	
	/**
	 * Suscipit field in *Id → Slice zone → Et Tortor → Primary*
	 *
	 * - **Field Type**: Number
	 * - **Placeholder**: Cum sociis natoque
	 * - **API ID Path**: id.sliceZone[].foo.primary.eu
	 * - **Documentation**: https://prismic.io/docs/field#number
	 */
	eu: prismic.NumberField;
	
	/**
	 * A field in *Id → Slice zone → Et Tortor → Primary*
	 *
	 * - **Field Type**: Timestamp
	 * - **Placeholder**: Morbi tristique senectus
	 * - **API ID Path**: id.sliceZone[].foo.primary.vulputate
	 * - **Documentation**: https://prismic.io/docs/field#timestamp
	 */
	vulputate: prismic.TimestampField;
}

/**
 * Item content in *Id → Slice zone → Et Tortor → Items*
 */
export interface IdDocumentDataSliceZoneFooSliceItem {
	/**
	 * Donec field in *Id → Slice zone → Et Tortor → Items*
	 *
	 * - **Field Type**: Content Relationship
	 * - **Placeholder**: Facilisi cras fermentum
	 * - **API ID Path**: id.sliceZone[].foo.items.ut
	 * - **Documentation**: https://prismic.io/docs/field#link-content-relationship
	 */
	ut: prismic.ContentRelationshipField;
	
	/**
	 * Pulvinar field in *Id → Slice zone → Et Tortor → Items*
	 *
	 * - **Field Type**: GeoPoint
	 * - **Placeholder**: *None*
	 * - **API ID Path**: id.sliceZone[].foo.items.elit
	 * - **Documentation**: https://prismic.io/docs/field#geopoint
	 */
	elit: prismic.GeoPointField;
	
	/**
	 * Sit field in *Id → Slice zone → Et Tortor → Items*
	 *
	 * - **Field Type**: Text
	 * - **Placeholder**: Aliquet sagittis id
	 * - **API ID Path**: id.sliceZone[].foo.items.blandit
	 * - **Documentation**: https://prismic.io/docs/field#key-text
	 */
	blandit: prismic.KeyTextField;
	
	/**
	 * Mi field in *Id → Slice zone → Et Tortor → Items*
	 *
	 * - **Field Type**: Link
	 * - **Placeholder**: Sed turpis tincidunt
	 * - **API ID Path**: id.sliceZone[].foo.items.fusce_id
	 * - **Documentation**: https://prismic.io/docs/field#link-content-relationship
	 */
	fusce_id: prismic.LinkField;
	
	/**
	 * Scelerisque field in *Id → Slice zone → Et Tortor → Items*
	 *
	 * - **Field Type**: Rich Text
	 * - **Placeholder**: Mauris cursus mattis
	 * - **API ID Path**: id.sliceZone[].foo.items.id
	 * - **Documentation**: https://prismic.io/docs/field#rich-text-title
	 */
	id: prismic.RichTextField;
	
	/**
	 * Dignissim field in *Id → Slice zone → Et Tortor → Items*
	 *
	 * - **Field Type**: Select
	 * - **Placeholder**: Cras fermentum odio
	 * - **API ID Path**: id.sliceZone[].foo.items.posuere
	 * - **Documentation**: https://prismic.io/docs/field#select
	 */
	posuere: prismic.SelectField;
}

/**
 * Slice for *Id → Slice zone*
 */
export type IdDocumentDataSliceZoneFooSlice = prismic.Slice<\\"foo\\", Simplify<IdDocumentDataSliceZoneFooSlicePrimary>, Simplify<IdDocumentDataSliceZoneFooSliceItem>>

type IdDocumentDataSliceZoneSlice = IdDocumentDataSliceZoneFooSlice

/**
 * Content for Id documents
 */
interface IdDocumentData {
	/**
	 * Congue field in *Id*
	 *
	 * - **Field Type**: Boolean
	 * - **Placeholder**: *None*
	 * - **API ID Path**: id.at
	 * - **Tab**: Main
	 * - **Documentation**: https://prismic.io/docs/field#boolean
	 */
	at: prismic.BooleanField;
	
	/**
	 * Tempus field in *Id*
	 *
	 * - **Field Type**: Color
	 * - **Placeholder**: In eu mi
	 * - **API ID Path**: id.sapien_faucibus
	 * - **Tab**: Main
	 * - **Documentation**: https://prismic.io/docs/field#color
	 */
	sapien_faucibus: prismic.ColorField;
	
	/**
	 * Convallis field in *Id*
	 *
	 * - **Field Type**: Content Relationship
	 * - **Placeholder**: Tincidunt dui ut
	 * - **API ID Path**: id.a_diam
	 * - **Tab**: Main
	 * - **Documentation**: https://prismic.io/docs/field#link-content-relationship
	 */
	a_diam: prismic.ContentRelationshipField;
	
	/**
	 * Ultrices field in *Id*
	 *
	 * - **Field Type**: Date
	 * - **Placeholder**: Eget velit aliquet
	 * - **API ID Path**: id.sapien_nec
	 * - **Tab**: Main
	 * - **Documentation**: https://prismic.io/docs/field#date
	 */
	sapien_nec: prismic.DateField;
	
	/**
	 * Ornare field in *Id*
	 *
	 * - **Field Type**: Integration Fields (Catalog: \`ut_tellus\`)
	 * - **Placeholder**: *None*
	 * - **API ID Path**: id.malesuada
	 * - **Tab**: Main
	 * - **Documentation**: https://prismic.io/docs/field#integration
	 */
	malesuada: prismic.IntegrationField;
	
	/**
	 * Cursus field in *Id*
	 *
	 * - **Field Type**: Text
	 * - **Placeholder**: Ullamcorper dignissim cras
	 * - **API ID Path**: id.id_ornare
	 * - **Tab**: Main
	 * - **Documentation**: https://prismic.io/docs/field#key-text
	 */
	id_ornare: prismic.KeyTextField;
	
	/**
	 * Commodo field in *Id*
	 *
	 * - **Field Type**: Rich Text
	 * - **Placeholder**: Ut sem viverra
	 * - **API ID Path**: id.porta
	 * - **Tab**: Main
	 * - **Documentation**: https://prismic.io/docs/field#rich-text-title
	 */
	porta: prismic.RichTextField;
	
	/**
	 * Duis field in *Id*
	 *
	 * - **Field Type**: Timestamp
	 * - **Placeholder**: Nulla porttitor massa
	 * - **API ID Path**: id.eget
	 * - **Tab**: Main
	 * - **Documentation**: https://prismic.io/docs/field#timestamp
	 */
	eget: prismic.TimestampField;
	
	/**
	 * Eu field in *Id*
	 *
	 * - **Field Type**: Title
	 * - **Placeholder**: Amet consectetur adipiscing
	 * - **API ID Path**: id.cursus_turpis
	 * - **Tab**: Main
	 * - **Documentation**: https://prismic.io/docs/field#rich-text-title
	 */
	cursus_turpis: prismic.TitleField;
	
	/**
	 * Pretium field in *Id*
	 *
	 * - **Field Type**: Group
	 * - **Placeholder**: *None*
	 * - **API ID Path**: id.group[]
	 * - **Tab**: Main
	 * - **Documentation**: https://prismic.io/docs/field#group
	 */
	group: prismic.GroupField<Simplify<IdDocumentDataGroupItem>>;
	
	/**
	 * Slice zone field in *Id*
	 *
	 * - **Field Type**: Slice Zone
	 * - **Placeholder**: *None*
	 * - **API ID Path**: id.sliceZone[]
	 * - **Tab**: Main
	 * - **Documentation**: https://prismic.io/docs/field#slices
	 */
	sliceZone: prismic.SliceZone<IdDocumentDataSliceZoneSlice>;
}

/**
 * Id document from Prismic
 *
 * - **API ID**: \`id\`
 * - **Repeatable**: \`false\`
 * - **Documentation**: https://prismic.io/docs/custom-types
 *
 * @typeParam Lang - Language API ID of the document.
 */
export type IdDocument<Lang extends string = string> = prismic.PrismicDocumentWithoutUID<Simplify<IdDocumentData>, \\"id\\", Lang>;

export type AllDocumentTypes = EgetDocument | EnimDocument | EtDocument | IdDocument | IdDocument;

/**
 * Primary content in *Elementum → Et → Primary*
 */
export interface ElementumSliceEtPrimary {
	/**
	 * Bibendum field in *Elementum → Et → Primary*
	 *
	 * - **Field Type**: Color
	 * - **Placeholder**: Ac tortor vitae
	 * - **API ID Path**: elementum.et.primary.semper
	 * - **Documentation**: https://prismic.io/docs/field#color
	 */
	semper: prismic.ColorField;
	
	/**
	 * Turpis field in *Elementum → Et → Primary*
	 *
	 * - **Field Type**: Embed
	 * - **Placeholder**: Volutpat commodo sed
	 * - **API ID Path**: elementum.et.primary.eget_nunc
	 * - **Documentation**: https://prismic.io/docs/field#embed
	 */
	eget_nunc: prismic.EmbedField
	
	/**
	 * A field in *Elementum → Et → Primary*
	 *
	 * - **Field Type**: GeoPoint
	 * - **Placeholder**: *None*
	 * - **API ID Path**: elementum.et.primary.molestie_at
	 * - **Documentation**: https://prismic.io/docs/field#geopoint
	 */
	molestie_at: prismic.GeoPointField;
	
	/**
	 * Pretium field in *Elementum → Et → Primary*
	 *
	 * - **Field Type**: Rich Text
	 * - **Placeholder**: Justo eget magna
	 * - **API ID Path**: elementum.et.primary.volutpat
	 * - **Documentation**: https://prismic.io/docs/field#rich-text-title
	 */
	volutpat: prismic.RichTextField;
	
	/**
	 * Habitasse field in *Elementum → Et → Primary*
	 *
	 * - **Field Type**: Timestamp
	 * - **Placeholder**: Adipiscing elit duis
	 * - **API ID Path**: elementum.et.primary.ullamcorper_malesuada
	 * - **Documentation**: https://prismic.io/docs/field#timestamp
	 */
	ullamcorper_malesuada: prismic.TimestampField;
	
	/**
	 * Ultricies field in *Elementum → Et → Primary*
	 *
	 * - **Field Type**: Title
	 * - **Placeholder**: Purus sit amet
	 * - **API ID Path**: elementum.et.primary.nibh
	 * - **Documentation**: https://prismic.io/docs/field#rich-text-title
	 */
	nibh: prismic.TitleField;
}

/**
 * Primary content in *Elementum → Items*
 */
export interface ElementumSliceEtItem {
	/**
	 * Neque field in *Elementum → Items*
	 *
	 * - **Field Type**: Color
	 * - **Placeholder**: Sed libero enim
	 * - **API ID Path**: elementum.items[].convallis_posuere
	 * - **Documentation**: https://prismic.io/docs/field#color
	 */
	convallis_posuere: prismic.ColorField;
	
	/**
	 * Ornare field in *Elementum → Items*
	 *
	 * - **Field Type**: Embed
	 * - **Placeholder**: Id donec ultrices
	 * - **API ID Path**: elementum.items[].hendrerit_gravida
	 * - **Documentation**: https://prismic.io/docs/field#embed
	 */
	hendrerit_gravida: prismic.EmbedField
	
	/**
	 * Nisl field in *Elementum → Items*
	 *
	 * - **Field Type**: GeoPoint
	 * - **Placeholder**: *None*
	 * - **API ID Path**: elementum.items[].amet_facilisis
	 * - **Documentation**: https://prismic.io/docs/field#geopoint
	 */
	amet_facilisis: prismic.GeoPointField;
	
	/**
	 * Neque field in *Elementum → Items*
	 *
	 * - **Field Type**: Image
	 * - **Placeholder**: *None*
	 * - **API ID Path**: elementum.items[].turpis_tincidunt
	 * - **Documentation**: https://prismic.io/docs/field#image
	 */
	turpis_tincidunt: prismic.ImageField<never>;
	
	/**
	 * Fermentum field in *Elementum → Items*
	 *
	 * - **Field Type**: Integration Fields (Catalog: \`pellentesque_nec\`)
	 * - **Placeholder**: *None*
	 * - **API ID Path**: elementum.items[].vulputate_enim
	 * - **Documentation**: https://prismic.io/docs/field#integration
	 */
	vulputate_enim: prismic.IntegrationField;
	
	/**
	 * Eget field in *Elementum → Items*
	 *
	 * - **Field Type**: Link
	 * - **Placeholder**: Congue mauris rhoncus
	 * - **API ID Path**: elementum.items[].ornare_suspendisse
	 * - **Documentation**: https://prismic.io/docs/field#link-content-relationship
	 */
	ornare_suspendisse: prismic.LinkField;
	
	/**
	 * Leo field in *Elementum → Items*
	 *
	 * - **Field Type**: Number
	 * - **Placeholder**: Gravida hendrerit lectus
	 * - **API ID Path**: elementum.items[].tellus_rutrum
	 * - **Documentation**: https://prismic.io/docs/field#number
	 */
	tellus_rutrum: prismic.NumberField;
	
	/**
	 * Eu field in *Elementum → Items*
	 *
	 * - **Field Type**: Rich Text
	 * - **Placeholder**: Cras adipiscing enim
	 * - **API ID Path**: elementum.items[].ut
	 * - **Documentation**: https://prismic.io/docs/field#rich-text-title
	 */
	ut: prismic.RichTextField;
	
	/**
	 * A field in *Elementum → Items*
	 *
	 * - **Field Type**: Timestamp
	 * - **Placeholder**: Faucibus scelerisque eleifend
	 * - **API ID Path**: elementum.items[].amet_commodo
	 * - **Documentation**: https://prismic.io/docs/field#timestamp
	 */
	amet_commodo: prismic.TimestampField;
	
	/**
	 * Rutrum field in *Elementum → Items*
	 *
	 * - **Field Type**: Title
	 * - **Placeholder**: Dictum non consectetur
	 * - **API ID Path**: elementum.items[].gravida_hendrerit
	 * - **Documentation**: https://prismic.io/docs/field#rich-text-title
	 */
	gravida_hendrerit: prismic.TitleField;
}

/**
 * Et variation for Elementum Slice
 *
 * - **API ID**: \`et\`
 * - **Description**: Volutpat lacus laoreet non curabitur gravida
 * - **Documentation**: https://prismic.io/docs/slice
 */
export type ElementumSliceEt = prismic.SharedSliceVariation<\\"et\\", Simplify<ElementumSliceEtPrimary>, Simplify<ElementumSliceEtItem>>;

/**
 * Slice variation for *Elementum*
 */
type ElementumSliceVariation = ElementumSliceEt

/**
 * Elementum Shared Slice
 *
 * - **API ID**: \`elementum\`
 * - **Description**: Consectetur adipiscing elit pellentesque habitant
 * - **Documentation**: https://prismic.io/docs/slice
 */
export type ElementumSlice = prismic.SharedSlice<\\"elementum\\", ElementumSliceVariation>;

/**
 * Primary content in *Nisl → Amet → Primary*
 */
export interface NislSliceAmetPrimary {
	/**
	 * Massa field in *Nisl → Amet → Primary*
	 *
	 * - **Field Type**: Boolean
	 * - **Placeholder**: *None*
	 * - **API ID Path**: nisl.amet.primary.id
	 * - **Documentation**: https://prismic.io/docs/field#boolean
	 */
	id: prismic.BooleanField;
	
	/**
	 * In field in *Nisl → Amet → Primary*
	 *
	 * - **Field Type**: Content Relationship
	 * - **Placeholder**: Sed velit dignissim
	 * - **API ID Path**: nisl.amet.primary.pellentesque
	 * - **Documentation**: https://prismic.io/docs/field#link-content-relationship
	 */
	pellentesque: prismic.ContentRelationshipField;
	
	/**
	 * Ullamcorper field in *Nisl → Amet → Primary*
	 *
	 * - **Field Type**: Embed
	 * - **Placeholder**: Eget gravida cum
	 * - **API ID Path**: nisl.amet.primary.mattis
	 * - **Documentation**: https://prismic.io/docs/field#embed
	 */
	mattis: prismic.EmbedField
	
	/**
	 * At field in *Nisl → Amet → Primary*
	 *
	 * - **Field Type**: GeoPoint
	 * - **Placeholder**: *None*
	 * - **API ID Path**: nisl.amet.primary.quisque_non
	 * - **Documentation**: https://prismic.io/docs/field#geopoint
	 */
	quisque_non: prismic.GeoPointField;
	
	/**
	 * Tempus field in *Nisl → Amet → Primary*
	 *
	 * - **Field Type**: Integration Fields (Catalog: \`at_volutpat\`)
	 * - **Placeholder**: *None*
	 * - **API ID Path**: nisl.amet.primary.lobortis
	 * - **Documentation**: https://prismic.io/docs/field#integration
	 */
	lobortis: prismic.IntegrationField;
	
	/**
	 * Porta field in *Nisl → Amet → Primary*
	 *
	 * - **Field Type**: Link
	 * - **Placeholder**: Vitae tempus quam
	 * - **API ID Path**: nisl.amet.primary.convallis_tellus
	 * - **Documentation**: https://prismic.io/docs/field#link-content-relationship
	 */
	convallis_tellus: prismic.LinkField;
	
	/**
	 * Tristique field in *Nisl → Amet → Primary*
	 *
	 * - **Field Type**: Link to Media
	 * - **Placeholder**: Nulla posuere sollicitudin
	 * - **API ID Path**: nisl.amet.primary.eget
	 * - **Documentation**: https://prismic.io/docs/field#link-content-relationship
	 */
	eget: prismic.LinkToMediaField;
	
	/**
	 * In field in *Nisl → Amet → Primary*
	 *
	 * - **Field Type**: Number
	 * - **Placeholder**: Et tortor consequat
	 * - **API ID Path**: nisl.amet.primary.semper
	 * - **Documentation**: https://prismic.io/docs/field#number
	 */
	semper: prismic.NumberField;
	
	/**
	 * Dictum field in *Nisl → Amet → Primary*
	 *
	 * - **Field Type**: Rich Text
	 * - **Placeholder**: Cursus turpis massa
	 * - **API ID Path**: nisl.amet.primary.turpis
	 * - **Documentation**: https://prismic.io/docs/field#rich-text-title
	 */
	turpis: prismic.RichTextField;
	
	/**
	 * Amet field in *Nisl → Amet → Primary*
	 *
	 * - **Field Type**: Title
	 * - **Placeholder**: Aliquet bibendum enim
	 * - **API ID Path**: nisl.amet.primary.condimentum
	 * - **Documentation**: https://prismic.io/docs/field#rich-text-title
	 */
	condimentum: prismic.TitleField;
}

/**
 * Primary content in *Nisl → Items*
 */
export interface NislSliceAmetItem {
	/**
	 * Metus field in *Nisl → Items*
	 *
	 * - **Field Type**: Content Relationship
	 * - **Placeholder**: Pellentesque id nibh
	 * - **API ID Path**: nisl.items[].nulla
	 * - **Documentation**: https://prismic.io/docs/field#link-content-relationship
	 */
	nulla: prismic.ContentRelationshipField;
	
	/**
	 * In field in *Nisl → Items*
	 *
	 * - **Field Type**: Text
	 * - **Placeholder**: Dignissim convallis aenean
	 * - **API ID Path**: nisl.items[].etiam_erat
	 * - **Documentation**: https://prismic.io/docs/field#key-text
	 */
	etiam_erat: prismic.KeyTextField;
	
	/**
	 * Euismod field in *Nisl → Items*
	 *
	 * - **Field Type**: Link to Media
	 * - **Placeholder**: Diam quam nulla
	 * - **API ID Path**: nisl.items[].suscipit_tellus
	 * - **Documentation**: https://prismic.io/docs/field#link-content-relationship
	 */
	suscipit_tellus: prismic.LinkToMediaField;
	
	/**
	 * Dictum field in *Nisl → Items*
	 *
	 * - **Field Type**: Rich Text
	 * - **Placeholder**: Ut tristique et
	 * - **API ID Path**: nisl.items[].quis
	 * - **Documentation**: https://prismic.io/docs/field#rich-text-title
	 */
	quis: prismic.RichTextField;
}

/**
 * Amet variation for Nisl Slice
 *
 * - **API ID**: \`amet\`
 * - **Description**: Diam in arcu cursus euismod quis
 * - **Documentation**: https://prismic.io/docs/slice
 */
export type NislSliceAmet = prismic.SharedSliceVariation<\\"amet\\", Simplify<NislSliceAmetPrimary>, Simplify<NislSliceAmetItem>>;

/**
 * Slice variation for *Nisl*
 */
type NislSliceVariation = NislSliceAmet

/**
 * Nisl Shared Slice
 *
 * - **API ID**: \`nisl\`
 * - **Description**: Aliquam ultrices sagittis orci a scelerisque
 * - **Documentation**: https://prismic.io/docs/slice
 */
export type NislSlice = prismic.SharedSlice<\\"nisl\\", NislSliceVariation>;

/**
 * Primary content in *Dictumst → Ante → Primary*
 */
export interface DictumstSliceAntePrimary {
	/**
	 * Tristique field in *Dictumst → Ante → Primary*
	 *
	 * - **Field Type**: Boolean
	 * - **Placeholder**: *None*
	 * - **API ID Path**: dictumst.ante.primary.risus
	 * - **Documentation**: https://prismic.io/docs/field#boolean
	 */
	risus: prismic.BooleanField;
	
	/**
	 * Suspendisse field in *Dictumst → Ante → Primary*
	 *
	 * - **Field Type**: GeoPoint
	 * - **Placeholder**: *None*
	 * - **API ID Path**: dictumst.ante.primary.lacus
	 * - **Documentation**: https://prismic.io/docs/field#geopoint
	 */
	lacus: prismic.GeoPointField;
	
	/**
	 * Malesuada field in *Dictumst → Ante → Primary*
	 *
	 * - **Field Type**: Text
	 * - **Placeholder**: Elementum sagittis vitae
	 * - **API ID Path**: dictumst.ante.primary.tincidunt_vitae
	 * - **Documentation**: https://prismic.io/docs/field#key-text
	 */
	tincidunt_vitae: prismic.KeyTextField;
	
	/**
	 * Sodales field in *Dictumst → Ante → Primary*
	 *
	 * - **Field Type**: Select
	 * - **Placeholder**: Sed velit dignissim
	 * - **API ID Path**: dictumst.ante.primary.eget
	 * - **Documentation**: https://prismic.io/docs/field#select
	 */
	eget: prismic.SelectField;
	
	/**
	 * Sed field in *Dictumst → Ante → Primary*
	 *
	 * - **Field Type**: Rich Text
	 * - **Placeholder**: Tempor id eu
	 * - **API ID Path**: dictumst.ante.primary.morbi
	 * - **Documentation**: https://prismic.io/docs/field#rich-text-title
	 */
	morbi: prismic.RichTextField;
	
	/**
	 * Aliquam field in *Dictumst → Ante → Primary*
	 *
	 * - **Field Type**: Timestamp
	 * - **Placeholder**: At imperdiet dui
	 * - **API ID Path**: dictumst.ante.primary.nunc
	 * - **Documentation**: https://prismic.io/docs/field#timestamp
	 */
	nunc: prismic.TimestampField;
	
	/**
	 * Feugiat field in *Dictumst → Ante → Primary*
	 *
	 * - **Field Type**: Title
	 * - **Placeholder**: Ipsum dolor sit
	 * - **API ID Path**: dictumst.ante.primary.urna
	 * - **Documentation**: https://prismic.io/docs/field#rich-text-title
	 */
	urna: prismic.TitleField;
}

/**
 * Primary content in *Dictumst → Items*
 */
export interface DictumstSliceAnteItem {
	/**
	 * Blandit field in *Dictumst → Items*
	 *
	 * - **Field Type**: Embed
	 * - **Placeholder**: Molestie a iaculis
	 * - **API ID Path**: dictumst.items[].ornare_suspendisse
	 * - **Documentation**: https://prismic.io/docs/field#embed
	 */
	ornare_suspendisse: prismic.EmbedField
	
	/**
	 * Viverra field in *Dictumst → Items*
	 *
	 * - **Field Type**: GeoPoint
	 * - **Placeholder**: *None*
	 * - **API ID Path**: dictumst.items[].sed
	 * - **Documentation**: https://prismic.io/docs/field#geopoint
	 */
	sed: prismic.GeoPointField;
	
	/**
	 * Elit field in *Dictumst → Items*
	 *
	 * - **Field Type**: Integration Fields (Catalog: \`eu_non\`)
	 * - **Placeholder**: *None*
	 * - **API ID Path**: dictumst.items[].mauris_vitae
	 * - **Documentation**: https://prismic.io/docs/field#integration
	 */
	mauris_vitae: prismic.IntegrationField;
	
	/**
	 * Donec field in *Dictumst → Items*
	 *
	 * - **Field Type**: Link
	 * - **Placeholder**: Ac ut consequat
	 * - **API ID Path**: dictumst.items[].non
	 * - **Documentation**: https://prismic.io/docs/field#link-content-relationship
	 */
	non: prismic.LinkField;
	
	/**
	 * Arcu field in *Dictumst → Items*
	 *
	 * - **Field Type**: Link to Media
	 * - **Placeholder**: Mattis rhoncus urna
	 * - **API ID Path**: dictumst.items[].donec
	 * - **Documentation**: https://prismic.io/docs/field#link-content-relationship
	 */
	donec: prismic.LinkToMediaField;
	
	/**
	 * Dictum field in *Dictumst → Items*
	 *
	 * - **Field Type**: Number
	 * - **Placeholder**: Adipiscing elit duis
	 * - **API ID Path**: dictumst.items[].aliquet
	 * - **Documentation**: https://prismic.io/docs/field#number
	 */
	aliquet: prismic.NumberField;
	
	/**
	 * Ut field in *Dictumst → Items*
	 *
	 * - **Field Type**: Rich Text
	 * - **Placeholder**: Magna fringilla urna
	 * - **API ID Path**: dictumst.items[].varius_duis
	 * - **Documentation**: https://prismic.io/docs/field#rich-text-title
	 */
	varius_duis: prismic.RichTextField;
	
	/**
	 * Gravida field in *Dictumst → Items*
	 *
	 * - **Field Type**: Select
	 * - **Placeholder**: Nibh tortor id
	 * - **API ID Path**: dictumst.items[].bibendum_enim
	 * - **Documentation**: https://prismic.io/docs/field#select
	 */
	bibendum_enim: prismic.SelectField;
	
	/**
	 * At field in *Dictumst → Items*
	 *
	 * - **Field Type**: Timestamp
	 * - **Placeholder**: Orci sagittis eu
	 * - **API ID Path**: dictumst.items[].cursus_vitae
	 * - **Documentation**: https://prismic.io/docs/field#timestamp
	 */
	cursus_vitae: prismic.TimestampField;
}

/**
 * Ante variation for Dictumst Slice
 *
 * - **API ID**: \`ante\`
 * - **Description**: Id cursus metus aliquam eleifend mi
 * - **Documentation**: https://prismic.io/docs/slice
 */
export type DictumstSliceAnte = prismic.SharedSliceVariation<\\"ante\\", Simplify<DictumstSliceAntePrimary>, Simplify<DictumstSliceAnteItem>>;

/**
 * Slice variation for *Dictumst*
 */
type DictumstSliceVariation = DictumstSliceAnte

/**
 * Dictumst Shared Slice
 *
 * - **API ID**: \`dictumst\`
 * - **Description**: Quis ipsum suspendisse ultrices gravida dictum
 * - **Documentation**: https://prismic.io/docs/slice
 */
export type DictumstSlice = prismic.SharedSlice<\\"dictumst\\", DictumstSliceVariation>;

/**
 * Primary content in *Interdum → Eros → Primary*
 */
export interface InterdumSliceErosPrimary {
	/**
	 * Commodo field in *Interdum → Eros → Primary*
	 *
	 * - **Field Type**: Boolean
	 * - **Placeholder**: *None*
	 * - **API ID Path**: interdum.eros.primary.sed_arcu
	 * - **Documentation**: https://prismic.io/docs/field#boolean
	 */
	sed_arcu: prismic.BooleanField;
	
	/**
	 * Sem field in *Interdum → Eros → Primary*
	 *
	 * - **Field Type**: Date
	 * - **Placeholder**: At volutpat diam
	 * - **API ID Path**: interdum.eros.primary.gravida_cum
	 * - **Documentation**: https://prismic.io/docs/field#date
	 */
	gravida_cum: prismic.DateField;
	
	/**
	 * Cras field in *Interdum → Eros → Primary*
	 *
	 * - **Field Type**: Image
	 * - **Placeholder**: *None*
	 * - **API ID Path**: interdum.eros.primary.dictum_non
	 * - **Documentation**: https://prismic.io/docs/field#image
	 */
	dictum_non: prismic.ImageField<never>;
	
	/**
	 * Malesuada field in *Interdum → Eros → Primary*
	 *
	 * - **Field Type**: Text
	 * - **Placeholder**: Accumsan in nisl
	 * - **API ID Path**: interdum.eros.primary.sit_amet
	 * - **Documentation**: https://prismic.io/docs/field#key-text
	 */
	sit_amet: prismic.KeyTextField;
	
	/**
	 * Nisl field in *Interdum → Eros → Primary*
	 *
	 * - **Field Type**: Select
	 * - **Placeholder**: Volutpat lacus laoreet
	 * - **API ID Path**: interdum.eros.primary.rhoncus
	 * - **Documentation**: https://prismic.io/docs/field#select
	 */
	rhoncus: prismic.SelectField;
	
	/**
	 * Donec field in *Interdum → Eros → Primary*
	 *
	 * - **Field Type**: Timestamp
	 * - **Placeholder**: Erat velit scelerisque
	 * - **API ID Path**: interdum.eros.primary.magnis_dis
	 * - **Documentation**: https://prismic.io/docs/field#timestamp
	 */
	magnis_dis: prismic.TimestampField;
}

/**
 * Primary content in *Interdum → Items*
 */
export interface InterdumSliceErosItem {
	/**
	 * Tempus field in *Interdum → Items*
	 *
	 * - **Field Type**: Boolean
	 * - **Placeholder**: *None*
	 * - **API ID Path**: interdum.items[].non_odio
	 * - **Documentation**: https://prismic.io/docs/field#boolean
	 */
	non_odio: prismic.BooleanField;
	
	/**
	 * Quam field in *Interdum → Items*
	 *
	 * - **Field Type**: Date
	 * - **Placeholder**: Eget mi proin
	 * - **API ID Path**: interdum.items[].nec
	 * - **Documentation**: https://prismic.io/docs/field#date
	 */
	nec: prismic.DateField;
	
	/**
	 * Neque field in *Interdum → Items*
	 *
	 * - **Field Type**: GeoPoint
	 * - **Placeholder**: *None*
	 * - **API ID Path**: interdum.items[].velit_laoreet
	 * - **Documentation**: https://prismic.io/docs/field#geopoint
	 */
	velit_laoreet: prismic.GeoPointField;
	
	/**
	 * At field in *Interdum → Items*
	 *
	 * - **Field Type**: Image
	 * - **Placeholder**: *None*
	 * - **API ID Path**: interdum.items[].quam_viverra
	 * - **Documentation**: https://prismic.io/docs/field#image
	 */
	quam_viverra: prismic.ImageField<never>;
	
	/**
	 * Enim field in *Interdum → Items*
	 *
	 * - **Field Type**: Text
	 * - **Placeholder**: Vitae et leo
	 * - **API ID Path**: interdum.items[].fames_ac
	 * - **Documentation**: https://prismic.io/docs/field#key-text
	 */
	fames_ac: prismic.KeyTextField;
	
	/**
	 * Egestas field in *Interdum → Items*
	 *
	 * - **Field Type**: Number
	 * - **Placeholder**: Risus in hendrerit
	 * - **API ID Path**: interdum.items[].porttitor_rhoncus
	 * - **Documentation**: https://prismic.io/docs/field#number
	 */
	porttitor_rhoncus: prismic.NumberField;
	
	/**
	 * Mauris field in *Interdum → Items*
	 *
	 * - **Field Type**: Select
	 * - **Placeholder**: Cursus risus at
	 * - **API ID Path**: interdum.items[].risus
	 * - **Documentation**: https://prismic.io/docs/field#select
	 */
	risus: prismic.SelectField;
	
	/**
	 * Nulla field in *Interdum → Items*
	 *
	 * - **Field Type**: Timestamp
	 * - **Placeholder**: Interdum velit laoreet
	 * - **API ID Path**: interdum.items[].turpis_cursus
	 * - **Documentation**: https://prismic.io/docs/field#timestamp
	 */
	turpis_cursus: prismic.TimestampField;
}

/**
 * Eros variation for Interdum Slice
 *
 * - **API ID**: \`eros\`
 * - **Description**: Vulputate mi sit amet mauris commodo
 * - **Documentation**: https://prismic.io/docs/slice
 */
export type InterdumSliceEros = prismic.SharedSliceVariation<\\"eros\\", Simplify<InterdumSliceErosPrimary>, Simplify<InterdumSliceErosItem>>;

/**
 * Slice variation for *Interdum*
 */
type InterdumSliceVariation = InterdumSliceEros

/**
 * Interdum Shared Slice
 *
 * - **API ID**: \`interdum\`
 * - **Description**: Iaculis at erat pellentesque adipiscing commodo elit
 * - **Documentation**: https://prismic.io/docs/slice
 */
export type InterdumSlice = prismic.SharedSlice<\\"interdum\\", InterdumSliceVariation>;

/**
 * Primary content in *Ac → Nibh → Primary*
 */
export interface AcSliceNibhPrimary {
	/**
	 * In field in *Ac → Nibh → Primary*
	 *
	 * - **Field Type**: Boolean
	 * - **Placeholder**: *None*
	 * - **API ID Path**: ac.nibh.primary.in
	 * - **Documentation**: https://prismic.io/docs/field#boolean
	 */
	in: prismic.BooleanField;
	
	/**
	 * Neque field in *Ac → Nibh → Primary*
	 *
	 * - **Field Type**: Color
	 * - **Placeholder**: Euismod lacinia at
	 * - **API ID Path**: ac.nibh.primary.elementum_eu
	 * - **Documentation**: https://prismic.io/docs/field#color
	 */
	elementum_eu: prismic.ColorField;
	
	/**
	 * Luctus field in *Ac → Nibh → Primary*
	 *
	 * - **Field Type**: Content Relationship
	 * - **Placeholder**: Enim neque volutpat
	 * - **API ID Path**: ac.nibh.primary.venenatis
	 * - **Documentation**: https://prismic.io/docs/field#link-content-relationship
	 */
	venenatis: prismic.ContentRelationshipField;
	
	/**
	 * Scelerisque field in *Ac → Nibh → Primary*
	 *
	 * - **Field Type**: Date
	 * - **Placeholder**: Quis vel eros
	 * - **API ID Path**: ac.nibh.primary.tortor_vitae
	 * - **Documentation**: https://prismic.io/docs/field#date
	 */
	tortor_vitae: prismic.DateField;
	
	/**
	 * Diam field in *Ac → Nibh → Primary*
	 *
	 * - **Field Type**: Image
	 * - **Placeholder**: *None*
	 * - **API ID Path**: ac.nibh.primary.nunc
	 * - **Documentation**: https://prismic.io/docs/field#image
	 */
	nunc: prismic.ImageField<never>;
	
	/**
	 * Lacus field in *Ac → Nibh → Primary*
	 *
	 * - **Field Type**: Integration Fields (Catalog: \`leo_urna\`)
	 * - **Placeholder**: *None*
	 * - **API ID Path**: ac.nibh.primary.euismod
	 * - **Documentation**: https://prismic.io/docs/field#integration
	 */
	euismod: prismic.IntegrationField;
	
	/**
	 * Tincidunt field in *Ac → Nibh → Primary*
	 *
	 * - **Field Type**: Text
	 * - **Placeholder**: Enim tortor at
	 * - **API ID Path**: ac.nibh.primary.facilisi_etiam
	 * - **Documentation**: https://prismic.io/docs/field#key-text
	 */
	facilisi_etiam: prismic.KeyTextField;
	
	/**
	 * Ante field in *Ac → Nibh → Primary*
	 *
	 * - **Field Type**: Rich Text
	 * - **Placeholder**: Vulputate mi sit
	 * - **API ID Path**: ac.nibh.primary.magna_fringilla
	 * - **Documentation**: https://prismic.io/docs/field#rich-text-title
	 */
	magna_fringilla: prismic.RichTextField;
	
	/**
	 * Fermentum field in *Ac → Nibh → Primary*
	 *
	 * - **Field Type**: Select
	 * - **Placeholder**: Faucibus nisl tincidunt
	 * - **API ID Path**: ac.nibh.primary.non
	 * - **Documentation**: https://prismic.io/docs/field#select
	 */
	non: prismic.SelectField;
	
	/**
	 * Bibendum field in *Ac → Nibh → Primary*
	 *
	 * - **Field Type**: Title
	 * - **Placeholder**: Diam quis enim
	 * - **API ID Path**: ac.nibh.primary.donec
	 * - **Documentation**: https://prismic.io/docs/field#rich-text-title
	 */
	donec: prismic.TitleField;
}

/**
 * Primary content in *Ac → Items*
 */
export interface AcSliceNibhItem {
	/**
	 * Arcu field in *Ac → Items*
	 *
	 * - **Field Type**: Integration Fields (Catalog: \`diam_in\`)
	 * - **Placeholder**: *None*
	 * - **API ID Path**: ac.items[].vivamus
	 * - **Documentation**: https://prismic.io/docs/field#integration
	 */
	vivamus: prismic.IntegrationField;
	
	/**
	 * Molestie field in *Ac → Items*
	 *
	 * - **Field Type**: Link
	 * - **Placeholder**: Sed velit dignissim
	 * - **API ID Path**: ac.items[].mi_in
	 * - **Documentation**: https://prismic.io/docs/field#link-content-relationship
	 */
	mi_in: prismic.LinkField;
	
	/**
	 * Lacus field in *Ac → Items*
	 *
	 * - **Field Type**: Link to Media
	 * - **Placeholder**: Pellentesque pulvinar pellentesque
	 * - **API ID Path**: ac.items[].dui
	 * - **Documentation**: https://prismic.io/docs/field#link-content-relationship
	 */
	dui: prismic.LinkToMediaField;
	
	/**
	 * Dui field in *Ac → Items*
	 *
	 * - **Field Type**: Number
	 * - **Placeholder**: Molestie lorem ipsum
	 * - **API ID Path**: ac.items[].massa
	 * - **Documentation**: https://prismic.io/docs/field#number
	 */
	massa: prismic.NumberField;
	
	/**
	 * Pharetra field in *Ac → Items*
	 *
	 * - **Field Type**: Select
	 * - **Placeholder**: Scelerisque mauris pellentesque
	 * - **API ID Path**: ac.items[].tellus_orci
	 * - **Documentation**: https://prismic.io/docs/field#select
	 */
	tellus_orci: prismic.SelectField;
	
	/**
	 * Tellus field in *Ac → Items*
	 *
	 * - **Field Type**: Title
	 * - **Placeholder**: Egestas sed sed
	 * - **API ID Path**: ac.items[].risus
	 * - **Documentation**: https://prismic.io/docs/field#rich-text-title
	 */
	risus: prismic.TitleField;
}

/**
 * Nibh variation for Ac Slice
 *
 * - **API ID**: \`nibh\`
 * - **Description**: Mollis aliquam ut porttitor leo a diam
 * - **Documentation**: https://prismic.io/docs/slice
 */
export type AcSliceNibh = prismic.SharedSliceVariation<\\"nibh\\", Simplify<AcSliceNibhPrimary>, Simplify<AcSliceNibhItem>>;

/**
 * Slice variation for *Ac*
 */
type AcSliceVariation = AcSliceNibh

/**
 * Ac Shared Slice
 *
 * - **API ID**: \`ac\`
 * - **Description**: Ac tortor vitae purus faucibus ornare suspendisse
 * - **Documentation**: https://prismic.io/docs/slice
 */
export type AcSlice = prismic.SharedSlice<\\"ac\\", AcSliceVariation>;

declare module \\"@prismicio/client\\" {
	interface CreateClient {
		(repositoryNameOrEndpoint: string, options?: prismicClient.ClientConfig): prismicClient.Client<AllDocumentTypes>;
	}
	
	namespace Content {
		export type {
			EgetDocument,
			EgetDocumentData,
			EgetDocumentDataGroupItem,
			EgetDocumentDataSliceZoneFooSlicePrimary,
			EgetDocumentDataSliceZoneFooSliceItem,
			EgetDocumentDataSliceZoneSlice,
			EnimDocument,
			EnimDocumentData,
			EnimDocumentDataGroupItem,
			EnimDocumentDataSliceZoneFooSlicePrimary,
			EnimDocumentDataSliceZoneFooSliceItem,
			EnimDocumentDataSliceZoneSlice,
			EtDocument,
			EtDocumentData,
			EtDocumentDataGroupItem,
			EtDocumentDataSliceZoneFooSlicePrimary,
			EtDocumentDataSliceZoneFooSliceItem,
			EtDocumentDataSliceZoneSlice,
			IdDocument,
			IdDocumentData,
			IdDocumentDataGroupItem,
			IdDocumentDataSliceZoneFooSlicePrimary,
			IdDocumentDataSliceZoneFooSliceItem,
			IdDocumentDataSliceZoneSlice,
			IdDocument,
			IdDocumentData,
			IdDocumentDataGroupItem,
			IdDocumentDataSliceZoneFooSlicePrimary,
			IdDocumentDataSliceZoneFooSliceItem,
			IdDocumentDataSliceZoneSlice,
			AllDocumentTypes,
			ElementumSlice,
			ElementumSliceEtPrimary,
			ElementumSliceEtItem,
			ElementumSliceVariation,
			ElementumSliceEt,
			NislSlice,
			NislSliceAmetPrimary,
			NislSliceAmetItem,
			NislSliceVariation,
			NislSliceAmet,
			DictumstSlice,
			DictumstSliceAntePrimary,
			DictumstSliceAnteItem,
			DictumstSliceVariation,
			DictumstSliceAnte,
			InterdumSlice,
			InterdumSliceErosPrimary,
			InterdumSliceErosItem,
			InterdumSliceVariation,
			InterdumSliceEros,
			AcSlice,
			AcSliceNibhPrimary,
			AcSliceNibhItem,
			AcSliceVariation,
			AcSliceNibh
		}
	}
}"
`;
