// Vitest Snapshot v1, https://vitest.dev/guide/snapshot.html

exports[`outputs correct code style 1`] = `
"import type * as prismic from \\"@prismicio/types\\";
import type * as prismicClient from \\"@prismicio/client\\";

type Simplify<T> = { [KeyType in keyof T]: T[KeyType] };

/**
 * Item in *Etiam → Lacus*
 */
export interface EtiamDocumentDataGroupItem {
	/**
	 * Dolor field in *Etiam → Lacus*
	 *
	 * - **Field Type**: Boolean
	 * - **Placeholder**: *None*
	 * - **API ID Path**: etiam.group[].amet
	 * - **Documentation**: https://prismic.io/docs/field#boolean
	 */
	amet: prismic.BooleanField;
	
	/**
	 * Auctor field in *Etiam → Lacus*
	 *
	 * - **Field Type**: Content Relationship
	 * - **Placeholder**: Diam quam nulla
	 * - **API ID Path**: etiam.group[].habitasse
	 * - **Documentation**: https://prismic.io/docs/field#link-content-relationship
	 */
	habitasse: prismic.ContentRelationshipField;
	
	/**
	 * Vel field in *Etiam → Lacus*
	 *
	 * - **Field Type**: Date
	 * - **Placeholder**: Platea dictumst quisque
	 * - **API ID Path**: etiam.group[].maecenas_sed
	 * - **Documentation**: https://prismic.io/docs/field#date
	 */
	maecenas_sed: prismic.DateField;
	
	/**
	 * Sit field in *Etiam → Lacus*
	 *
	 * - **Field Type**: Image
	 * - **Placeholder**: *None*
	 * - **API ID Path**: etiam.group[].nulla_porttitor
	 * - **Documentation**: https://prismic.io/docs/field#image
	 */
	nulla_porttitor: prismic.ImageField<never>;
	
	/**
	 * Sed field in *Etiam → Lacus*
	 *
	 * - **Field Type**: Text
	 * - **Placeholder**: Nunc sed id
	 * - **API ID Path**: etiam.group[].ultrices
	 * - **Documentation**: https://prismic.io/docs/field#key-text
	 */
	ultrices: prismic.KeyTextField;
	
	/**
	 * Facilisi field in *Etiam → Lacus*
	 *
	 * - **Field Type**: Number
	 * - **Placeholder**: Nunc id cursus
	 * - **API ID Path**: etiam.group[].odio_aenean
	 * - **Documentation**: https://prismic.io/docs/field#number
	 */
	odio_aenean: prismic.NumberField;
	
	/**
	 * Volutpat field in *Etiam → Lacus*
	 *
	 * - **Field Type**: Rich Text
	 * - **Placeholder**: Nulla facilisi morbi
	 * - **API ID Path**: etiam.group[].sit
	 * - **Documentation**: https://prismic.io/docs/field#rich-text-title
	 */
	sit: prismic.RichTextField;
	
	/**
	 * Facilisi field in *Etiam → Lacus*
	 *
	 * - **Field Type**: Title
	 * - **Placeholder**: Non pulvinar neque
	 * - **API ID Path**: etiam.group[].aliquet
	 * - **Documentation**: https://prismic.io/docs/field#rich-text-title
	 */
	aliquet: prismic.TitleField;
}

/**
 * Primary content in *Etiam → Slice zone → Commodo Ullamcorper → Primary*
 */
export interface EtiamDocumentDataSliceZoneFooSlicePrimary {
	/**
	 * Sagittis field in *Etiam → Slice zone → Commodo Ullamcorper → Primary*
	 *
	 * - **Field Type**: Color
	 * - **Placeholder**: Arcu cursus euismod
	 * - **API ID Path**: etiam.sliceZone[].foo.primary.at
	 * - **Documentation**: https://prismic.io/docs/field#color
	 */
	at: prismic.ColorField;
	
	/**
	 * Morbi field in *Etiam → Slice zone → Commodo Ullamcorper → Primary*
	 *
	 * - **Field Type**: Date
	 * - **Placeholder**: Urna nunc id
	 * - **API ID Path**: etiam.sliceZone[].foo.primary.ut_consequat
	 * - **Documentation**: https://prismic.io/docs/field#date
	 */
	ut_consequat: prismic.DateField;
	
	/**
	 * Libero field in *Etiam → Slice zone → Commodo Ullamcorper → Primary*
	 *
	 * - **Field Type**: Image
	 * - **Placeholder**: *None*
	 * - **API ID Path**: etiam.sliceZone[].foo.primary.dolor_sit
	 * - **Documentation**: https://prismic.io/docs/field#image
	 */
	dolor_sit: prismic.ImageField<never>;
	
	/**
	 * Ac field in *Etiam → Slice zone → Commodo Ullamcorper → Primary*
	 *
	 * - **Field Type**: Integration Fields (Catalog: \`lorem_sed\`)
	 * - **Placeholder**: *None*
	 * - **API ID Path**: etiam.sliceZone[].foo.primary.eu
	 * - **Documentation**: https://prismic.io/docs/field#integration
	 */
	eu: prismic.IntegrationField;
	
	/**
	 * Sit field in *Etiam → Slice zone → Commodo Ullamcorper → Primary*
	 *
	 * - **Field Type**: Text
	 * - **Placeholder**: Sit amet mattis
	 * - **API ID Path**: etiam.sliceZone[].foo.primary.porttitor_eget
	 * - **Documentation**: https://prismic.io/docs/field#key-text
	 */
	porttitor_eget: prismic.KeyTextField;
	
	/**
	 * A field in *Etiam → Slice zone → Commodo Ullamcorper → Primary*
	 *
	 * - **Field Type**: Link to Media
	 * - **Placeholder**: Gravida arcu ac
	 * - **API ID Path**: etiam.sliceZone[].foo.primary.sit_amet
	 * - **Documentation**: https://prismic.io/docs/field#link-content-relationship
	 */
	sit_amet: prismic.LinkToMediaField[];
	
	/**
	 * Vel field in *Etiam → Slice zone → Commodo Ullamcorper → Primary*
	 *
	 * - **Field Type**: Number
	 * - **Placeholder**: Metus aliquam eleifend
	 * - **API ID Path**: etiam.sliceZone[].foo.primary.nisl_suscipit
	 * - **Documentation**: https://prismic.io/docs/field#number
	 */
	nisl_suscipit: prismic.NumberField;
	
	/**
	 * Eget field in *Etiam → Slice zone → Commodo Ullamcorper → Primary*
	 *
	 * - **Field Type**: Rich Text
	 * - **Placeholder**: In ornare quam
	 * - **API ID Path**: etiam.sliceZone[].foo.primary.venenatis
	 * - **Documentation**: https://prismic.io/docs/field#rich-text-title
	 */
	venenatis: prismic.RichTextField;
	
	/**
	 * Feugiat field in *Etiam → Slice zone → Commodo Ullamcorper → Primary*
	 *
	 * - **Field Type**: Timestamp
	 * - **Placeholder**: Consectetur libero id
	 * - **API ID Path**: etiam.sliceZone[].foo.primary.ut_pharetra
	 * - **Documentation**: https://prismic.io/docs/field#timestamp
	 */
	ut_pharetra: prismic.TimestampField;
	
	/**
	 * Fermentum field in *Etiam → Slice zone → Commodo Ullamcorper → Primary*
	 *
	 * - **Field Type**: Title
	 * - **Placeholder**: Amet massa vitae
	 * - **API ID Path**: etiam.sliceZone[].foo.primary.vitae
	 * - **Documentation**: https://prismic.io/docs/field#rich-text-title
	 */
	vitae: prismic.TitleField;
}

/**
 * Item content in *Etiam → Slice zone → Commodo Ullamcorper → Items*
 */
export interface EtiamDocumentDataSliceZoneFooSliceItem {
	/**
	 * Ac field in *Etiam → Slice zone → Commodo Ullamcorper → Items*
	 *
	 * - **Field Type**: Color
	 * - **Placeholder**: Quisque egestas diam
	 * - **API ID Path**: etiam.sliceZone[].foo.items.morbi
	 * - **Documentation**: https://prismic.io/docs/field#color
	 */
	morbi: prismic.ColorField;
	
	/**
	 * Id field in *Etiam → Slice zone → Commodo Ullamcorper → Items*
	 *
	 * - **Field Type**: Content Relationship
	 * - **Placeholder**: Vulputate enim nulla
	 * - **API ID Path**: etiam.sliceZone[].foo.items.aliquam_malesuada
	 * - **Documentation**: https://prismic.io/docs/field#link-content-relationship
	 */
	aliquam_malesuada: prismic.ContentRelationshipField;
	
	/**
	 * Vitae field in *Etiam → Slice zone → Commodo Ullamcorper → Items*
	 *
	 * - **Field Type**: Date
	 * - **Placeholder**: Aliquam purus sit
	 * - **API ID Path**: etiam.sliceZone[].foo.items.neque_sodales
	 * - **Documentation**: https://prismic.io/docs/field#date
	 */
	neque_sodales: prismic.DateField;
	
	/**
	 * Massa field in *Etiam → Slice zone → Commodo Ullamcorper → Items*
	 *
	 * - **Field Type**: Embed
	 * - **Placeholder**: Nulla aliquet enim
	 * - **API ID Path**: etiam.sliceZone[].foo.items.nulla
	 * - **Documentation**: https://prismic.io/docs/field#embed
	 */
	nulla: prismic.EmbedField
	
	/**
	 * Tincidunt field in *Etiam → Slice zone → Commodo Ullamcorper → Items*
	 *
	 * - **Field Type**: Image
	 * - **Placeholder**: *None*
	 * - **API ID Path**: etiam.sliceZone[].foo.items.et_malesuada
	 * - **Documentation**: https://prismic.io/docs/field#image
	 */
	et_malesuada: prismic.ImageField<never>;
	
	/**
	 * In field in *Etiam → Slice zone → Commodo Ullamcorper → Items*
	 *
	 * - **Field Type**: Integration Fields (Catalog: \`in_ante\`)
	 * - **Placeholder**: *None*
	 * - **API ID Path**: etiam.sliceZone[].foo.items.sapien
	 * - **Documentation**: https://prismic.io/docs/field#integration
	 */
	sapien: prismic.IntegrationField;
	
	/**
	 * In field in *Etiam → Slice zone → Commodo Ullamcorper → Items*
	 *
	 * - **Field Type**: Text
	 * - **Placeholder**: A cras semper
	 * - **API ID Path**: etiam.sliceZone[].foo.items.est
	 * - **Documentation**: https://prismic.io/docs/field#key-text
	 */
	est: prismic.KeyTextField;
	
	/**
	 * Sit field in *Etiam → Slice zone → Commodo Ullamcorper → Items*
	 *
	 * - **Field Type**: Link
	 * - **Placeholder**: Ut aliquam purus
	 * - **API ID Path**: etiam.sliceZone[].foo.items.mi_bibendum
	 * - **Documentation**: https://prismic.io/docs/field#link-content-relationship
	 */
	mi_bibendum: prismic.LinkField[];
	
	/**
	 * Orci field in *Etiam → Slice zone → Commodo Ullamcorper → Items*
	 *
	 * - **Field Type**: Link to Media
	 * - **Placeholder**: Habitasse platea dictumst
	 * - **API ID Path**: etiam.sliceZone[].foo.items.integer
	 * - **Documentation**: https://prismic.io/docs/field#link-content-relationship
	 */
	integer: prismic.LinkToMediaField;
	
	/**
	 * Egestas field in *Etiam → Slice zone → Commodo Ullamcorper → Items*
	 *
	 * - **Field Type**: Timestamp
	 * - **Placeholder**: Natoque penatibus et
	 * - **API ID Path**: etiam.sliceZone[].foo.items.massa_id
	 * - **Documentation**: https://prismic.io/docs/field#timestamp
	 */
	massa_id: prismic.TimestampField;
}

/**
 * Slice for *Etiam → Slice zone*
 */
export type EtiamDocumentDataSliceZoneFooSlice = prismic.Slice<\\"foo\\", Simplify<EtiamDocumentDataSliceZoneFooSlicePrimary>, Simplify<EtiamDocumentDataSliceZoneFooSliceItem>>

type EtiamDocumentDataSliceZoneSlice = EtiamDocumentDataSliceZoneFooSlice

/**
 * Content for Etiam documents
 */
interface EtiamDocumentData {
	/**
	 * Cras field in *Etiam*
	 *
	 * - **Field Type**: Color
	 * - **Placeholder**: Turpis egestas sed
	 * - **API ID Path**: etiam.ut_eu
	 * - **Tab**: Main
	 * - **Documentation**: https://prismic.io/docs/field#color
	 */
	ut_eu: prismic.ColorField;
	
	/**
	 * Sed field in *Etiam*
	 *
	 * - **Field Type**: Content Relationship
	 * - **Placeholder**: Scelerisque felis imperdiet
	 * - **API ID Path**: etiam.dictum
	 * - **Tab**: Main
	 * - **Documentation**: https://prismic.io/docs/field#link-content-relationship
	 */
	dictum: prismic.ContentRelationshipField;
	
	/**
	 * Magna field in *Etiam*
	 *
	 * - **Field Type**: Image
	 * - **Placeholder**: *None*
	 * - **API ID Path**: etiam.maecenas_sed
	 * - **Tab**: Main
	 * - **Documentation**: https://prismic.io/docs/field#image
	 */
	maecenas_sed: prismic.ImageField<never>;
	
	/**
	 * Vulputate field in *Etiam*
	 *
	 * - **Field Type**: Integration Fields (Catalog: \`gravida_cum\`)
	 * - **Placeholder**: *None*
	 * - **API ID Path**: etiam.nisl
	 * - **Tab**: Main
	 * - **Documentation**: https://prismic.io/docs/field#integration
	 */
	nisl: prismic.IntegrationField;
	
	/**
	 * Nisl field in *Etiam*
	 *
	 * - **Field Type**: Text
	 * - **Placeholder**: Natoque penatibus et
	 * - **API ID Path**: etiam.mauris_ultrices
	 * - **Tab**: Main
	 * - **Documentation**: https://prismic.io/docs/field#key-text
	 */
	mauris_ultrices: prismic.KeyTextField;
	
	/**
	 * Nulla field in *Etiam*
	 *
	 * - **Field Type**: Link
	 * - **Placeholder**: Dignissim cras tincidunt
	 * - **API ID Path**: etiam.aliquam_sem
	 * - **Tab**: Main
	 * - **Documentation**: https://prismic.io/docs/field#link-content-relationship
	 */
	aliquam_sem: prismic.LinkField[];
	
	/**
	 * Fringilla field in *Etiam*
	 *
	 * - **Field Type**: Select
	 * - **Placeholder**: Vitae proin sagittis
	 * - **API ID Path**: etiam.imperdiet_dui
	 * - **Tab**: Main
	 * - **Documentation**: https://prismic.io/docs/field#select
	 */
	imperdiet_dui: prismic.SelectField;
	
	/**
	 * Donec field in *Etiam*
	 *
	 * - **Field Type**: Timestamp
	 * - **Placeholder**: Dignissim cras tincidunt
	 * - **API ID Path**: etiam.sagittis_vitae
	 * - **Tab**: Main
	 * - **Documentation**: https://prismic.io/docs/field#timestamp
	 */
	sagittis_vitae: prismic.TimestampField;
	
	/**
	 * Orci field in *Etiam*
	 *
	 * - **Field Type**: Title
	 * - **Placeholder**: In iaculis nunc
	 * - **API ID Path**: etiam.nulla_porttitor
	 * - **Tab**: Main
	 * - **Documentation**: https://prismic.io/docs/field#rich-text-title
	 */
	nulla_porttitor: prismic.TitleField;
	
	/**
	 * Lacus field in *Etiam*
	 *
	 * - **Field Type**: Group
	 * - **Placeholder**: *None*
	 * - **API ID Path**: etiam.group[]
	 * - **Tab**: Main
	 * - **Documentation**: https://prismic.io/docs/field#group
	 */
	group: prismic.GroupField<Simplify<EtiamDocumentDataGroupItem>>;
	
	/**
	 * Slice zone field in *Etiam*
	 *
	 * - **Field Type**: Slice Zone
	 * - **Placeholder**: *None*
	 * - **API ID Path**: etiam.sliceZone[]
	 * - **Tab**: Main
	 * - **Documentation**: https://prismic.io/docs/field#slices
	 */
	sliceZone: prismic.SliceZone<EtiamDocumentDataSliceZoneSlice>;
}

/**
 * Etiam document from Prismic
 *
 * - **API ID**: \`etiam\`
 * - **Repeatable**: \`false\`
 * - **Documentation**: https://prismic.io/docs/custom-types
 *
 * @typeParam Lang - Language API ID of the document.
 */
export type EtiamDocument<Lang extends string = string> = prismic.PrismicDocumentWithoutUID<Simplify<EtiamDocumentData>, \\"etiam\\", Lang>;

/**
 * Item in *Aliquam → Laoreet*
 */
export interface AliquamDocumentDataGroupItem {
	/**
	 * Nunc field in *Aliquam → Laoreet*
	 *
	 * - **Field Type**: Content Relationship
	 * - **Placeholder**: Vitae auctor eu
	 * - **API ID Path**: aliquam.group[].rutrum
	 * - **Documentation**: https://prismic.io/docs/field#link-content-relationship
	 */
	rutrum: prismic.ContentRelationshipField;
	
	/**
	 * Viverra field in *Aliquam → Laoreet*
	 *
	 * - **Field Type**: Date
	 * - **Placeholder**: Quam nulla porttitor
	 * - **API ID Path**: aliquam.group[].dolor_purus
	 * - **Documentation**: https://prismic.io/docs/field#date
	 */
	dolor_purus: prismic.DateField;
	
	/**
	 * Interdum field in *Aliquam → Laoreet*
	 *
	 * - **Field Type**: Embed
	 * - **Placeholder**: Eros donec ac
	 * - **API ID Path**: aliquam.group[].elementum
	 * - **Documentation**: https://prismic.io/docs/field#embed
	 */
	elementum: prismic.EmbedField
	
	/**
	 * Tempor field in *Aliquam → Laoreet*
	 *
	 * - **Field Type**: GeoPoint
	 * - **Placeholder**: *None*
	 * - **API ID Path**: aliquam.group[].facilisis
	 * - **Documentation**: https://prismic.io/docs/field#geopoint
	 */
	facilisis: prismic.GeoPointField;
	
	/**
	 * Habitant field in *Aliquam → Laoreet*
	 *
	 * - **Field Type**: Link
	 * - **Placeholder**: Et malesuada fames
	 * - **API ID Path**: aliquam.group[].id_faucibus
	 * - **Documentation**: https://prismic.io/docs/field#link-content-relationship
	 */
	id_faucibus: prismic.LinkField[];
	
	/**
	 * Ac field in *Aliquam → Laoreet*
	 *
	 * - **Field Type**: Link to Media
	 * - **Placeholder**: Mi bibendum neque
	 * - **API ID Path**: aliquam.group[].est
	 * - **Documentation**: https://prismic.io/docs/field#link-content-relationship
	 */
	est: prismic.LinkToMediaField;
	
	/**
	 * Mauris field in *Aliquam → Laoreet*
	 *
	 * - **Field Type**: Number
	 * - **Placeholder**: Imperdiet proin fermentum
	 * - **API ID Path**: aliquam.group[].viverra
	 * - **Documentation**: https://prismic.io/docs/field#number
	 */
	viverra: prismic.NumberField;
	
	/**
	 * Mauris field in *Aliquam → Laoreet*
	 *
	 * - **Field Type**: Rich Text
	 * - **Placeholder**: Lacus sed turpis
	 * - **API ID Path**: aliquam.group[].amet_cursus
	 * - **Documentation**: https://prismic.io/docs/field#rich-text-title
	 */
	amet_cursus: prismic.RichTextField;
	
	/**
	 * Vitae field in *Aliquam → Laoreet*
	 *
	 * - **Field Type**: Select
	 * - **Placeholder**: Turpis nunc eget
	 * - **API ID Path**: aliquam.group[].blandit_cursus
	 * - **Documentation**: https://prismic.io/docs/field#select
	 */
	blandit_cursus: prismic.SelectField;
	
	/**
	 * Egestas field in *Aliquam → Laoreet*
	 *
	 * - **Field Type**: Timestamp
	 * - **Placeholder**: Bibendum enim facilisis
	 * - **API ID Path**: aliquam.group[].tellus
	 * - **Documentation**: https://prismic.io/docs/field#timestamp
	 */
	tellus: prismic.TimestampField;
}

/**
 * Primary content in *Aliquam → Slice zone → Velit Ut → Primary*
 */
export interface AliquamDocumentDataSliceZoneFooSlicePrimary {
	/**
	 * Est field in *Aliquam → Slice zone → Velit Ut → Primary*
	 *
	 * - **Field Type**: Color
	 * - **Placeholder**: Lorem ipsum dolor
	 * - **API ID Path**: aliquam.sliceZone[].foo.primary.aliquet
	 * - **Documentation**: https://prismic.io/docs/field#color
	 */
	aliquet: prismic.ColorField;
	
	/**
	 * Sed field in *Aliquam → Slice zone → Velit Ut → Primary*
	 *
	 * - **Field Type**: Date
	 * - **Placeholder**: Tempus quam pellentesque
	 * - **API ID Path**: aliquam.sliceZone[].foo.primary.convallis_convallis
	 * - **Documentation**: https://prismic.io/docs/field#date
	 */
	convallis_convallis: prismic.DateField;
	
	/**
	 * Ut field in *Aliquam → Slice zone → Velit Ut → Primary*
	 *
	 * - **Field Type**: Embed
	 * - **Placeholder**: Turpis nunc eget
	 * - **API ID Path**: aliquam.sliceZone[].foo.primary.morbi_blandit
	 * - **Documentation**: https://prismic.io/docs/field#embed
	 */
	morbi_blandit: prismic.EmbedField
	
	/**
	 * In field in *Aliquam → Slice zone → Velit Ut → Primary*
	 *
	 * - **Field Type**: GeoPoint
	 * - **Placeholder**: *None*
	 * - **API ID Path**: aliquam.sliceZone[].foo.primary.consectetur
	 * - **Documentation**: https://prismic.io/docs/field#geopoint
	 */
	consectetur: prismic.GeoPointField;
	
	/**
	 * Eros field in *Aliquam → Slice zone → Velit Ut → Primary*
	 *
	 * - **Field Type**: Link to Media
	 * - **Placeholder**: Laoreet sit amet
	 * - **API ID Path**: aliquam.sliceZone[].foo.primary.sed
	 * - **Documentation**: https://prismic.io/docs/field#link-content-relationship
	 */
	sed: prismic.LinkToMediaField;
	
	/**
	 * Donec field in *Aliquam → Slice zone → Velit Ut → Primary*
	 *
	 * - **Field Type**: Timestamp
	 * - **Placeholder**: Ridiculus mus mauris
	 * - **API ID Path**: aliquam.sliceZone[].foo.primary.et_molestie
	 * - **Documentation**: https://prismic.io/docs/field#timestamp
	 */
	et_molestie: prismic.TimestampField;
	
	/**
	 * Quam field in *Aliquam → Slice zone → Velit Ut → Primary*
	 *
	 * - **Field Type**: Title
	 * - **Placeholder**: Amet tellus cras
	 * - **API ID Path**: aliquam.sliceZone[].foo.primary.porta_non
	 * - **Documentation**: https://prismic.io/docs/field#rich-text-title
	 */
	porta_non: prismic.TitleField;
}

/**
 * Item content in *Aliquam → Slice zone → Velit Ut → Items*
 */
export interface AliquamDocumentDataSliceZoneFooSliceItem {
	/**
	 * Proin field in *Aliquam → Slice zone → Velit Ut → Items*
	 *
	 * - **Field Type**: Boolean
	 * - **Placeholder**: *None*
	 * - **API ID Path**: aliquam.sliceZone[].foo.items.aenean_vel
	 * - **Documentation**: https://prismic.io/docs/field#boolean
	 */
	aenean_vel: prismic.BooleanField;
	
	/**
	 * Nam field in *Aliquam → Slice zone → Velit Ut → Items*
	 *
	 * - **Field Type**: Color
	 * - **Placeholder**: Elit duis tristique
	 * - **API ID Path**: aliquam.sliceZone[].foo.items.id
	 * - **Documentation**: https://prismic.io/docs/field#color
	 */
	id: prismic.ColorField;
	
	/**
	 * Ut field in *Aliquam → Slice zone → Velit Ut → Items*
	 *
	 * - **Field Type**: Content Relationship
	 * - **Placeholder**: Lorem ipsum dolor
	 * - **API ID Path**: aliquam.sliceZone[].foo.items.enim
	 * - **Documentation**: https://prismic.io/docs/field#link-content-relationship
	 */
	enim: prismic.ContentRelationshipField;
	
	/**
	 * Justo field in *Aliquam → Slice zone → Velit Ut → Items*
	 *
	 * - **Field Type**: Date
	 * - **Placeholder**: Scelerisque viverra mauris
	 * - **API ID Path**: aliquam.sliceZone[].foo.items.scelerisque
	 * - **Documentation**: https://prismic.io/docs/field#date
	 */
	scelerisque: prismic.DateField;
	
	/**
	 * Mi field in *Aliquam → Slice zone → Velit Ut → Items*
	 *
	 * - **Field Type**: Integration Fields (Catalog: \`interdum_consectetur\`)
	 * - **Placeholder**: *None*
	 * - **API ID Path**: aliquam.sliceZone[].foo.items.rhoncus_est
	 * - **Documentation**: https://prismic.io/docs/field#integration
	 */
	rhoncus_est: prismic.IntegrationField;
	
	/**
	 * Auctor field in *Aliquam → Slice zone → Velit Ut → Items*
	 *
	 * - **Field Type**: Link to Media
	 * - **Placeholder**: Nulla pharetra diam
	 * - **API ID Path**: aliquam.sliceZone[].foo.items.donec
	 * - **Documentation**: https://prismic.io/docs/field#link-content-relationship
	 */
	donec: prismic.LinkToMediaField;
	
	/**
	 * Tincidunt field in *Aliquam → Slice zone → Velit Ut → Items*
	 *
	 * - **Field Type**: Title
	 * - **Placeholder**: Orci dapibus ultrices
	 * - **API ID Path**: aliquam.sliceZone[].foo.items.tincidunt
	 * - **Documentation**: https://prismic.io/docs/field#rich-text-title
	 */
	tincidunt: prismic.TitleField;
}

/**
 * Slice for *Aliquam → Slice zone*
 */
export type AliquamDocumentDataSliceZoneFooSlice = prismic.Slice<\\"foo\\", Simplify<AliquamDocumentDataSliceZoneFooSlicePrimary>, Simplify<AliquamDocumentDataSliceZoneFooSliceItem>>

type AliquamDocumentDataSliceZoneSlice = AliquamDocumentDataSliceZoneFooSlice

/**
 * Content for Aliquam documents
 */
interface AliquamDocumentData {
	/**
	 * Elementum field in *Aliquam*
	 *
	 * - **Field Type**: Boolean
	 * - **Placeholder**: *None*
	 * - **API ID Path**: aliquam.aliquet
	 * - **Tab**: Main
	 * - **Documentation**: https://prismic.io/docs/field#boolean
	 */
	aliquet: prismic.BooleanField;
	
	/**
	 * Dapibus field in *Aliquam*
	 *
	 * - **Field Type**: Color
	 * - **Placeholder**: Viverra justo nec
	 * - **API ID Path**: aliquam.sit_amet
	 * - **Tab**: Main
	 * - **Documentation**: https://prismic.io/docs/field#color
	 */
	sit_amet: prismic.ColorField;
	
	/**
	 * Sed field in *Aliquam*
	 *
	 * - **Field Type**: Date
	 * - **Placeholder**: Et malesuada fames
	 * - **API ID Path**: aliquam.pellentesque_sit
	 * - **Tab**: Main
	 * - **Documentation**: https://prismic.io/docs/field#date
	 */
	pellentesque_sit: prismic.DateField;
	
	/**
	 * Molestie field in *Aliquam*
	 *
	 * - **Field Type**: GeoPoint
	 * - **Placeholder**: *None*
	 * - **API ID Path**: aliquam.et
	 * - **Tab**: Main
	 * - **Documentation**: https://prismic.io/docs/field#geopoint
	 */
	et: prismic.GeoPointField;
	
	/**
	 * Egestas field in *Aliquam*
	 *
	 * - **Field Type**: Image
	 * - **Placeholder**: *None*
	 * - **API ID Path**: aliquam.orci_ac
	 * - **Tab**: Main
	 * - **Documentation**: https://prismic.io/docs/field#image
	 */
	orci_ac: prismic.ImageField<never>;
	
	/**
	 * Varius field in *Aliquam*
	 *
	 * - **Field Type**: Integration Fields (Catalog: \`tellus_rutrum\`)
	 * - **Placeholder**: *None*
	 * - **API ID Path**: aliquam.velit_egestas
	 * - **Tab**: Main
	 * - **Documentation**: https://prismic.io/docs/field#integration
	 */
	velit_egestas: prismic.IntegrationField;
	
	/**
	 * Congue field in *Aliquam*
	 *
	 * - **Field Type**: Text
	 * - **Placeholder**: Eget gravida cum
	 * - **API ID Path**: aliquam.dignissim_diam
	 * - **Tab**: Main
	 * - **Documentation**: https://prismic.io/docs/field#key-text
	 */
	dignissim_diam: prismic.KeyTextField;
	
	/**
	 * Laoreet field in *Aliquam*
	 *
	 * - **Field Type**: Group
	 * - **Placeholder**: *None*
	 * - **API ID Path**: aliquam.group[]
	 * - **Tab**: Main
	 * - **Documentation**: https://prismic.io/docs/field#group
	 */
	group: prismic.GroupField<Simplify<AliquamDocumentDataGroupItem>>;
	
	/**
	 * Slice zone field in *Aliquam*
	 *
	 * - **Field Type**: Slice Zone
	 * - **Placeholder**: *None*
	 * - **API ID Path**: aliquam.sliceZone[]
	 * - **Tab**: Main
	 * - **Documentation**: https://prismic.io/docs/field#slices
	 */
	sliceZone: prismic.SliceZone<AliquamDocumentDataSliceZoneSlice>;
}

/**
 * Aliquam document from Prismic
 *
 * - **API ID**: \`aliquam\`
 * - **Repeatable**: \`false\`
 * - **Documentation**: https://prismic.io/docs/custom-types
 *
 * @typeParam Lang - Language API ID of the document.
 */
export type AliquamDocument<Lang extends string = string> = prismic.PrismicDocumentWithoutUID<Simplify<AliquamDocumentData>, \\"aliquam\\", Lang>;

/**
 * Item in *Vitae → Eu*
 */
export interface VitaeDocumentDataGroupItem {
	/**
	 * Egestas field in *Vitae → Eu*
	 *
	 * - **Field Type**: Content Relationship
	 * - **Placeholder**: Volutpat blandit aliquam
	 * - **API ID Path**: vitae.group[].dictum
	 * - **Documentation**: https://prismic.io/docs/field#link-content-relationship
	 */
	dictum: prismic.ContentRelationshipField;
	
	/**
	 * Etiam field in *Vitae → Eu*
	 *
	 * - **Field Type**: Embed
	 * - **Placeholder**: Eget arcu dictum
	 * - **API ID Path**: vitae.group[].nulla_facilisi
	 * - **Documentation**: https://prismic.io/docs/field#embed
	 */
	nulla_facilisi: prismic.EmbedField
	
	/**
	 * Quam field in *Vitae → Eu*
	 *
	 * - **Field Type**: Link
	 * - **Placeholder**: Amet nisl purus
	 * - **API ID Path**: vitae.group[].tristique
	 * - **Documentation**: https://prismic.io/docs/field#link-content-relationship
	 */
	tristique: prismic.LinkField;
	
	/**
	 * Ac field in *Vitae → Eu*
	 *
	 * - **Field Type**: Link to Media
	 * - **Placeholder**: Erat nam at
	 * - **API ID Path**: vitae.group[].felis
	 * - **Documentation**: https://prismic.io/docs/field#link-content-relationship
	 */
	felis: prismic.LinkToMediaField[];
	
	/**
	 * Et field in *Vitae → Eu*
	 *
	 * - **Field Type**: Number
	 * - **Placeholder**: Dui sapien eget
	 * - **API ID Path**: vitae.group[].vehicula_ipsum
	 * - **Documentation**: https://prismic.io/docs/field#number
	 */
	vehicula_ipsum: prismic.NumberField;
	
	/**
	 * Nisl field in *Vitae → Eu*
	 *
	 * - **Field Type**: Rich Text
	 * - **Placeholder**: Nunc vel risus
	 * - **API ID Path**: vitae.group[].tortor
	 * - **Documentation**: https://prismic.io/docs/field#rich-text-title
	 */
	tortor: prismic.RichTextField;
	
	/**
	 * Viverra field in *Vitae → Eu*
	 *
	 * - **Field Type**: Select
	 * - **Placeholder**: Tellus pellentesque eu
	 * - **API ID Path**: vitae.group[].pellentesque_diam
	 * - **Documentation**: https://prismic.io/docs/field#select
	 */
	pellentesque_diam: prismic.SelectField;
	
	/**
	 * Leo field in *Vitae → Eu*
	 *
	 * - **Field Type**: Timestamp
	 * - **Placeholder**: Maecenas sed enim
	 * - **API ID Path**: vitae.group[].dolor_morbi
	 * - **Documentation**: https://prismic.io/docs/field#timestamp
	 */
	dolor_morbi: prismic.TimestampField;
	
	/**
	 * Mauris field in *Vitae → Eu*
	 *
	 * - **Field Type**: Title
	 * - **Placeholder**: Hac habitasse platea
	 * - **API ID Path**: vitae.group[].sed_adipiscing
	 * - **Documentation**: https://prismic.io/docs/field#rich-text-title
	 */
	sed_adipiscing: prismic.TitleField;
}

/**
 * Primary content in *Vitae → Slice zone → Ut Enim → Primary*
 */
export interface VitaeDocumentDataSliceZoneFooSlicePrimary {
	/**
	 * A field in *Vitae → Slice zone → Ut Enim → Primary*
	 *
	 * - **Field Type**: Boolean
	 * - **Placeholder**: *None*
	 * - **API ID Path**: vitae.sliceZone[].foo.primary.dolor
	 * - **Documentation**: https://prismic.io/docs/field#boolean
	 */
	dolor: prismic.BooleanField;
	
	/**
	 * Elementum field in *Vitae → Slice zone → Ut Enim → Primary*
	 *
	 * - **Field Type**: Color
	 * - **Placeholder**: Viverra mauris in
	 * - **API ID Path**: vitae.sliceZone[].foo.primary.sagittis_aliquam
	 * - **Documentation**: https://prismic.io/docs/field#color
	 */
	sagittis_aliquam: prismic.ColorField;
	
	/**
	 * Sit field in *Vitae → Slice zone → Ut Enim → Primary*
	 *
	 * - **Field Type**: Image
	 * - **Placeholder**: *None*
	 * - **API ID Path**: vitae.sliceZone[].foo.primary.aliquet
	 * - **Documentation**: https://prismic.io/docs/field#image
	 */
	aliquet: prismic.ImageField<never>;
	
	/**
	 * Sit field in *Vitae → Slice zone → Ut Enim → Primary*
	 *
	 * - **Field Type**: Integration Fields (Catalog: \`nibh_nisl\`)
	 * - **Placeholder**: *None*
	 * - **API ID Path**: vitae.sliceZone[].foo.primary.dui_id
	 * - **Documentation**: https://prismic.io/docs/field#integration
	 */
	dui_id: prismic.IntegrationField;
	
	/**
	 * Pellentesque field in *Vitae → Slice zone → Ut Enim → Primary*
	 *
	 * - **Field Type**: Text
	 * - **Placeholder**: Adipiscing tristique risus
	 * - **API ID Path**: vitae.sliceZone[].foo.primary.tincidunt
	 * - **Documentation**: https://prismic.io/docs/field#key-text
	 */
	tincidunt: prismic.KeyTextField;
	
	/**
	 * In field in *Vitae → Slice zone → Ut Enim → Primary*
	 *
	 * - **Field Type**: Number
	 * - **Placeholder**: Rutrum quisque non
	 * - **API ID Path**: vitae.sliceZone[].foo.primary.nam_aliquam
	 * - **Documentation**: https://prismic.io/docs/field#number
	 */
	nam_aliquam: prismic.NumberField;
	
	/**
	 * At field in *Vitae → Slice zone → Ut Enim → Primary*
	 *
	 * - **Field Type**: Timestamp
	 * - **Placeholder**: Massa eget egestas
	 * - **API ID Path**: vitae.sliceZone[].foo.primary.at
	 * - **Documentation**: https://prismic.io/docs/field#timestamp
	 */
	at: prismic.TimestampField;
}

/**
 * Item content in *Vitae → Slice zone → Ut Enim → Items*
 */
export interface VitaeDocumentDataSliceZoneFooSliceItem {
	/**
	 * Dolor field in *Vitae → Slice zone → Ut Enim → Items*
	 *
	 * - **Field Type**: Content Relationship
	 * - **Placeholder**: Sed sed risus
	 * - **API ID Path**: vitae.sliceZone[].foo.items.molestie
	 * - **Documentation**: https://prismic.io/docs/field#link-content-relationship
	 */
	molestie: prismic.ContentRelationshipField;
	
	/**
	 * Cras field in *Vitae → Slice zone → Ut Enim → Items*
	 *
	 * - **Field Type**: Date
	 * - **Placeholder**: Dignissim suspendisse in
	 * - **API ID Path**: vitae.sliceZone[].foo.items.nisl
	 * - **Documentation**: https://prismic.io/docs/field#date
	 */
	nisl: prismic.DateField;
	
	/**
	 * Non field in *Vitae → Slice zone → Ut Enim → Items*
	 *
	 * - **Field Type**: GeoPoint
	 * - **Placeholder**: *None*
	 * - **API ID Path**: vitae.sliceZone[].foo.items.et
	 * - **Documentation**: https://prismic.io/docs/field#geopoint
	 */
	et: prismic.GeoPointField;
	
	/**
	 * Sed field in *Vitae → Slice zone → Ut Enim → Items*
	 *
	 * - **Field Type**: Integration Fields (Catalog: \`sed_risus\`)
	 * - **Placeholder**: *None*
	 * - **API ID Path**: vitae.sliceZone[].foo.items.venenatis
	 * - **Documentation**: https://prismic.io/docs/field#integration
	 */
	venenatis: prismic.IntegrationField;
	
	/**
	 * Facilisis field in *Vitae → Slice zone → Ut Enim → Items*
	 *
	 * - **Field Type**: Text
	 * - **Placeholder**: Auctor eu augue
	 * - **API ID Path**: vitae.sliceZone[].foo.items.commodo
	 * - **Documentation**: https://prismic.io/docs/field#key-text
	 */
	commodo: prismic.KeyTextField;
	
	/**
	 * Facilisis field in *Vitae → Slice zone → Ut Enim → Items*
	 *
	 * - **Field Type**: Rich Text
	 * - **Placeholder**: Nascetur ridiculus mus
	 * - **API ID Path**: vitae.sliceZone[].foo.items.condimentum
	 * - **Documentation**: https://prismic.io/docs/field#rich-text-title
	 */
	condimentum: prismic.RichTextField;
}

/**
 * Slice for *Vitae → Slice zone*
 */
export type VitaeDocumentDataSliceZoneFooSlice = prismic.Slice<\\"foo\\", Simplify<VitaeDocumentDataSliceZoneFooSlicePrimary>, Simplify<VitaeDocumentDataSliceZoneFooSliceItem>>

type VitaeDocumentDataSliceZoneSlice = VitaeDocumentDataSliceZoneFooSlice

/**
 * Content for Vitae documents
 */
interface VitaeDocumentData {
	/**
	 * A field in *Vitae*
	 *
	 * - **Field Type**: Content Relationship
	 * - **Placeholder**: Ullamcorper morbi tincidunt
	 * - **API ID Path**: vitae.in
	 * - **Tab**: Main
	 * - **Documentation**: https://prismic.io/docs/field#link-content-relationship
	 */
	in: prismic.ContentRelationshipField;
	
	/**
	 * In field in *Vitae*
	 *
	 * - **Field Type**: Embed
	 * - **Placeholder**: Est velit egestas
	 * - **API ID Path**: vitae.ullamcorper
	 * - **Tab**: Main
	 * - **Documentation**: https://prismic.io/docs/field#embed
	 */
	ullamcorper: prismic.EmbedField
	
	/**
	 * Enim field in *Vitae*
	 *
	 * - **Field Type**: Integration Fields (Catalog: \`bibendum_enim\`)
	 * - **Placeholder**: *None*
	 * - **API ID Path**: vitae.quam_vulputate
	 * - **Tab**: Main
	 * - **Documentation**: https://prismic.io/docs/field#integration
	 */
	quam_vulputate: prismic.IntegrationField;
	
	/**
	 * Condimentum field in *Vitae*
	 *
	 * - **Field Type**: Link to Media
	 * - **Placeholder**: Donec massa sapien
	 * - **API ID Path**: vitae.viverra_maecenas
	 * - **Tab**: Main
	 * - **Documentation**: https://prismic.io/docs/field#link-content-relationship
	 */
	viverra_maecenas: prismic.LinkToMediaField[];
	
	/**
	 * Placerat field in *Vitae*
	 *
	 * - **Field Type**: Number
	 * - **Placeholder**: Sit amet venenatis
	 * - **API ID Path**: vitae.posuere_sollicitudin
	 * - **Tab**: Main
	 * - **Documentation**: https://prismic.io/docs/field#number
	 */
	posuere_sollicitudin: prismic.NumberField;
	
	/**
	 * Duis field in *Vitae*
	 *
	 * - **Field Type**: Select
	 * - **Placeholder**: Malesuada pellentesque elit
	 * - **API ID Path**: vitae.ultrices
	 * - **Tab**: Main
	 * - **Documentation**: https://prismic.io/docs/field#select
	 */
	ultrices: prismic.SelectField;
	
	/**
	 * Dui field in *Vitae*
	 *
	 * - **Field Type**: Title
	 * - **Placeholder**: Turpis in eu
	 * - **API ID Path**: vitae.enim
	 * - **Tab**: Main
	 * - **Documentation**: https://prismic.io/docs/field#rich-text-title
	 */
	enim: prismic.TitleField;
	
	/**
	 * Eu field in *Vitae*
	 *
	 * - **Field Type**: Group
	 * - **Placeholder**: *None*
	 * - **API ID Path**: vitae.group[]
	 * - **Tab**: Main
	 * - **Documentation**: https://prismic.io/docs/field#group
	 */
	group: prismic.GroupField<Simplify<VitaeDocumentDataGroupItem>>;
	
	/**
	 * Slice zone field in *Vitae*
	 *
	 * - **Field Type**: Slice Zone
	 * - **Placeholder**: *None*
	 * - **API ID Path**: vitae.sliceZone[]
	 * - **Tab**: Main
	 * - **Documentation**: https://prismic.io/docs/field#slices
	 */
	sliceZone: prismic.SliceZone<VitaeDocumentDataSliceZoneSlice>;
}

/**
 * Vitae document from Prismic
 *
 * - **API ID**: \`vitae\`
 * - **Repeatable**: \`true\`
 * - **Documentation**: https://prismic.io/docs/custom-types
 *
 * @typeParam Lang - Language API ID of the document.
 */
export type VitaeDocument<Lang extends string = string> = prismic.PrismicDocumentWithoutUID<Simplify<VitaeDocumentData>, \\"vitae\\", Lang>;

/**
 * Item in *Mi → Sed*
 */
export interface MiDocumentDataGroupItem {
	/**
	 * Elit field in *Mi → Sed*
	 *
	 * - **Field Type**: Boolean
	 * - **Placeholder**: *None*
	 * - **API ID Path**: mi.group[].sem
	 * - **Documentation**: https://prismic.io/docs/field#boolean
	 */
	sem: prismic.BooleanField;
	
	/**
	 * Urna field in *Mi → Sed*
	 *
	 * - **Field Type**: Content Relationship
	 * - **Placeholder**: Sed blandit libero
	 * - **API ID Path**: mi.group[].congue_quisque
	 * - **Documentation**: https://prismic.io/docs/field#link-content-relationship
	 */
	congue_quisque: prismic.ContentRelationshipField;
	
	/**
	 * Platea field in *Mi → Sed*
	 *
	 * - **Field Type**: Embed
	 * - **Placeholder**: Et malesuada fames
	 * - **API ID Path**: mi.group[].fermentum_odio
	 * - **Documentation**: https://prismic.io/docs/field#embed
	 */
	fermentum_odio: prismic.EmbedField
	
	/**
	 * Et field in *Mi → Sed*
	 *
	 * - **Field Type**: GeoPoint
	 * - **Placeholder**: *None*
	 * - **API ID Path**: mi.group[].venenatis_lectus
	 * - **Documentation**: https://prismic.io/docs/field#geopoint
	 */
	venenatis_lectus: prismic.GeoPointField;
	
	/**
	 * Arcu field in *Mi → Sed*
	 *
	 * - **Field Type**: Text
	 * - **Placeholder**: Sed odio morbi
	 * - **API ID Path**: mi.group[].lacus
	 * - **Documentation**: https://prismic.io/docs/field#key-text
	 */
	lacus: prismic.KeyTextField;
	
	/**
	 * Maecenas field in *Mi → Sed*
	 *
	 * - **Field Type**: Link
	 * - **Placeholder**: Turpis egestas pretium
	 * - **API ID Path**: mi.group[].facilisis_volutpat
	 * - **Documentation**: https://prismic.io/docs/field#link-content-relationship
	 */
	facilisis_volutpat: prismic.LinkField[];
	
	/**
	 * Egestas field in *Mi → Sed*
	 *
	 * - **Field Type**: Link to Media
	 * - **Placeholder**: Pharetra magna ac
	 * - **API ID Path**: mi.group[].mi_quis
	 * - **Documentation**: https://prismic.io/docs/field#link-content-relationship
	 */
	mi_quis: prismic.LinkToMediaField;
	
	/**
	 * Elementum field in *Mi → Sed*
	 *
	 * - **Field Type**: Rich Text
	 * - **Placeholder**: Arcu vitae elementum
	 * - **API ID Path**: mi.group[].congue_nisi
	 * - **Documentation**: https://prismic.io/docs/field#rich-text-title
	 */
	congue_nisi: prismic.RichTextField;
	
	/**
	 * Phasellus field in *Mi → Sed*
	 *
	 * - **Field Type**: Select
	 * - **Placeholder**: Iaculis at erat
	 * - **API ID Path**: mi.group[].consectetur
	 * - **Documentation**: https://prismic.io/docs/field#select
	 */
	consectetur: prismic.SelectField;
	
	/**
	 * Faucibus field in *Mi → Sed*
	 *
	 * - **Field Type**: Timestamp
	 * - **Placeholder**: Sed lectus vestibulum
	 * - **API ID Path**: mi.group[].elit_at
	 * - **Documentation**: https://prismic.io/docs/field#timestamp
	 */
	elit_at: prismic.TimestampField;
	
	/**
	 * Suspendisse field in *Mi → Sed*
	 *
	 * - **Field Type**: Title
	 * - **Placeholder**: Ut tristique et
	 * - **API ID Path**: mi.group[].at
	 * - **Documentation**: https://prismic.io/docs/field#rich-text-title
	 */
	at: prismic.TitleField;
}

/**
 * Primary content in *Mi → Slice zone → Vulputate Enim → Primary*
 */
export interface MiDocumentDataSliceZoneFooSlicePrimary {
	/**
	 * Facilisi field in *Mi → Slice zone → Vulputate Enim → Primary*
	 *
	 * - **Field Type**: Date
	 * - **Placeholder**: Morbi non arcu
	 * - **API ID Path**: mi.sliceZone[].foo.primary.sagittis
	 * - **Documentation**: https://prismic.io/docs/field#date
	 */
	sagittis: prismic.DateField;
	
	/**
	 * Ipsum field in *Mi → Slice zone → Vulputate Enim → Primary*
	 *
	 * - **Field Type**: Link
	 * - **Placeholder**: Donec pretium vulputate
	 * - **API ID Path**: mi.sliceZone[].foo.primary.aenean
	 * - **Documentation**: https://prismic.io/docs/field#link-content-relationship
	 */
	aenean: prismic.LinkField;
	
	/**
	 * Malesuada field in *Mi → Slice zone → Vulputate Enim → Primary*
	 *
	 * - **Field Type**: Number
	 * - **Placeholder**: Aliquam vestibulum morbi
	 * - **API ID Path**: mi.sliceZone[].foo.primary.consequat
	 * - **Documentation**: https://prismic.io/docs/field#number
	 */
	consequat: prismic.NumberField;
	
	/**
	 * Leo field in *Mi → Slice zone → Vulputate Enim → Primary*
	 *
	 * - **Field Type**: Select
	 * - **Placeholder**: Nunc sed blandit
	 * - **API ID Path**: mi.sliceZone[].foo.primary.tincidunt
	 * - **Documentation**: https://prismic.io/docs/field#select
	 */
	tincidunt: prismic.SelectField;
	
	/**
	 * Morbi field in *Mi → Slice zone → Vulputate Enim → Primary*
	 *
	 * - **Field Type**: Timestamp
	 * - **Placeholder**: Dignissim cras tincidunt
	 * - **API ID Path**: mi.sliceZone[].foo.primary.nibh_mauris
	 * - **Documentation**: https://prismic.io/docs/field#timestamp
	 */
	nibh_mauris: prismic.TimestampField;
}

/**
 * Item content in *Mi → Slice zone → Vulputate Enim → Items*
 */
export interface MiDocumentDataSliceZoneFooSliceItem {
	/**
	 * At field in *Mi → Slice zone → Vulputate Enim → Items*
	 *
	 * - **Field Type**: Boolean
	 * - **Placeholder**: *None*
	 * - **API ID Path**: mi.sliceZone[].foo.items.adipiscing_commodo
	 * - **Documentation**: https://prismic.io/docs/field#boolean
	 */
	adipiscing_commodo: prismic.BooleanField;
	
	/**
	 * Et field in *Mi → Slice zone → Vulputate Enim → Items*
	 *
	 * - **Field Type**: Color
	 * - **Placeholder**: Arcu risus quis
	 * - **API ID Path**: mi.sliceZone[].foo.items.viverra_adipiscing
	 * - **Documentation**: https://prismic.io/docs/field#color
	 */
	viverra_adipiscing: prismic.ColorField;
	
	/**
	 * Faucibus field in *Mi → Slice zone → Vulputate Enim → Items*
	 *
	 * - **Field Type**: Date
	 * - **Placeholder**: Sit amet consectetur
	 * - **API ID Path**: mi.sliceZone[].foo.items.bibendum_ut
	 * - **Documentation**: https://prismic.io/docs/field#date
	 */
	bibendum_ut: prismic.DateField;
	
	/**
	 * Tellus field in *Mi → Slice zone → Vulputate Enim → Items*
	 *
	 * - **Field Type**: Embed
	 * - **Placeholder**: Nec sagittis aliquam
	 * - **API ID Path**: mi.sliceZone[].foo.items.quam_pellentesque
	 * - **Documentation**: https://prismic.io/docs/field#embed
	 */
	quam_pellentesque: prismic.EmbedField
	
	/**
	 * Condimentum field in *Mi → Slice zone → Vulputate Enim → Items*
	 *
	 * - **Field Type**: GeoPoint
	 * - **Placeholder**: *None*
	 * - **API ID Path**: mi.sliceZone[].foo.items.sit_amet
	 * - **Documentation**: https://prismic.io/docs/field#geopoint
	 */
	sit_amet: prismic.GeoPointField;
	
	/**
	 * Sit field in *Mi → Slice zone → Vulputate Enim → Items*
	 *
	 * - **Field Type**: Image
	 * - **Placeholder**: *None*
	 * - **API ID Path**: mi.sliceZone[].foo.items.sed
	 * - **Documentation**: https://prismic.io/docs/field#image
	 */
	sed: prismic.ImageField<never>;
	
	/**
	 * Scelerisque field in *Mi → Slice zone → Vulputate Enim → Items*
	 *
	 * - **Field Type**: Integration Fields (Catalog: \`at_volutpat\`)
	 * - **Placeholder**: *None*
	 * - **API ID Path**: mi.sliceZone[].foo.items.nisl
	 * - **Documentation**: https://prismic.io/docs/field#integration
	 */
	nisl: prismic.IntegrationField;
	
	/**
	 * Sapien field in *Mi → Slice zone → Vulputate Enim → Items*
	 *
	 * - **Field Type**: Text
	 * - **Placeholder**: Tempus urna et
	 * - **API ID Path**: mi.sliceZone[].foo.items.tortor
	 * - **Documentation**: https://prismic.io/docs/field#key-text
	 */
	tortor: prismic.KeyTextField;
	
	/**
	 * A field in *Mi → Slice zone → Vulputate Enim → Items*
	 *
	 * - **Field Type**: Link
	 * - **Placeholder**: Convallis tellus id
	 * - **API ID Path**: mi.sliceZone[].foo.items.quis_auctor
	 * - **Documentation**: https://prismic.io/docs/field#link-content-relationship
	 */
	quis_auctor: prismic.LinkField;
	
	/**
	 * Aliquam field in *Mi → Slice zone → Vulputate Enim → Items*
	 *
	 * - **Field Type**: Rich Text
	 * - **Placeholder**: Tortor condimentum lacinia
	 * - **API ID Path**: mi.sliceZone[].foo.items.eget
	 * - **Documentation**: https://prismic.io/docs/field#rich-text-title
	 */
	eget: prismic.RichTextField;
	
	/**
	 * Aliquam field in *Mi → Slice zone → Vulputate Enim → Items*
	 *
	 * - **Field Type**: Select
	 * - **Placeholder**: Ornare lectus sit
	 * - **API ID Path**: mi.sliceZone[].foo.items.etiam
	 * - **Documentation**: https://prismic.io/docs/field#select
	 */
	etiam: prismic.SelectField;
}

/**
 * Slice for *Mi → Slice zone*
 */
export type MiDocumentDataSliceZoneFooSlice = prismic.Slice<\\"foo\\", Simplify<MiDocumentDataSliceZoneFooSlicePrimary>, Simplify<MiDocumentDataSliceZoneFooSliceItem>>

type MiDocumentDataSliceZoneSlice = MiDocumentDataSliceZoneFooSlice

/**
 * Content for Mi documents
 */
interface MiDocumentData {
	/**
	 * Arcu field in *Mi*
	 *
	 * - **Field Type**: Color
	 * - **Placeholder**: Volutpat diam ut
	 * - **API ID Path**: mi.at
	 * - **Tab**: Main
	 * - **Documentation**: https://prismic.io/docs/field#color
	 */
	at: prismic.ColorField;
	
	/**
	 * Amet field in *Mi*
	 *
	 * - **Field Type**: Content Relationship
	 * - **Placeholder**: Consequat ac felis
	 * - **API ID Path**: mi.vel
	 * - **Tab**: Main
	 * - **Documentation**: https://prismic.io/docs/field#link-content-relationship
	 */
	vel: prismic.ContentRelationshipField;
	
	/**
	 * Cras field in *Mi*
	 *
	 * - **Field Type**: Date
	 * - **Placeholder**: Erat imperdiet sed
	 * - **API ID Path**: mi.lectus
	 * - **Tab**: Main
	 * - **Documentation**: https://prismic.io/docs/field#date
	 */
	lectus: prismic.DateField;
	
	/**
	 * Pellentesque field in *Mi*
	 *
	 * - **Field Type**: Embed
	 * - **Placeholder**: In nulla posuere
	 * - **API ID Path**: mi.magna_sit
	 * - **Tab**: Main
	 * - **Documentation**: https://prismic.io/docs/field#embed
	 */
	magna_sit: prismic.EmbedField
	
	/**
	 * Non field in *Mi*
	 *
	 * - **Field Type**: Integration Fields (Catalog: \`sed_tempus\`)
	 * - **Placeholder**: *None*
	 * - **API ID Path**: mi.tellus_elementum
	 * - **Tab**: Main
	 * - **Documentation**: https://prismic.io/docs/field#integration
	 */
	tellus_elementum: prismic.IntegrationField;
	
	/**
	 * Porttitor field in *Mi*
	 *
	 * - **Field Type**: Text
	 * - **Placeholder**: Volutpat diam ut
	 * - **API ID Path**: mi.aliquet_sagittis
	 * - **Tab**: Main
	 * - **Documentation**: https://prismic.io/docs/field#key-text
	 */
	aliquet_sagittis: prismic.KeyTextField;
	
	/**
	 * Nisl field in *Mi*
	 *
	 * - **Field Type**: Number
	 * - **Placeholder**: Nam at lectus
	 * - **API ID Path**: mi.ultrices
	 * - **Tab**: Main
	 * - **Documentation**: https://prismic.io/docs/field#number
	 */
	ultrices: prismic.NumberField;
	
	/**
	 * Nunc field in *Mi*
	 *
	 * - **Field Type**: Select
	 * - **Placeholder**: Et pharetra pharetra
	 * - **API ID Path**: mi.tellus
	 * - **Tab**: Main
	 * - **Documentation**: https://prismic.io/docs/field#select
	 */
	tellus: prismic.SelectField;
	
	/**
	 * Sed field in *Mi*
	 *
	 * - **Field Type**: Group
	 * - **Placeholder**: *None*
	 * - **API ID Path**: mi.group[]
	 * - **Tab**: Main
	 * - **Documentation**: https://prismic.io/docs/field#group
	 */
	group: prismic.GroupField<Simplify<MiDocumentDataGroupItem>>;
	
	/**
	 * Slice zone field in *Mi*
	 *
	 * - **Field Type**: Slice Zone
	 * - **Placeholder**: *None*
	 * - **API ID Path**: mi.sliceZone[]
	 * - **Tab**: Main
	 * - **Documentation**: https://prismic.io/docs/field#slices
	 */
	sliceZone: prismic.SliceZone<MiDocumentDataSliceZoneSlice>;
}

/**
 * Mi document from Prismic
 *
 * - **API ID**: \`mi\`
 * - **Repeatable**: \`true\`
 * - **Documentation**: https://prismic.io/docs/custom-types
 *
 * @typeParam Lang - Language API ID of the document.
 */
export type MiDocument<Lang extends string = string> = prismic.PrismicDocumentWithoutUID<Simplify<MiDocumentData>, \\"mi\\", Lang>;

/**
 * Item in *Morbi → Tincidunt*
 */
export interface MorbiDocumentDataGroupItem {
	/**
	 * Accumsan field in *Morbi → Tincidunt*
	 *
	 * - **Field Type**: Date
	 * - **Placeholder**: Mauris commodo quis
	 * - **API ID Path**: morbi.group[].sed
	 * - **Documentation**: https://prismic.io/docs/field#date
	 */
	sed: prismic.DateField;
	
	/**
	 * Orci field in *Morbi → Tincidunt*
	 *
	 * - **Field Type**: Embed
	 * - **Placeholder**: Porttitor eget dolor
	 * - **API ID Path**: morbi.group[].egestas
	 * - **Documentation**: https://prismic.io/docs/field#embed
	 */
	egestas: prismic.EmbedField
	
	/**
	 * Diam field in *Morbi → Tincidunt*
	 *
	 * - **Field Type**: GeoPoint
	 * - **Placeholder**: *None*
	 * - **API ID Path**: morbi.group[].sed_elementum
	 * - **Documentation**: https://prismic.io/docs/field#geopoint
	 */
	sed_elementum: prismic.GeoPointField;
	
	/**
	 * Tortor field in *Morbi → Tincidunt*
	 *
	 * - **Field Type**: Image
	 * - **Placeholder**: *None*
	 * - **API ID Path**: morbi.group[].integer
	 * - **Documentation**: https://prismic.io/docs/field#image
	 */
	integer: prismic.ImageField<never>;
	
	/**
	 * Velit field in *Morbi → Tincidunt*
	 *
	 * - **Field Type**: Link
	 * - **Placeholder**: Eu mi bibendum
	 * - **API ID Path**: morbi.group[].id
	 * - **Documentation**: https://prismic.io/docs/field#link-content-relationship
	 */
	id: prismic.LinkField;
	
	/**
	 * Morbi field in *Morbi → Tincidunt*
	 *
	 * - **Field Type**: Number
	 * - **Placeholder**: Ullamcorper velit sed
	 * - **API ID Path**: morbi.group[].a
	 * - **Documentation**: https://prismic.io/docs/field#number
	 */
	a: prismic.NumberField;
	
	/**
	 * Facilisi field in *Morbi → Tincidunt*
	 *
	 * - **Field Type**: Rich Text
	 * - **Placeholder**: Fringilla urna porttitor
	 * - **API ID Path**: morbi.group[].vitae
	 * - **Documentation**: https://prismic.io/docs/field#rich-text-title
	 */
	vitae: prismic.RichTextField;
	
	/**
	 * Blandit field in *Morbi → Tincidunt*
	 *
	 * - **Field Type**: Timestamp
	 * - **Placeholder**: Sit amet nisl
	 * - **API ID Path**: morbi.group[].aliquet_nibh
	 * - **Documentation**: https://prismic.io/docs/field#timestamp
	 */
	aliquet_nibh: prismic.TimestampField;
	
	/**
	 * Eu field in *Morbi → Tincidunt*
	 *
	 * - **Field Type**: Title
	 * - **Placeholder**: Adipiscing elit pellentesque
	 * - **API ID Path**: morbi.group[].vulputate
	 * - **Documentation**: https://prismic.io/docs/field#rich-text-title
	 */
	vulputate: prismic.TitleField;
}

/**
 * Primary content in *Morbi → Slice zone → Vel Facilisis → Primary*
 */
export interface MorbiDocumentDataSliceZoneFooSlicePrimary {
	/**
	 * Cras field in *Morbi → Slice zone → Vel Facilisis → Primary*
	 *
	 * - **Field Type**: Boolean
	 * - **Placeholder**: *None*
	 * - **API ID Path**: morbi.sliceZone[].foo.primary.dignissim_suspendisse
	 * - **Documentation**: https://prismic.io/docs/field#boolean
	 */
	dignissim_suspendisse: prismic.BooleanField;
	
	/**
	 * Et field in *Morbi → Slice zone → Vel Facilisis → Primary*
	 *
	 * - **Field Type**: Content Relationship
	 * - **Placeholder**: Lorem sed risus
	 * - **API ID Path**: morbi.sliceZone[].foo.primary.vitae_tortor
	 * - **Documentation**: https://prismic.io/docs/field#link-content-relationship
	 */
	vitae_tortor: prismic.ContentRelationshipField;
	
	/**
	 * Id field in *Morbi → Slice zone → Vel Facilisis → Primary*
	 *
	 * - **Field Type**: Integration Fields (Catalog: \`lacus_vestibulum\`)
	 * - **Placeholder**: *None*
	 * - **API ID Path**: morbi.sliceZone[].foo.primary.proin
	 * - **Documentation**: https://prismic.io/docs/field#integration
	 */
	proin: prismic.IntegrationField;
	
	/**
	 * Orci field in *Morbi → Slice zone → Vel Facilisis → Primary*
	 *
	 * - **Field Type**: Text
	 * - **Placeholder**: Aliquam ultrices sagittis
	 * - **API ID Path**: morbi.sliceZone[].foo.primary.volutpat
	 * - **Documentation**: https://prismic.io/docs/field#key-text
	 */
	volutpat: prismic.KeyTextField;
	
	/**
	 * Lectus field in *Morbi → Slice zone → Vel Facilisis → Primary*
	 *
	 * - **Field Type**: Link
	 * - **Placeholder**: Auctor elit sed
	 * - **API ID Path**: morbi.sliceZone[].foo.primary.integer_eget
	 * - **Documentation**: https://prismic.io/docs/field#link-content-relationship
	 */
	integer_eget: prismic.LinkField;
	
	/**
	 * Lobortis field in *Morbi → Slice zone → Vel Facilisis → Primary*
	 *
	 * - **Field Type**: Rich Text
	 * - **Placeholder**: Volutpat lacus laoreet
	 * - **API ID Path**: morbi.sliceZone[].foo.primary.senectus
	 * - **Documentation**: https://prismic.io/docs/field#rich-text-title
	 */
	senectus: prismic.RichTextField;
	
	/**
	 * Congue field in *Morbi → Slice zone → Vel Facilisis → Primary*
	 *
	 * - **Field Type**: Select
	 * - **Placeholder**: Eleifend donec pretium
	 * - **API ID Path**: morbi.sliceZone[].foo.primary.mollis_nunc
	 * - **Documentation**: https://prismic.io/docs/field#select
	 */
	mollis_nunc: prismic.SelectField;
	
	/**
	 * Ipsum field in *Morbi → Slice zone → Vel Facilisis → Primary*
	 *
	 * - **Field Type**: Timestamp
	 * - **Placeholder**: Et sollicitudin ac
	 * - **API ID Path**: morbi.sliceZone[].foo.primary.in_hendrerit
	 * - **Documentation**: https://prismic.io/docs/field#timestamp
	 */
	in_hendrerit: prismic.TimestampField;
}

/**
 * Item content in *Morbi → Slice zone → Vel Facilisis → Items*
 */
export interface MorbiDocumentDataSliceZoneFooSliceItem {
	/**
	 * Viverra field in *Morbi → Slice zone → Vel Facilisis → Items*
	 *
	 * - **Field Type**: Boolean
	 * - **Placeholder**: *None*
	 * - **API ID Path**: morbi.sliceZone[].foo.items.tristique_magna
	 * - **Documentation**: https://prismic.io/docs/field#boolean
	 */
	tristique_magna: prismic.BooleanField;
	
	/**
	 * Duis field in *Morbi → Slice zone → Vel Facilisis → Items*
	 *
	 * - **Field Type**: Content Relationship
	 * - **Placeholder**: Ultricies integer quis
	 * - **API ID Path**: morbi.sliceZone[].foo.items.morbi
	 * - **Documentation**: https://prismic.io/docs/field#link-content-relationship
	 */
	morbi: prismic.ContentRelationshipField;
	
	/**
	 * Posuere field in *Morbi → Slice zone → Vel Facilisis → Items*
	 *
	 * - **Field Type**: Date
	 * - **Placeholder**: Faucibus in ornare
	 * - **API ID Path**: morbi.sliceZone[].foo.items.placerat
	 * - **Documentation**: https://prismic.io/docs/field#date
	 */
	placerat: prismic.DateField;
	
	/**
	 * Condimentum field in *Morbi → Slice zone → Vel Facilisis → Items*
	 *
	 * - **Field Type**: Embed
	 * - **Placeholder**: Neque sodales ut
	 * - **API ID Path**: morbi.sliceZone[].foo.items.interdum_consectetur
	 * - **Documentation**: https://prismic.io/docs/field#embed
	 */
	interdum_consectetur: prismic.EmbedField
	
	/**
	 * Volutpat field in *Morbi → Slice zone → Vel Facilisis → Items*
	 *
	 * - **Field Type**: GeoPoint
	 * - **Placeholder**: *None*
	 * - **API ID Path**: morbi.sliceZone[].foo.items.lacus_vestibulum
	 * - **Documentation**: https://prismic.io/docs/field#geopoint
	 */
	lacus_vestibulum: prismic.GeoPointField;
	
	/**
	 * Sagittis field in *Morbi → Slice zone → Vel Facilisis → Items*
	 *
	 * - **Field Type**: Text
	 * - **Placeholder**: Bibendum est ultricies
	 * - **API ID Path**: morbi.sliceZone[].foo.items.odio
	 * - **Documentation**: https://prismic.io/docs/field#key-text
	 */
	odio: prismic.KeyTextField;
	
	/**
	 * Fringilla field in *Morbi → Slice zone → Vel Facilisis → Items*
	 *
	 * - **Field Type**: Link
	 * - **Placeholder**: Egestas sed sed
	 * - **API ID Path**: morbi.sliceZone[].foo.items.donec_et
	 * - **Documentation**: https://prismic.io/docs/field#link-content-relationship
	 */
	donec_et: prismic.LinkField[];
	
	/**
	 * Ornare field in *Morbi → Slice zone → Vel Facilisis → Items*
	 *
	 * - **Field Type**: Link to Media
	 * - **Placeholder**: Id donec ultrices
	 * - **API ID Path**: morbi.sliceZone[].foo.items.hendrerit_gravida
	 * - **Documentation**: https://prismic.io/docs/field#link-content-relationship
	 */
	hendrerit_gravida: prismic.LinkToMediaField;
	
	/**
	 * Ut field in *Morbi → Slice zone → Vel Facilisis → Items*
	 *
	 * - **Field Type**: Rich Text
	 * - **Placeholder**: Sit amet nulla
	 * - **API ID Path**: morbi.sliceZone[].foo.items.aenean_vel
	 * - **Documentation**: https://prismic.io/docs/field#rich-text-title
	 */
	aenean_vel: prismic.RichTextField;
	
	/**
	 * Ultrices field in *Morbi → Slice zone → Vel Facilisis → Items*
	 *
	 * - **Field Type**: Timestamp
	 * - **Placeholder**: Varius vel pharetra
	 * - **API ID Path**: morbi.sliceZone[].foo.items.sed_enim
	 * - **Documentation**: https://prismic.io/docs/field#timestamp
	 */
	sed_enim: prismic.TimestampField;
	
	/**
	 * Viverra field in *Morbi → Slice zone → Vel Facilisis → Items*
	 *
	 * - **Field Type**: Title
	 * - **Placeholder**: Ornare suspendisse sed
	 * - **API ID Path**: morbi.sliceZone[].foo.items.rhoncus_mattis
	 * - **Documentation**: https://prismic.io/docs/field#rich-text-title
	 */
	rhoncus_mattis: prismic.TitleField;
}

/**
 * Slice for *Morbi → Slice zone*
 */
export type MorbiDocumentDataSliceZoneFooSlice = prismic.Slice<\\"foo\\", Simplify<MorbiDocumentDataSliceZoneFooSlicePrimary>, Simplify<MorbiDocumentDataSliceZoneFooSliceItem>>

type MorbiDocumentDataSliceZoneSlice = MorbiDocumentDataSliceZoneFooSlice

/**
 * Content for Morbi documents
 */
interface MorbiDocumentData {
	/**
	 * Diam field in *Morbi*
	 *
	 * - **Field Type**: Color
	 * - **Placeholder**: Pretium nibh ipsum
	 * - **API ID Path**: morbi.sit_amet
	 * - **Tab**: Main
	 * - **Documentation**: https://prismic.io/docs/field#color
	 */
	sit_amet: prismic.ColorField;
	
	/**
	 * Eget field in *Morbi*
	 *
	 * - **Field Type**: Content Relationship
	 * - **Placeholder**: Sed risus ultricies
	 * - **API ID Path**: morbi.facilisi_etiam
	 * - **Tab**: Main
	 * - **Documentation**: https://prismic.io/docs/field#link-content-relationship
	 */
	facilisi_etiam: prismic.ContentRelationshipField;
	
	/**
	 * Ipsum field in *Morbi*
	 *
	 * - **Field Type**: Date
	 * - **Placeholder**: Mauris ultrices eros
	 * - **API ID Path**: morbi.sem
	 * - **Tab**: Main
	 * - **Documentation**: https://prismic.io/docs/field#date
	 */
	sem: prismic.DateField;
	
	/**
	 * Cras field in *Morbi*
	 *
	 * - **Field Type**: Image
	 * - **Placeholder**: *None*
	 * - **API ID Path**: morbi.sagittis_nisl
	 * - **Tab**: Main
	 * - **Documentation**: https://prismic.io/docs/field#image
	 */
	sagittis_nisl: prismic.ImageField<never>;
	
	/**
	 * Elementum field in *Morbi*
	 *
	 * - **Field Type**: Rich Text
	 * - **Placeholder**: Cras ornare arcu
	 * - **API ID Path**: morbi.elementum_sagittis
	 * - **Tab**: Main
	 * - **Documentation**: https://prismic.io/docs/field#rich-text-title
	 */
	elementum_sagittis: prismic.RichTextField;
	
	/**
	 * Est field in *Morbi*
	 *
	 * - **Field Type**: Title
	 * - **Placeholder**: Malesuada proin libero
	 * - **API ID Path**: morbi.in_mollis
	 * - **Tab**: Main
	 * - **Documentation**: https://prismic.io/docs/field#rich-text-title
	 */
	in_mollis: prismic.TitleField;
	
	/**
	 * Tincidunt field in *Morbi*
	 *
	 * - **Field Type**: Group
	 * - **Placeholder**: *None*
	 * - **API ID Path**: morbi.group[]
	 * - **Tab**: Main
	 * - **Documentation**: https://prismic.io/docs/field#group
	 */
	group: prismic.GroupField<Simplify<MorbiDocumentDataGroupItem>>;
	
	/**
	 * Slice zone field in *Morbi*
	 *
	 * - **Field Type**: Slice Zone
	 * - **Placeholder**: *None*
	 * - **API ID Path**: morbi.sliceZone[]
	 * - **Tab**: Main
	 * - **Documentation**: https://prismic.io/docs/field#slices
	 */
	sliceZone: prismic.SliceZone<MorbiDocumentDataSliceZoneSlice>;
}

/**
 * Morbi document from Prismic
 *
 * - **API ID**: \`morbi\`
 * - **Repeatable**: \`false\`
 * - **Documentation**: https://prismic.io/docs/custom-types
 *
 * @typeParam Lang - Language API ID of the document.
 */
export type MorbiDocument<Lang extends string = string> = prismic.PrismicDocumentWithoutUID<Simplify<MorbiDocumentData>, \\"morbi\\", Lang>;

export type AllDocumentTypes = EtiamDocument | AliquamDocument | VitaeDocument | MiDocument | MorbiDocument;

/**
 * Primary content in *Pellentesque → Turpis → Primary*
 */
export interface PellentesqueSliceTurpisPrimary {
	/**
	 * Ac field in *Pellentesque → Turpis → Primary*
	 *
	 * - **Field Type**: Date
	 * - **Placeholder**: Libero justo laoreet
	 * - **API ID Path**: pellentesque.turpis.primary.aliquam_id
	 * - **Documentation**: https://prismic.io/docs/field#date
	 */
	aliquam_id: prismic.DateField;
	
	/**
	 * Vitae field in *Pellentesque → Turpis → Primary*
	 *
	 * - **Field Type**: Embed
	 * - **Placeholder**: Praesent semper feugiat
	 * - **API ID Path**: pellentesque.turpis.primary.vitae
	 * - **Documentation**: https://prismic.io/docs/field#embed
	 */
	vitae: prismic.EmbedField
	
	/**
	 * Et field in *Pellentesque → Turpis → Primary*
	 *
	 * - **Field Type**: GeoPoint
	 * - **Placeholder**: *None*
	 * - **API ID Path**: pellentesque.turpis.primary.scelerisque
	 * - **Documentation**: https://prismic.io/docs/field#geopoint
	 */
	scelerisque: prismic.GeoPointField;
	
	/**
	 * Sem field in *Pellentesque → Turpis → Primary*
	 *
	 * - **Field Type**: Integration Fields (Catalog: \`consectetur_adipiscing\`)
	 * - **Placeholder**: *None*
	 * - **API ID Path**: pellentesque.turpis.primary.elementum
	 * - **Documentation**: https://prismic.io/docs/field#integration
	 */
	elementum: prismic.IntegrationField;
	
	/**
	 * Mi field in *Pellentesque → Turpis → Primary*
	 *
	 * - **Field Type**: Number
	 * - **Placeholder**: Tellus id interdum
	 * - **API ID Path**: pellentesque.turpis.primary.vehicula_ipsum
	 * - **Documentation**: https://prismic.io/docs/field#number
	 */
	vehicula_ipsum: prismic.NumberField;
	
	/**
	 * Sed field in *Pellentesque → Turpis → Primary*
	 *
	 * - **Field Type**: Rich Text
	 * - **Placeholder**: Eu scelerisque felis
	 * - **API ID Path**: pellentesque.turpis.primary.pulvinar
	 * - **Documentation**: https://prismic.io/docs/field#rich-text-title
	 */
	pulvinar: prismic.RichTextField;
	
	/**
	 * Lacus field in *Pellentesque → Turpis → Primary*
	 *
	 * - **Field Type**: Timestamp
	 * - **Placeholder**: Quisque non tellus
	 * - **API ID Path**: pellentesque.turpis.primary.eget
	 * - **Documentation**: https://prismic.io/docs/field#timestamp
	 */
	eget: prismic.TimestampField;
}

/**
 * Primary content in *Pellentesque → Items*
 */
export interface PellentesqueSliceTurpisItem {
	/**
	 * A field in *Pellentesque → Items*
	 *
	 * - **Field Type**: Content Relationship
	 * - **Placeholder**: Turpis cursus in
	 * - **API ID Path**: pellentesque.items[].et
	 * - **Documentation**: https://prismic.io/docs/field#link-content-relationship
	 */
	et: prismic.ContentRelationshipField;
	
	/**
	 * Luctus field in *Pellentesque → Items*
	 *
	 * - **Field Type**: Embed
	 * - **Placeholder**: Mauris nunc congue
	 * - **API ID Path**: pellentesque.items[].bibendum
	 * - **Documentation**: https://prismic.io/docs/field#embed
	 */
	bibendum: prismic.EmbedField
	
	/**
	 * Urna field in *Pellentesque → Items*
	 *
	 * - **Field Type**: GeoPoint
	 * - **Placeholder**: *None*
	 * - **API ID Path**: pellentesque.items[].mauris_cursus
	 * - **Documentation**: https://prismic.io/docs/field#geopoint
	 */
	mauris_cursus: prismic.GeoPointField;
	
	/**
	 * Lectus field in *Pellentesque → Items*
	 *
	 * - **Field Type**: Image
	 * - **Placeholder**: *None*
	 * - **API ID Path**: pellentesque.items[].dolor
	 * - **Documentation**: https://prismic.io/docs/field#image
	 */
	dolor: prismic.ImageField<never>;
	
	/**
	 * Vel field in *Pellentesque → Items*
	 *
	 * - **Field Type**: Link
	 * - **Placeholder**: Feugiat vivamus at
	 * - **API ID Path**: pellentesque.items[].non
	 * - **Documentation**: https://prismic.io/docs/field#link-content-relationship
	 */
	non: prismic.LinkField;
	
	/**
	 * Suscipit field in *Pellentesque → Items*
	 *
	 * - **Field Type**: Title
	 * - **Placeholder**: Blandit volutpat maecenas
	 * - **API ID Path**: pellentesque.items[].commodo
	 * - **Documentation**: https://prismic.io/docs/field#rich-text-title
	 */
	commodo: prismic.TitleField;
}

/**
 * Turpis variation for Pellentesque Slice
 *
 * - **API ID**: \`turpis\`
 * - **Description**: Nunc mattis enim ut tellus elementum
 * - **Documentation**: https://prismic.io/docs/slice
 */
export type PellentesqueSliceTurpis = prismic.SharedSliceVariation<\\"turpis\\", Simplify<PellentesqueSliceTurpisPrimary>, Simplify<PellentesqueSliceTurpisItem>>;

/**
 * Slice variation for *Pellentesque*
 */
type PellentesqueSliceVariation = PellentesqueSliceTurpis

/**
 * Pellentesque Shared Slice
 *
 * - **API ID**: \`pellentesque\`
 * - **Description**: Etiam erat velit scelerisque in dictum non consectetur a
 * - **Documentation**: https://prismic.io/docs/slice
 */
export type PellentesqueSlice = prismic.SharedSlice<\\"pellentesque\\", PellentesqueSliceVariation>;

/**
 * Primary content in *Eu → Arcu → Primary*
 */
export interface EuSliceArcuPrimary {
	/**
	 * Aliquet field in *Eu → Arcu → Primary*
	 *
	 * - **Field Type**: Boolean
	 * - **Placeholder**: *None*
	 * - **API ID Path**: eu.arcu.primary.pellentesque_diam
	 * - **Documentation**: https://prismic.io/docs/field#boolean
	 */
	pellentesque_diam: prismic.BooleanField;
	
	/**
	 * Sapien field in *Eu → Arcu → Primary*
	 *
	 * - **Field Type**: Color
	 * - **Placeholder**: Bibendum est ultricies
	 * - **API ID Path**: eu.arcu.primary.in_nibh
	 * - **Documentation**: https://prismic.io/docs/field#color
	 */
	in_nibh: prismic.ColorField;
	
	/**
	 * Ut field in *Eu → Arcu → Primary*
	 *
	 * - **Field Type**: Date
	 * - **Placeholder**: Sed arcu non
	 * - **API ID Path**: eu.arcu.primary.dictum
	 * - **Documentation**: https://prismic.io/docs/field#date
	 */
	dictum: prismic.DateField;
	
	/**
	 * Venenatis field in *Eu → Arcu → Primary*
	 *
	 * - **Field Type**: Embed
	 * - **Placeholder**: Amet purus gravida
	 * - **API ID Path**: eu.arcu.primary.amet
	 * - **Documentation**: https://prismic.io/docs/field#embed
	 */
	amet: prismic.EmbedField
	
	/**
	 * Maecenas field in *Eu → Arcu → Primary*
	 *
	 * - **Field Type**: Text
	 * - **Placeholder**: Vitae et leo
	 * - **API ID Path**: eu.arcu.primary.neque_laoreet
	 * - **Documentation**: https://prismic.io/docs/field#key-text
	 */
	neque_laoreet: prismic.KeyTextField;
	
	/**
	 * Enim field in *Eu → Arcu → Primary*
	 *
	 * - **Field Type**: Link to Media
	 * - **Placeholder**: Quisque non tellus
	 * - **API ID Path**: eu.arcu.primary.libero
	 * - **Documentation**: https://prismic.io/docs/field#link-content-relationship
	 */
	libero: prismic.LinkToMediaField[];
	
	/**
	 * Feugiat field in *Eu → Arcu → Primary*
	 *
	 * - **Field Type**: Number
	 * - **Placeholder**: Nibh tortor id
	 * - **API ID Path**: eu.arcu.primary.rutrum_quisque
	 * - **Documentation**: https://prismic.io/docs/field#number
	 */
	rutrum_quisque: prismic.NumberField;
	
	/**
	 * Rutrum field in *Eu → Arcu → Primary*
	 *
	 * - **Field Type**: Select
	 * - **Placeholder**: Nisl suscipit adipiscing
	 * - **API ID Path**: eu.arcu.primary.lectus_sit
	 * - **Documentation**: https://prismic.io/docs/field#select
	 */
	lectus_sit: prismic.SelectField;
	
	/**
	 * Urna field in *Eu → Arcu → Primary*
	 *
	 * - **Field Type**: Timestamp
	 * - **Placeholder**: Libero volutpat sed
	 * - **API ID Path**: eu.arcu.primary.aliquam
	 * - **Documentation**: https://prismic.io/docs/field#timestamp
	 */
	aliquam: prismic.TimestampField;
}

/**
 * Primary content in *Eu → Items*
 */
export interface EuSliceArcuItem {
	/**
	 * Lacus field in *Eu → Items*
	 *
	 * - **Field Type**: Boolean
	 * - **Placeholder**: *None*
	 * - **API ID Path**: eu.items[].quis_blandit
	 * - **Documentation**: https://prismic.io/docs/field#boolean
	 */
	quis_blandit: prismic.BooleanField;
	
	/**
	 * Tincidunt field in *Eu → Items*
	 *
	 * - **Field Type**: Embed
	 * - **Placeholder**: Malesuada bibendum arcu
	 * - **API ID Path**: eu.items[].sit_amet
	 * - **Documentation**: https://prismic.io/docs/field#embed
	 */
	sit_amet: prismic.EmbedField
	
	/**
	 * Eget field in *Eu → Items*
	 *
	 * - **Field Type**: Integration Fields (Catalog: \`nec_nam\`)
	 * - **Placeholder**: *None*
	 * - **API ID Path**: eu.items[].risus
	 * - **Documentation**: https://prismic.io/docs/field#integration
	 */
	risus: prismic.IntegrationField;
	
	/**
	 * Morbi field in *Eu → Items*
	 *
	 * - **Field Type**: Link to Media
	 * - **Placeholder**: Tellus molestie nunc
	 * - **API ID Path**: eu.items[].et
	 * - **Documentation**: https://prismic.io/docs/field#link-content-relationship
	 */
	et: prismic.LinkToMediaField;
	
	/**
	 * Non field in *Eu → Items*
	 *
	 * - **Field Type**: Number
	 * - **Placeholder**: Semper feugiat nibh
	 * - **API ID Path**: eu.items[].congue_quisque
	 * - **Documentation**: https://prismic.io/docs/field#number
	 */
	congue_quisque: prismic.NumberField;
	
	/**
	 * Aliquam field in *Eu → Items*
	 *
	 * - **Field Type**: Rich Text
	 * - **Placeholder**: At imperdiet dui
	 * - **API ID Path**: eu.items[].neque_volutpat
	 * - **Documentation**: https://prismic.io/docs/field#rich-text-title
	 */
	neque_volutpat: prismic.RichTextField;
	
	/**
	 * Auctor field in *Eu → Items*
	 *
	 * - **Field Type**: Select
	 * - **Placeholder**: Odio eu feugiat
	 * - **API ID Path**: eu.items[].a
	 * - **Documentation**: https://prismic.io/docs/field#select
	 */
	a: prismic.SelectField;
	
	/**
	 * Sagittis field in *Eu → Items*
	 *
	 * - **Field Type**: Title
	 * - **Placeholder**: Faucibus ornare suspendisse
	 * - **API ID Path**: eu.items[].in
	 * - **Documentation**: https://prismic.io/docs/field#rich-text-title
	 */
	in: prismic.TitleField;
}

/**
 * Arcu variation for Eu Slice
 *
 * - **API ID**: \`arcu\`
 * - **Description**: Eget velit aliquet sagittis id consectetur purus ut faucibus
 * - **Documentation**: https://prismic.io/docs/slice
 */
export type EuSliceArcu = prismic.SharedSliceVariation<\\"arcu\\", Simplify<EuSliceArcuPrimary>, Simplify<EuSliceArcuItem>>;

/**
 * Slice variation for *Eu*
 */
type EuSliceVariation = EuSliceArcu

/**
 * Eu Shared Slice
 *
 * - **API ID**: \`eu\`
 * - **Description**: Non odio euismod lacinia at
 * - **Documentation**: https://prismic.io/docs/slice
 */
export type EuSlice = prismic.SharedSlice<\\"eu\\", EuSliceVariation>;

/**
 * Primary content in *Porttitor → Dolor → Primary*
 */
export interface PorttitorSliceDolorPrimary {
	/**
	 * Ut field in *Porttitor → Dolor → Primary*
	 *
	 * - **Field Type**: Boolean
	 * - **Placeholder**: *None*
	 * - **API ID Path**: porttitor.dolor.primary.mauris_a
	 * - **Documentation**: https://prismic.io/docs/field#boolean
	 */
	mauris_a: prismic.BooleanField;
	
	/**
	 * Elementum field in *Porttitor → Dolor → Primary*
	 *
	 * - **Field Type**: Color
	 * - **Placeholder**: Lectus nulla at
	 * - **API ID Path**: porttitor.dolor.primary.leo_vel
	 * - **Documentation**: https://prismic.io/docs/field#color
	 */
	leo_vel: prismic.ColorField;
	
	/**
	 * Elit field in *Porttitor → Dolor → Primary*
	 *
	 * - **Field Type**: Content Relationship
	 * - **Placeholder**: Risus ultricies tristique
	 * - **API ID Path**: porttitor.dolor.primary.vivamus
	 * - **Documentation**: https://prismic.io/docs/field#link-content-relationship
	 */
	vivamus: prismic.ContentRelationshipField;
	
	/**
	 * Ut field in *Porttitor → Dolor → Primary*
	 *
	 * - **Field Type**: Embed
	 * - **Placeholder**: Magna fringilla urna
	 * - **API ID Path**: porttitor.dolor.primary.vitae
	 * - **Documentation**: https://prismic.io/docs/field#embed
	 */
	vitae: prismic.EmbedField
	
	/**
	 * Bibendum field in *Porttitor → Dolor → Primary*
	 *
	 * - **Field Type**: Image
	 * - **Placeholder**: *None*
	 * - **API ID Path**: porttitor.dolor.primary.id_diam
	 * - **Documentation**: https://prismic.io/docs/field#image
	 */
	id_diam: prismic.ImageField<never>;
	
	/**
	 * Malesuada field in *Porttitor → Dolor → Primary*
	 *
	 * - **Field Type**: Link
	 * - **Placeholder**: Cursus vitae congue
	 * - **API ID Path**: porttitor.dolor.primary.nibh_tortor
	 * - **Documentation**: https://prismic.io/docs/field#link-content-relationship
	 */
	nibh_tortor: prismic.LinkField;
	
	/**
	 * Enim field in *Porttitor → Dolor → Primary*
	 *
	 * - **Field Type**: Link to Media
	 * - **Placeholder**: Id cursus metus
	 * - **API ID Path**: porttitor.dolor.primary.velit_scelerisque
	 * - **Documentation**: https://prismic.io/docs/field#link-content-relationship
	 */
	velit_scelerisque: prismic.LinkToMediaField;
	
	/**
	 * Vestibulum field in *Porttitor → Dolor → Primary*
	 *
	 * - **Field Type**: Number
	 * - **Placeholder**: Nisi lacus sed
	 * - **API ID Path**: porttitor.dolor.primary.vitae_nunc
	 * - **Documentation**: https://prismic.io/docs/field#number
	 */
	vitae_nunc: prismic.NumberField;
}

/**
 * Primary content in *Porttitor → Items*
 */
export interface PorttitorSliceDolorItem {
	/**
	 * Vitae field in *Porttitor → Items*
	 *
	 * - **Field Type**: Content Relationship
	 * - **Placeholder**: Ultrices eros in
	 * - **API ID Path**: porttitor.items[].vulputate
	 * - **Documentation**: https://prismic.io/docs/field#link-content-relationship
	 */
	vulputate: prismic.ContentRelationshipField;
	
	/**
	 * Vestibulum field in *Porttitor → Items*
	 *
	 * - **Field Type**: Embed
	 * - **Placeholder**: Consequat mauris nunc
	 * - **API ID Path**: porttitor.items[].tortor_pretium
	 * - **Documentation**: https://prismic.io/docs/field#embed
	 */
	tortor_pretium: prismic.EmbedField
	
	/**
	 * Blandit field in *Porttitor → Items*
	 *
	 * - **Field Type**: Text
	 * - **Placeholder**: Enim blandit volutpat
	 * - **API ID Path**: porttitor.items[].diam
	 * - **Documentation**: https://prismic.io/docs/field#key-text
	 */
	diam: prismic.KeyTextField;
	
	/**
	 * Sed field in *Porttitor → Items*
	 *
	 * - **Field Type**: Link
	 * - **Placeholder**: Commodo odio aenean
	 * - **API ID Path**: porttitor.items[].adipiscing
	 * - **Documentation**: https://prismic.io/docs/field#link-content-relationship
	 */
	adipiscing: prismic.LinkField;
	
	/**
	 * Auctor field in *Porttitor → Items*
	 *
	 * - **Field Type**: Rich Text
	 * - **Placeholder**: Orci eu lobortis
	 * - **API ID Path**: porttitor.items[].in
	 * - **Documentation**: https://prismic.io/docs/field#rich-text-title
	 */
	in: prismic.RichTextField;
	
	/**
	 * Sed field in *Porttitor → Items*
	 *
	 * - **Field Type**: Select
	 * - **Placeholder**: Malesuada fames ac
	 * - **API ID Path**: porttitor.items[].maecenas
	 * - **Documentation**: https://prismic.io/docs/field#select
	 */
	maecenas: prismic.SelectField;
	
	/**
	 * Elementum field in *Porttitor → Items*
	 *
	 * - **Field Type**: Timestamp
	 * - **Placeholder**: Tincidunt ornare massa
	 * - **API ID Path**: porttitor.items[].nibh
	 * - **Documentation**: https://prismic.io/docs/field#timestamp
	 */
	nibh: prismic.TimestampField;
}

/**
 * Dolor variation for Porttitor Slice
 *
 * - **API ID**: \`dolor\`
 * - **Description**: Non odio euismod lacinia at quis risus sed vulputate
 * - **Documentation**: https://prismic.io/docs/slice
 */
export type PorttitorSliceDolor = prismic.SharedSliceVariation<\\"dolor\\", Simplify<PorttitorSliceDolorPrimary>, Simplify<PorttitorSliceDolorItem>>;

/**
 * Slice variation for *Porttitor*
 */
type PorttitorSliceVariation = PorttitorSliceDolor

/**
 * Porttitor Shared Slice
 *
 * - **API ID**: \`porttitor\`
 * - **Description**: Risus in hendrerit gravida rutrum
 * - **Documentation**: https://prismic.io/docs/slice
 */
export type PorttitorSlice = prismic.SharedSlice<\\"porttitor\\", PorttitorSliceVariation>;

/**
 * Primary content in *Nibh → Dui → Primary*
 */
export interface NibhSliceDuiPrimary {
	/**
	 * Morbi field in *Nibh → Dui → Primary*
	 *
	 * - **Field Type**: Boolean
	 * - **Placeholder**: *None*
	 * - **API ID Path**: nibh.dui.primary.risus
	 * - **Documentation**: https://prismic.io/docs/field#boolean
	 */
	risus: prismic.BooleanField;
	
	/**
	 * Pellentesque field in *Nibh → Dui → Primary*
	 *
	 * - **Field Type**: Color
	 * - **Placeholder**: Maecenas volutpat blandit
	 * - **API ID Path**: nibh.dui.primary.ridiculus_mus
	 * - **Documentation**: https://prismic.io/docs/field#color
	 */
	ridiculus_mus: prismic.ColorField;
	
	/**
	 * Viverra field in *Nibh → Dui → Primary*
	 *
	 * - **Field Type**: Content Relationship
	 * - **Placeholder**: Lobortis elementum nibh
	 * - **API ID Path**: nibh.dui.primary.sociis_natoque
	 * - **Documentation**: https://prismic.io/docs/field#link-content-relationship
	 */
	sociis_natoque: prismic.ContentRelationshipField;
	
	/**
	 * Interdum field in *Nibh → Dui → Primary*
	 *
	 * - **Field Type**: Date
	 * - **Placeholder**: Id faucibus nisl
	 * - **API ID Path**: nibh.dui.primary.dolor_magna
	 * - **Documentation**: https://prismic.io/docs/field#date
	 */
	dolor_magna: prismic.DateField;
	
	/**
	 * Placerat field in *Nibh → Dui → Primary*
	 *
	 * - **Field Type**: GeoPoint
	 * - **Placeholder**: *None*
	 * - **API ID Path**: nibh.dui.primary.bibendum_est
	 * - **Documentation**: https://prismic.io/docs/field#geopoint
	 */
	bibendum_est: prismic.GeoPointField;
	
	/**
	 * Dictum field in *Nibh → Dui → Primary*
	 *
	 * - **Field Type**: Image
	 * - **Placeholder**: *None*
	 * - **API ID Path**: nibh.dui.primary.mi_tempus
	 * - **Documentation**: https://prismic.io/docs/field#image
	 */
	mi_tempus: prismic.ImageField<never>;
	
	/**
	 * Facilisi field in *Nibh → Dui → Primary*
	 *
	 * - **Field Type**: Integration Fields (Catalog: \`odio_ut\`)
	 * - **Placeholder**: *None*
	 * - **API ID Path**: nibh.dui.primary.praesent
	 * - **Documentation**: https://prismic.io/docs/field#integration
	 */
	praesent: prismic.IntegrationField;
	
	/**
	 * Pharetra field in *Nibh → Dui → Primary*
	 *
	 * - **Field Type**: Text
	 * - **Placeholder**: Maecenas volutpat blandit
	 * - **API ID Path**: nibh.dui.primary.lectus
	 * - **Documentation**: https://prismic.io/docs/field#key-text
	 */
	lectus: prismic.KeyTextField;
	
	/**
	 * Nunc field in *Nibh → Dui → Primary*
	 *
	 * - **Field Type**: Rich Text
	 * - **Placeholder**: Nunc eget lorem
	 * - **API ID Path**: nibh.dui.primary.sagittis_orci
	 * - **Documentation**: https://prismic.io/docs/field#rich-text-title
	 */
	sagittis_orci: prismic.RichTextField;
}

/**
 * Primary content in *Nibh → Items*
 */
export interface NibhSliceDuiItem {
	/**
	 * Donec field in *Nibh → Items*
	 *
	 * - **Field Type**: Boolean
	 * - **Placeholder**: *None*
	 * - **API ID Path**: nibh.items[].neque_egestas
	 * - **Documentation**: https://prismic.io/docs/field#boolean
	 */
	neque_egestas: prismic.BooleanField;
	
	/**
	 * A field in *Nibh → Items*
	 *
	 * - **Field Type**: Color
	 * - **Placeholder**: Sit amet nisl
	 * - **API ID Path**: nibh.items[].laoreet
	 * - **Documentation**: https://prismic.io/docs/field#color
	 */
	laoreet: prismic.ColorField;
	
	/**
	 * Adipiscing field in *Nibh → Items*
	 *
	 * - **Field Type**: Content Relationship
	 * - **Placeholder**: Ante metus dictum
	 * - **API ID Path**: nibh.items[].id
	 * - **Documentation**: https://prismic.io/docs/field#link-content-relationship
	 */
	id: prismic.ContentRelationshipField;
	
	/**
	 * At field in *Nibh → Items*
	 *
	 * - **Field Type**: Date
	 * - **Placeholder**: Non blandit massa
	 * - **API ID Path**: nibh.items[].molestie_at
	 * - **Documentation**: https://prismic.io/docs/field#date
	 */
	molestie_at: prismic.DateField;
	
	/**
	 * In field in *Nibh → Items*
	 *
	 * - **Field Type**: Embed
	 * - **Placeholder**: Donec ultrices tincidunt
	 * - **API ID Path**: nibh.items[].faucibus
	 * - **Documentation**: https://prismic.io/docs/field#embed
	 */
	faucibus: prismic.EmbedField
	
	/**
	 * Urna field in *Nibh → Items*
	 *
	 * - **Field Type**: Text
	 * - **Placeholder**: Bibendum enim facilisis
	 * - **API ID Path**: nibh.items[].tempor_nec
	 * - **Documentation**: https://prismic.io/docs/field#key-text
	 */
	tempor_nec: prismic.KeyTextField;
	
	/**
	 * Bibendum field in *Nibh → Items*
	 *
	 * - **Field Type**: Link to Media
	 * - **Placeholder**: Diam quis enim
	 * - **API ID Path**: nibh.items[].augue_interdum
	 * - **Documentation**: https://prismic.io/docs/field#link-content-relationship
	 */
	augue_interdum: prismic.LinkToMediaField[];
	
	/**
	 * Viverra field in *Nibh → Items*
	 *
	 * - **Field Type**: Number
	 * - **Placeholder**: Condimentum id venenatis
	 * - **API ID Path**: nibh.items[].tortor
	 * - **Documentation**: https://prismic.io/docs/field#number
	 */
	tortor: prismic.NumberField;
	
	/**
	 * Sed field in *Nibh → Items*
	 *
	 * - **Field Type**: Rich Text
	 * - **Placeholder**: Faucibus nisl tincidunt
	 * - **API ID Path**: nibh.items[].imperdiet
	 * - **Documentation**: https://prismic.io/docs/field#rich-text-title
	 */
	imperdiet: prismic.RichTextField;
	
	/**
	 * Pellentesque field in *Nibh → Items*
	 *
	 * - **Field Type**: Timestamp
	 * - **Placeholder**: Morbi tristique senectus
	 * - **API ID Path**: nibh.items[].lacus_laoreet
	 * - **Documentation**: https://prismic.io/docs/field#timestamp
	 */
	lacus_laoreet: prismic.TimestampField;
}

/**
 * Dui variation for Nibh Slice
 *
 * - **API ID**: \`dui\`
 * - **Description**: Tellus orci ac auctor augue mauris augue neque gravida
 * - **Documentation**: https://prismic.io/docs/slice
 */
export type NibhSliceDui = prismic.SharedSliceVariation<\\"dui\\", Simplify<NibhSliceDuiPrimary>, Simplify<NibhSliceDuiItem>>;

/**
 * Slice variation for *Nibh*
 */
type NibhSliceVariation = NibhSliceDui

/**
 * Nibh Shared Slice
 *
 * - **API ID**: \`nibh\`
 * - **Description**: Facilisi morbi tempus iaculis urna id
 * - **Documentation**: https://prismic.io/docs/slice
 */
export type NibhSlice = prismic.SharedSlice<\\"nibh\\", NibhSliceVariation>;

/**
 * Primary content in *Nisl → Viverra → Primary*
 */
export interface NislSliceViverraPrimary {
	/**
	 * Montes field in *Nisl → Viverra → Primary*
	 *
	 * - **Field Type**: Boolean
	 * - **Placeholder**: *None*
	 * - **API ID Path**: nisl.viverra.primary.ac
	 * - **Documentation**: https://prismic.io/docs/field#boolean
	 */
	ac: prismic.BooleanField;
	
	/**
	 * Mattis field in *Nisl → Viverra → Primary*
	 *
	 * - **Field Type**: Color
	 * - **Placeholder**: Lorem mollis aliquam
	 * - **API ID Path**: nisl.viverra.primary.cras_sed
	 * - **Documentation**: https://prismic.io/docs/field#color
	 */
	cras_sed: prismic.ColorField;
	
	/**
	 * Risus field in *Nisl → Viverra → Primary*
	 *
	 * - **Field Type**: Content Relationship
	 * - **Placeholder**: Faucibus et molestie
	 * - **API ID Path**: nisl.viverra.primary.tempor_orci
	 * - **Documentation**: https://prismic.io/docs/field#link-content-relationship
	 */
	tempor_orci: prismic.ContentRelationshipField;
	
	/**
	 * Volutpat field in *Nisl → Viverra → Primary*
	 *
	 * - **Field Type**: Date
	 * - **Placeholder**: Cursus eget nunc
	 * - **API ID Path**: nisl.viverra.primary.justo
	 * - **Documentation**: https://prismic.io/docs/field#date
	 */
	justo: prismic.DateField;
	
	/**
	 * Massa field in *Nisl → Viverra → Primary*
	 *
	 * - **Field Type**: Embed
	 * - **Placeholder**: Amet venenatis urna
	 * - **API ID Path**: nisl.viverra.primary.nunc_sed
	 * - **Documentation**: https://prismic.io/docs/field#embed
	 */
	nunc_sed: prismic.EmbedField
	
	/**
	 * Viverra field in *Nisl → Viverra → Primary*
	 *
	 * - **Field Type**: GeoPoint
	 * - **Placeholder**: *None*
	 * - **API ID Path**: nisl.viverra.primary.tellus_at
	 * - **Documentation**: https://prismic.io/docs/field#geopoint
	 */
	tellus_at: prismic.GeoPointField;
	
	/**
	 * Iaculis field in *Nisl → Viverra → Primary*
	 *
	 * - **Field Type**: Integration Fields (Catalog: \`sed_nisi\`)
	 * - **Placeholder**: *None*
	 * - **API ID Path**: nisl.viverra.primary.cras
	 * - **Documentation**: https://prismic.io/docs/field#integration
	 */
	cras: prismic.IntegrationField;
	
	/**
	 * Proin field in *Nisl → Viverra → Primary*
	 *
	 * - **Field Type**: Link
	 * - **Placeholder**: Pellentesque massa placerat
	 * - **API ID Path**: nisl.viverra.primary.morbi
	 * - **Documentation**: https://prismic.io/docs/field#link-content-relationship
	 */
	morbi: prismic.LinkField[];
	
	/**
	 * Pharetra field in *Nisl → Viverra → Primary*
	 *
	 * - **Field Type**: Link to Media
	 * - **Placeholder**: Sed lectus vestibulum
	 * - **API ID Path**: nisl.viverra.primary.purus_viverra
	 * - **Documentation**: https://prismic.io/docs/field#link-content-relationship
	 */
	purus_viverra: prismic.LinkToMediaField[];
	
	/**
	 * Faucibus field in *Nisl → Viverra → Primary*
	 *
	 * - **Field Type**: Timestamp
	 * - **Placeholder**: Eu feugiat pretium
	 * - **API ID Path**: nisl.viverra.primary.diam
	 * - **Documentation**: https://prismic.io/docs/field#timestamp
	 */
	diam: prismic.TimestampField;
}

/**
 * Primary content in *Nisl → Items*
 */
export interface NislSliceViverraItem {
	/**
	 * Faucibus field in *Nisl → Items*
	 *
	 * - **Field Type**: Date
	 * - **Placeholder**: Imperdiet massa tincidunt
	 * - **API ID Path**: nisl.items[].diam_quam
	 * - **Documentation**: https://prismic.io/docs/field#date
	 */
	diam_quam: prismic.DateField;
	
	/**
	 * Enim field in *Nisl → Items*
	 *
	 * - **Field Type**: GeoPoint
	 * - **Placeholder**: *None*
	 * - **API ID Path**: nisl.items[].rhoncus_est
	 * - **Documentation**: https://prismic.io/docs/field#geopoint
	 */
	rhoncus_est: prismic.GeoPointField;
	
	/**
	 * Maecenas field in *Nisl → Items*
	 *
	 * - **Field Type**: Image
	 * - **Placeholder**: *None*
	 * - **API ID Path**: nisl.items[].feugiat_vivamus
	 * - **Documentation**: https://prismic.io/docs/field#image
	 */
	feugiat_vivamus: prismic.ImageField<never>;
	
	/**
	 * Enim field in *Nisl → Items*
	 *
	 * - **Field Type**: Integration Fields (Catalog: \`faucibus_in\`)
	 * - **Placeholder**: *None*
	 * - **API ID Path**: nisl.items[].ac
	 * - **Documentation**: https://prismic.io/docs/field#integration
	 */
	ac: prismic.IntegrationField;
	
	/**
	 * A field in *Nisl → Items*
	 *
	 * - **Field Type**: Link
	 * - **Placeholder**: Semper feugiat nibh
	 * - **API ID Path**: nisl.items[].odio
	 * - **Documentation**: https://prismic.io/docs/field#link-content-relationship
	 */
	odio: prismic.LinkField;
	
	/**
	 * Nunc field in *Nisl → Items*
	 *
	 * - **Field Type**: Link to Media
	 * - **Placeholder**: Sed viverra ipsum
	 * - **API ID Path**: nisl.items[].aliquam
	 * - **Documentation**: https://prismic.io/docs/field#link-content-relationship
	 */
	aliquam: prismic.LinkToMediaField[];
	
	/**
	 * Arcu field in *Nisl → Items*
	 *
	 * - **Field Type**: Number
	 * - **Placeholder**: Velit egestas dui
	 * - **API ID Path**: nisl.items[].non
	 * - **Documentation**: https://prismic.io/docs/field#number
	 */
	non: prismic.NumberField;
	
	/**
	 * Nec field in *Nisl → Items*
	 *
	 * - **Field Type**: Select
	 * - **Placeholder**: Sed augue lacus
	 * - **API ID Path**: nisl.items[].auctor_neque
	 * - **Documentation**: https://prismic.io/docs/field#select
	 */
	auctor_neque: prismic.SelectField;
	
	/**
	 * Enim field in *Nisl → Items*
	 *
	 * - **Field Type**: Timestamp
	 * - **Placeholder**: Dictum varius duis
	 * - **API ID Path**: nisl.items[].nec
	 * - **Documentation**: https://prismic.io/docs/field#timestamp
	 */
	nec: prismic.TimestampField;
	
	/**
	 * Elit field in *Nisl → Items*
	 *
	 * - **Field Type**: Title
	 * - **Placeholder**: Pretium quam vulputate
	 * - **API ID Path**: nisl.items[].ut_etiam
	 * - **Documentation**: https://prismic.io/docs/field#rich-text-title
	 */
	ut_etiam: prismic.TitleField;
}

/**
 * Viverra variation for Nisl Slice
 *
 * - **API ID**: \`viverra\`
 * - **Description**: Lectus sit amet est placerat in egestas erat imperdiet
 * - **Documentation**: https://prismic.io/docs/slice
 */
export type NislSliceViverra = prismic.SharedSliceVariation<\\"viverra\\", Simplify<NislSliceViverraPrimary>, Simplify<NislSliceViverraItem>>;

/**
 * Slice variation for *Nisl*
 */
type NislSliceVariation = NislSliceViverra

/**
 * Nisl Shared Slice
 *
 * - **API ID**: \`nisl\`
 * - **Description**: Donec ac odio tempor orci
 * - **Documentation**: https://prismic.io/docs/slice
 */
export type NislSlice = prismic.SharedSlice<\\"nisl\\", NislSliceVariation>;

declare module \\"@prismicio/client\\" {
	interface CreateClient {
		(repositoryNameOrEndpoint: string, options?: prismicClient.ClientConfig): prismicClient.Client<AllDocumentTypes>;
	}
	
	interface CreateWriteClient {
		(repositoryNameOrEndpoint: string, options: prismicClient.WriteClientConfig): prismicClient.WriteClient<AllDocumentTypes>;
	}
	
	interface CreateMigration {
		(): prismicClient.Migration<AllDocumentTypes>;
	}
	
	namespace Content {
		export type {
			EtiamDocument,
			EtiamDocumentData,
			EtiamDocumentDataGroupItem,
			EtiamDocumentDataSliceZoneFooSlicePrimary,
			EtiamDocumentDataSliceZoneFooSliceItem,
			EtiamDocumentDataSliceZoneSlice,
			AliquamDocument,
			AliquamDocumentData,
			AliquamDocumentDataGroupItem,
			AliquamDocumentDataSliceZoneFooSlicePrimary,
			AliquamDocumentDataSliceZoneFooSliceItem,
			AliquamDocumentDataSliceZoneSlice,
			VitaeDocument,
			VitaeDocumentData,
			VitaeDocumentDataGroupItem,
			VitaeDocumentDataSliceZoneFooSlicePrimary,
			VitaeDocumentDataSliceZoneFooSliceItem,
			VitaeDocumentDataSliceZoneSlice,
			MiDocument,
			MiDocumentData,
			MiDocumentDataGroupItem,
			MiDocumentDataSliceZoneFooSlicePrimary,
			MiDocumentDataSliceZoneFooSliceItem,
			MiDocumentDataSliceZoneSlice,
			MorbiDocument,
			MorbiDocumentData,
			MorbiDocumentDataGroupItem,
			MorbiDocumentDataSliceZoneFooSlicePrimary,
			MorbiDocumentDataSliceZoneFooSliceItem,
			MorbiDocumentDataSliceZoneSlice,
			AllDocumentTypes,
			PellentesqueSlice,
			PellentesqueSliceTurpisPrimary,
			PellentesqueSliceTurpisItem,
			PellentesqueSliceVariation,
			PellentesqueSliceTurpis,
			EuSlice,
			EuSliceArcuPrimary,
			EuSliceArcuItem,
			EuSliceVariation,
			EuSliceArcu,
			PorttitorSlice,
			PorttitorSliceDolorPrimary,
			PorttitorSliceDolorItem,
			PorttitorSliceVariation,
			PorttitorSliceDolor,
			NibhSlice,
			NibhSliceDuiPrimary,
			NibhSliceDuiItem,
			NibhSliceVariation,
			NibhSliceDui,
			NislSlice,
			NislSliceViverraPrimary,
			NislSliceViverraItem,
			NislSliceVariation,
			NislSliceViverra
		}
	}
}"
`;
